Component: ARM Compiler 5.05 update 1 (build 106) Tool: armlink [4d0efa]

==============================================================================

Section Cross References

    startup_stm32f10x_md.o(STACK) refers (Special) to heapauxi.o(.text) for __use_two_region_memory
    startup_stm32f10x_md.o(HEAP) refers (Special) to heapauxi.o(.text) for __use_two_region_memory
    startup_stm32f10x_md.o(RESET) refers (Special) to heapauxi.o(.text) for __use_two_region_memory
    startup_stm32f10x_md.o(RESET) refers to startup_stm32f10x_md.o(STACK) for __initial_sp
    startup_stm32f10x_md.o(RESET) refers to startup_stm32f10x_md.o(.text) for Reset_Handler
    startup_stm32f10x_md.o(RESET) refers to stm32f10x_it.o(i.NMI_Handler) for NMI_Handler
    startup_stm32f10x_md.o(RESET) refers to stm32f10x_it.o(i.HardFault_Handler) for HardFault_Handler
    startup_stm32f10x_md.o(RESET) refers to stm32f10x_it.o(i.MemManage_Handler) for MemManage_Handler
    startup_stm32f10x_md.o(RESET) refers to stm32f10x_it.o(i.BusFault_Handler) for BusFault_Handler
    startup_stm32f10x_md.o(RESET) refers to stm32f10x_it.o(i.UsageFault_Handler) for UsageFault_Handler
    startup_stm32f10x_md.o(RESET) refers to stm32f10x_it.o(i.SVC_Handler) for SVC_Handler
    startup_stm32f10x_md.o(RESET) refers to stm32f10x_it.o(i.DebugMon_Handler) for DebugMon_Handler
    startup_stm32f10x_md.o(RESET) refers to stm32f10x_it.o(i.PendSV_Handler) for PendSV_Handler
    startup_stm32f10x_md.o(RESET) refers to stm32f10x_it.o(i.SysTick_Handler) for SysTick_Handler
    startup_stm32f10x_md.o(RESET) refers to timer.o(i.TIM2_IRQHandler) for TIM2_IRQHandler
    startup_stm32f10x_md.o(RESET) refers to usart.o(i.USART1_IRQHandler) for USART1_IRQHandler
    startup_stm32f10x_md.o(.text) refers (Special) to heapauxi.o(.text) for __use_two_region_memory
    startup_stm32f10x_md.o(.text) refers to system_stm32f10x.o(i.SystemInit) for SystemInit
    startup_stm32f10x_md.o(.text) refers to __main.o(!!!main) for __main
    startup_stm32f10x_md.o(.text) refers to startup_stm32f10x_md.o(HEAP) for Heap_Mem
    startup_stm32f10x_md.o(.text) refers to startup_stm32f10x_md.o(STACK) for Stack_Mem
    stm32f10x_gpio.o(i.GPIO_AFIODeInit) refers to stm32f10x_rcc.o(i.RCC_APB2PeriphResetCmd) for RCC_APB2PeriphResetCmd
    stm32f10x_gpio.o(i.GPIO_DeInit) refers to stm32f10x_rcc.o(i.RCC_APB2PeriphResetCmd) for RCC_APB2PeriphResetCmd
    stm32f10x_rcc.o(i.RCC_GetClocksFreq) refers to stm32f10x_rcc.o(.data) for APBAHBPrescTable
    stm32f10x_rcc.o(i.RCC_WaitForHSEStartUp) refers to stm32f10x_rcc.o(i.RCC_GetFlagStatus) for RCC_GetFlagStatus
    stm32f10x_usart.o(i.USART_DeInit) refers to stm32f10x_rcc.o(i.RCC_APB2PeriphResetCmd) for RCC_APB2PeriphResetCmd
    stm32f10x_usart.o(i.USART_DeInit) refers to stm32f10x_rcc.o(i.RCC_APB1PeriphResetCmd) for RCC_APB1PeriphResetCmd
    stm32f10x_usart.o(i.USART_Init) refers to stm32f10x_rcc.o(i.RCC_GetClocksFreq) for RCC_GetClocksFreq
    stm32f10x_bkp.o(i.BKP_DeInit) refers to stm32f10x_rcc.o(i.RCC_BackupResetCmd) for RCC_BackupResetCmd
    stm32f10x_pwr.o(i.PWR_DeInit) refers to stm32f10x_rcc.o(i.RCC_APB1PeriphResetCmd) for RCC_APB1PeriphResetCmd
    stm32f10x_rtc.o(i.RTC_SetAlarm) refers to stm32f10x_rtc.o(i.RTC_EnterConfigMode) for RTC_EnterConfigMode
    stm32f10x_rtc.o(i.RTC_SetAlarm) refers to stm32f10x_rtc.o(i.RTC_ExitConfigMode) for RTC_ExitConfigMode
    stm32f10x_rtc.o(i.RTC_SetCounter) refers to stm32f10x_rtc.o(i.RTC_EnterConfigMode) for RTC_EnterConfigMode
    stm32f10x_rtc.o(i.RTC_SetCounter) refers to stm32f10x_rtc.o(i.RTC_ExitConfigMode) for RTC_ExitConfigMode
    stm32f10x_rtc.o(i.RTC_SetPrescaler) refers to stm32f10x_rtc.o(i.RTC_EnterConfigMode) for RTC_EnterConfigMode
    stm32f10x_rtc.o(i.RTC_SetPrescaler) refers to stm32f10x_rtc.o(i.RTC_ExitConfigMode) for RTC_ExitConfigMode
    stm32f10x_tim.o(i.TIM_DeInit) refers to stm32f10x_rcc.o(i.RCC_APB2PeriphResetCmd) for RCC_APB2PeriphResetCmd
    stm32f10x_tim.o(i.TIM_DeInit) refers to stm32f10x_rcc.o(i.RCC_APB1PeriphResetCmd) for RCC_APB1PeriphResetCmd
    stm32f10x_tim.o(i.TIM_ETRClockMode1Config) refers to stm32f10x_tim.o(i.TIM_ETRConfig) for TIM_ETRConfig
    stm32f10x_tim.o(i.TIM_ETRClockMode2Config) refers to stm32f10x_tim.o(i.TIM_ETRConfig) for TIM_ETRConfig
    stm32f10x_tim.o(i.TIM_ICInit) refers to stm32f10x_tim.o(i.TI1_Config) for TI1_Config
    stm32f10x_tim.o(i.TIM_ICInit) refers to stm32f10x_tim.o(i.TIM_SetIC1Prescaler) for TIM_SetIC1Prescaler
    stm32f10x_tim.o(i.TIM_ICInit) refers to stm32f10x_tim.o(i.TI2_Config) for TI2_Config
    stm32f10x_tim.o(i.TIM_ICInit) refers to stm32f10x_tim.o(i.TIM_SetIC2Prescaler) for TIM_SetIC2Prescaler
    stm32f10x_tim.o(i.TIM_ICInit) refers to stm32f10x_tim.o(i.TI3_Config) for TI3_Config
    stm32f10x_tim.o(i.TIM_ICInit) refers to stm32f10x_tim.o(i.TIM_SetIC3Prescaler) for TIM_SetIC3Prescaler
    stm32f10x_tim.o(i.TIM_ICInit) refers to stm32f10x_tim.o(i.TI4_Config) for TI4_Config
[...]
    .text                                    0x080005f8   Section        0  _printf_char_common.o(.text)
    _printf_input_char                       0x080005f9   Thumb Code    10  _printf_char_common.o(.text)
    .text                                    0x08000628   Section        0  _sputc.o(.text)
    .text                                    0x08000632   Section        0  _snputc.o(.text)
    .text                                    0x08000642   Section        0  _printf_char.o(.text)
    .text                                    0x08000670   Section        0  _printf_char_file.o(.text)
    .text                                    0x08000694   Section        0  _printf_wctomb.o(.text)
    .text                                    0x08000750   Section        0  _printf_longlong_dec.o(.text)
    .text                                    0x080007cc   Section        0  _printf_oct_int_ll.o(.text)
    _printf_longlong_oct_internal            0x080007cd   Thumb Code     0  _printf_oct_int_ll.o(.text)
    .text                                    0x0800083c   Section        0  _printf_hex_int_ll_ptr.o(.text)
    _printf_hex_common                       0x0800083d   Thumb Code     0  _printf_hex_int_ll_ptr.o(.text)
    .text                                    0x080008d0   Section      138  lludiv10.o(.text)
    .text                                    0x0800095a   Section        0  _printf_intcommon.o(.text)
    .text                                    0x08000a0c   Section        0  _printf_fp_dec.o(.text)
    _fp_digits                               0x08000a0f   Thumb Code   428  _printf_fp_dec.o(.text)
    .text                                    0x08000e28   Section        0  _printf_fp_hex.o(.text)
    .text                                    0x08001124   Section        0  _printf_wchar.o(.text)
    .text                                    0x08001150   Section        0  ferror.o(.text)
    .text                                    0x08001158   Section        0  _wcrtomb.o(.text)
    .text                                    0x08001198   Section       74  sys_stackheap_outer.o(.text)
    .text                                    0x080011e4   Section       16  rt_ctype_table.o(.text)
    .text                                    0x080011f4   Section        8  rt_locale_intlibspace.o(.text)
    .text                                    0x080011fc   Section        0  _printf_fp_infnan.o(.text)
    .text                                    0x0800127c   Section        0  bigflt0.o(.text)
    .text                                    0x08001358   Section        0  exit.o(.text)
    .text                                    0x08001364   Section        8  libspace.o(.text)
    .text                                    0x0800136c   Section      128  strcmpv7m.o(.text)
    CL$$btod_d2e                             0x080013ec   Section       62  btod.o(CL$$btod_d2e)
    CL$$btod_d2e_denorm_low                  0x0800142a   Section       70  btod.o(CL$$btod_d2e_denorm_low)
    CL$$btod_d2e_norm_op1                    0x08001470   Section       96  btod.o(CL$$btod_d2e_norm_op1)
    CL$$btod_div_common                      0x080014d0   Section      824  btod.o(CL$$btod_div_common)
    CL$$btod_e2e                             0x08001808   Section      198  btod.o(CL$$btod_e2e)
    CL$$btod_ediv                            0x080018ce   Section       40  btod.o(CL$$btod_ediv)
    CL$$btod_emul                            0x080018f6   Section       40  btod.o(CL$$btod_emul)
    CL$$btod_mult_common                     0x0800191e   Section      580  btod.o(CL$$btod_mult_common)
    i.BSP_Init                               0x08001b62   Section        0  tasks.o(i.BSP_Init)
    i.BusFault_Handler                       0x08001b96   Section        0  stm32f10x_it.o(i.BusFault_Handler)
    i.DebugMon_Handler                       0x08001b9a   Section        0  stm32f10x_it.o(i.DebugMon_Handler)
    i.FLASH_PrefetchBufferCmd                0x08001b9c   Section        0  stm32f10x_flash.o(i.FLASH_PrefetchBufferCmd)
    i.FLASH_SetLatency                       0x08001bb8   Section        0  stm32f10x_flash.o(i.FLASH_SetLatency)
    i.GPIO_Funtion_Init                      0x08001bd0   Section        0  gpio.o(i.GPIO_Funtion_Init)
    i.GPIO_Init                              0x08001bfc   Section        0  stm32f10x_gpio.o(i.GPIO_Init)
    i.GPIO_ResetBits                         0x08001d12   Section        0  stm32f10x_gpio.o(i.GPIO_ResetBits)
    i.HardFault_Handler                      0x08001d16   Section        0  stm32f10x_it.o(i.HardFault_Handler)
    i.I2C_MPU6050_Init                       0x08001d1c   Section        0  mpu6050.o(i.I2C_MPU6050_Init)
    i.I2C_NACK                               0x08001d8c   Section        0  mpu6050.o(i.I2C_NACK)
    I2C_NACK                                 0x08001d8d   Thumb Code    64  mpu6050.o(i.I2C_NACK)
    i.I2C_ReadByte                           0x08001dd0   Section        0  mpu6050.o(i.I2C_ReadByte)
    I2C_ReadByte                             0x08001dd1   Thumb Code   102  mpu6050.o(i.I2C_ReadByte)
    i.I2C_Start                              0x08001e3c   Section        0  mpu6050.o(i.I2C_Start)
    I2C_Start                                0x08001e3d   Thumb Code   120  mpu6050.o(i.I2C_Start)
    i.I2C_Stop                               0x08001eb8   Section        0  mpu6050.o(i.I2C_Stop)
    I2C_Stop                                 0x08001eb9   Thumb Code    64  mpu6050.o(i.I2C_Stop)
    i.I2C_WaitAck                            0x08001efc   Section        0  mpu6050.o(i.I2C_WaitAck)
    I2C_WaitAck                              0x08001efd   Thumb Code    96  mpu6050.o(i.I2C_WaitAck)
    i.I2C_WriteByte                          0x08001f60   Section        0  mpu6050.o(i.I2C_WriteByte)
    I2C_WriteByte                            0x08001f61   Thumb Code   106  mpu6050.o(i.I2C_WriteByte)
    i.I2C_delay                              0x08001fd0   Section        0  mpu6050.o(i.I2C_delay)
    I2C_delay                                0x08001fd1   Thumb Code    10  mpu6050.o(i.I2C_delay)
    i.MPU6050_Init                           0x08001fdc   Section        0  mpu6050.o(i.MPU6050_Init)
    i.Manual_Fly_Mode                        0x080020b4   Section        0  control.o(i.Manual_Fly_Mode)
    i.MemManage_Handler                      0x080022b4   Section        0  stm32f10x_it.o(i.MemManage_Handler)
    i.NMI_Handler                            0x080022b8   Section        0  stm32f10x_it.o(i.NMI_Handler)
    i.NVIC_Init                              0x080022bc   Section        0  misc.o(i.NVIC_Init)
    i.NVIC_PriorityGroupConfig               0x0800232c   Section        0  misc.o(i.NVIC_PriorityGroupConfig)
    i.PendSV_Handler                         0x08002340   Section        0  stm32f10x_it.o(i.PendSV_Handler)
    i.RCC_APB1PeriphClockCmd                 0x08002344   Section        0  stm32f10x_rcc.o(i.RCC_APB1PeriphClockCmd)
    i.RCC_APB2PeriphClockCmd                 0x08002364   Section        0  stm32f10x_rcc.o(i.RCC_APB2PeriphClockCmd)
    i.RCC_Configuration                      0x08002384   Section        0  sys.o(i.RCC_Configuration)
    i.RCC_DeInit                             0x080023e8   Section        0  stm32f10x_rcc.o(i.RCC_DeInit)
    i.RCC_GetClocksFreq                      0x08002434   Section        0  stm32f10x_rcc.o(i.RCC_GetClocksFreq)
    i.RCC_GetFlagStatus                      0x08002508   Section        0  stm32f10x_rcc.o(i.RCC_GetFlagStatus)
    i.RCC_GetSYSCLKSource                    0x08002544   Section        0  stm32f10x_rcc.o(i.RCC_GetSYSCLKSource)
    i.RCC_HCLKConfig                         0x08002554   Section        0  stm32f10x_rcc.o(i.RCC_HCLKConfig)
    i.RCC_HSEConfig                          0x0800256c   Section        0  stm32f10x_rcc.o(i.RCC_HSEConfig)
    i.RCC_PCLK1Config                        0x080025b8   Section        0  stm32f10x_rcc.o(i.RCC_PCLK1Config)
    i.RCC_PCLK2Config                        0x080025d0   Section        0  stm32f10x_rcc.o(i.RCC_PCLK2Config)
    i.RCC_PLLCmd                             0x080025e8   Section        0  stm32f10x_rcc.o(i.RCC_PLLCmd)
    i.RCC_PLLConfig                          0x080025f4   Section        0  stm32f10x_rcc.o(i.RCC_PLLConfig)
    i.RCC_SYSCLKConfig                       0x08002610   Section        0  stm32f10x_rcc.o(i.RCC_SYSCLKConfig)
    i.RCC_WaitForHSEStartUp                  0x08002628   Section        0  stm32f10x_rcc.o(i.RCC_WaitForHSEStartUp)
    i.Rc_Recive                              0x08002660   Section        0  rc.o(i.Rc_Recive)
    i.SVC_Handler                            0x0800275c   Section        0  stm32f10x_it.o(i.SVC_Handler)
    i.SetSysClock                            0x0800275e   Section        0  system_stm32f10x.o(i.SetSysClock)
    SetSysClock                              0x0800275f   Thumb Code     8  system_stm32f10x.o(i.SetSysClock)
    i.SetSysClockTo72                        0x08002768   Section        0  system_stm32f10x.o(i.SetSysClockTo72)
    SetSysClockTo72                          0x08002769   Thumb Code   214  system_stm32f10x.o(i.SetSysClockTo72)
    i.Single_ReadI2C                         0x08002848   Section        0  mpu6050.o(i.Single_ReadI2C)
    Single_ReadI2C                           0x08002849   Thumb Code    76  mpu6050.o(i.Single_ReadI2C)
    i.Single_WriteI2C                        0x08002894   Section        0  mpu6050.o(i.Single_WriteI2C)
    Single_WriteI2C                          0x08002895   Thumb Code    64  mpu6050.o(i.Single_WriteI2C)
    i.SysTick_Handler                        0x080028d4   Section        0  stm32f10x_it.o(i.SysTick_Handler)
    i.SystemInit                             0x080028d8   Section        0  system_stm32f10x.o(i.SystemInit)
    i.TI1_Config                             0x08002938   Section        0  stm32f10x_tim.o(i.TI1_Config)
    TI1_Config                               0x08002939   Thumb Code   108  stm32f10x_tim.o(i.TI1_Config)
    i.TI2_Config                             0x080029b8   Section        0  stm32f10x_tim.o(i.TI2_Config)
    TI2_Config                               0x080029b9   Thumb Code   130  stm32f10x_tim.o(i.TI2_Config)
    i.TI3_Config                             0x08002a50   Section        0  stm32f10x_tim.o(i.TI3_Config)
    TI3_Config                               0x08002a51   Thumb Code   122  stm32f10x_tim.o(i.TI3_Config)
    i.TI4_Config                             0x08002ae0   Section        0  stm32f10x_tim.o(i.TI4_Config)
    TI4_Config                               0x08002ae1   Thumb Code   130  stm32f10x_tim.o(i.TI4_Config)
    i.TIM2_Cap_Init                          0x08002b78   Section        0  timer.o(i.TIM2_Cap_Init)
    i.TIM2_IRQHandler                        0x08002c98   Section        0  timer.o(i.TIM2_IRQHandler)
    i.TIM4_PWM_Init                          0x08002f8c   Section        0  pwm.o(i.TIM4_PWM_Init)
    i.TIM_ClearITPendingBit                  0x08003080   Section        0  stm32f10x_tim.o(i.TIM_ClearITPendingBit)
    i.TIM_Cmd                                0x08003086   Section        0  stm32f10x_tim.o(i.TIM_Cmd)
    i.TIM_GetCapture1                        0x0800309e   Section        0  stm32f10x_tim.o(i.TIM_GetCapture1)
    i.TIM_GetCapture2                        0x080030a4   Section        0  stm32f10x_tim.o(i.TIM_GetCapture2)
    i.TIM_GetCapture3                        0x080030aa   Section        0  stm32f10x_tim.o(i.TIM_GetCapture3)
    i.TIM_GetCapture4                        0x080030b0   Section        0  stm32f10x_tim.o(i.TIM_GetCapture4)
    i.TIM_GetITStatus                        0x080030b8   Section        0  stm32f10x_tim.o(i.TIM_GetITStatus)
    i.TIM_ICInit                             0x080030dc   Section        0  stm32f10x_tim.o(i.TIM_ICInit)
    i.TIM_ITConfig                           0x08003188   Section        0  stm32f10x_tim.o(i.TIM_ITConfig)
    i.TIM_OC1Init                            0x0800319c   Section        0  stm32f10x_tim.o(i.TIM_OC1Init)
    i.TIM_OC1PolarityConfig                  0x08003234   Section        0  stm32f10x_tim.o(i.TIM_OC1PolarityConfig)
    i.TIM_OC1PreloadConfig                   0x08003246   Section        0  stm32f10x_tim.o(i.TIM_OC1PreloadConfig)
    i.TIM_OC2Init                            0x08003258   Section        0  stm32f10x_tim.o(i.TIM_OC2Init)
    i.TIM_OC2PolarityConfig                  0x080032fc   Section        0  stm32f10x_tim.o(i.TIM_OC2PolarityConfig)
    i.TIM_OC2PreloadConfig                   0x08003316   Section        0  stm32f10x_tim.o(i.TIM_OC2PreloadConfig)
    i.TIM_OC3Init                            0x08003330   Section        0  stm32f10x_tim.o(i.TIM_OC3Init)
    i.TIM_OC3PolarityConfig                  0x080033d0   Section        0  stm32f10x_tim.o(i.TIM_OC3PolarityConfig)
    i.TIM_OC3PreloadConfig                   0x080033ea   Section        0  stm32f10x_tim.o(i.TIM_OC3PreloadConfig)
    i.TIM_OC4Init                            0x080033fc   Section        0  stm32f10x_tim.o(i.TIM_OC4Init)
    i.TIM_OC4PolarityConfig                  0x08003478   Section        0  stm32f10x_tim.o(i.TIM_OC4PolarityConfig)
    i.TIM_OC4PreloadConfig                   0x08003492   Section        0  stm32f10x_tim.o(i.TIM_OC4PreloadConfig)
    i.TIM_SetCompare1                        0x080034ac   Section        0  stm32f10x_tim.o(i.TIM_SetCompare1)
    i.TIM_SetCompare2                        0x080034b0   Section        0  stm32f10x_tim.o(i.TIM_SetCompare2)
    i.TIM_SetCompare3                        0x080034b4   Section        0  stm32f10x_tim.o(i.TIM_SetCompare3)
    i.TIM_SetCompare4                        0x080034b8   Section        0  stm32f10x_tim.o(i.TIM_SetCompare4)
    i.TIM_SetCounter                         0x080034be   Section        0  stm32f10x_tim.o(i.TIM_SetCounter)
    i.TIM_SetIC1Prescaler                    0x080034c2   Section        0  stm32f10x_tim.o(i.TIM_SetIC1Prescaler)
    i.TIM_SetIC2Prescaler                    0x080034d4   Section        0  stm32f10x_tim.o(i.TIM_SetIC2Prescaler)
    i.TIM_SetIC3Prescaler                    0x080034ee   Section        0  stm32f10x_tim.o(i.TIM_SetIC3Prescaler)
    i.TIM_SetIC4Prescaler                    0x08003500   Section        0  stm32f10x_tim.o(i.TIM_SetIC4Prescaler)
    i.TIM_TimeBaseInit                       0x0800351c   Section        0  stm32f10x_tim.o(i.TIM_TimeBaseInit)
    i.Task_Loop                              0x080035c0   Section        0  tasks.o(i.Task_Loop)
    i.USART1_IRQHandler                      0x080035cc   Section        0  usart.o(i.USART1_IRQHandler)
    i.USART1_Init                            0x080035f4   Section        0  usart.o(i.USART1_Init)
    i.USART1_printf                          0x08003694   Section        0  usart.o(i.USART1_printf)
    i.USART_Cmd                              0x080036ec   Section        0  stm32f10x_usart.o(i.USART_Cmd)
    i.USART_GetFlagStatus                    0x08003704   Section        0  stm32f10x_usart.o(i.USART_GetFlagStatus)
    i.USART_GetITStatus                      0x0800371e   Section        0  stm32f10x_usart.o(i.USART_GetITStatus)
    i.USART_ITConfig                         0x08003772   Section        0  stm32f10x_usart.o(i.USART_ITConfig)
    i.USART_Init                             0x080037bc   Section        0  stm32f10x_usart.o(i.USART_Init)
    i.USART_ReceiveData                      0x08003894   Section        0  stm32f10x_usart.o(i.USART_ReceiveData)
    i.USART_SendData                         0x0800389e   Section        0  stm32f10x_usart.o(i.USART_SendData)
    i.UsageFault_Handler                     0x080038a6   Section        0  stm32f10x_it.o(i.UsageFault_Handler)
    i.__ARM_fpclassify                       0x080038aa   Section        0  fpclassify.o(i.__ARM_fpclassify)
    i._is_digit                              0x080038d2   Section        0  __printf_wp.o(i._is_digit)
    i._sys_exit                              0x080038e0   Section        0  usart.o(i._sys_exit)
    i.fputc                                  0x080038e4   Section        0  usart.o(i.fputc)
    i.main                                   0x08003900   Section        0  main.o(i.main)
    locale$$code                             0x08003910   Section       44  lc_numeric_c.o(locale$$code)
    locale$$code                             0x0800393c   Section       44  lc_ctype_c.o(locale$$code)
    x$fpl$printf1                            0x08003968   Section        4  printf1.o(x$fpl$printf1)
    x$fpl$printf2                            0x0800396c   Section        4  printf2.o(x$fpl$printf2)
    .constdata                               0x08003970   Section       17  __printf_flags_ss_wp.o(.constdata)
    x$fpl$usenofp                            0x08003970   Section        0  usenofp.o(x$fpl$usenofp)
    maptable                                 0x08003970   Data          17  __printf_flags_ss_wp.o(.constdata)
    .constdata                               0x08003984   Section        8  _printf_wctomb.o(.constdata)
    initial_mbstate                          0x08003984   Data           8  _printf_wctomb.o(.constdata)
    .constdata                               0x0800398c   Section       40  _printf_hex_int_ll_ptr.o(.constdata)
    uc_hextab                                0x0800398c   Data          20  _printf_hex_int_ll_ptr.o(.constdata)
    lc_hextab                                0x080039a0   Data          20  _printf_hex_int_ll_ptr.o(.constdata)
    .constdata                               0x080039b4   Section       38  _printf_fp_hex.o(.constdata)
    lc_hextab                                0x080039b4   Data          19  _printf_fp_hex.o(.constdata)
    uc_hextab                                0x080039c7   Data          19  _printf_fp_hex.o(.constdata)
    .constdata                               0x080039dc   Section      148  bigflt0.o(.constdata)
    tenpwrs_x                                0x080039dc   Data          60  bigflt0.o(.constdata)
    tenpwrs_i                                0x08003a18   Data          64  bigflt0.o(.constdata)
    locale$$data                             0x08003a90   Section       28  lc_numeric_c.o(locale$$data)
    __lcnum_c_name                           0x08003a94   Data           2  lc_numeric_c.o(locale$$data)
    __lcnum_c_start                          0x08003a9c   Data           0  lc_numeric_c.o(locale$$data)
    __lcnum_c_point                          0x08003aa8   Data           0  lc_numeric_c.o(locale$$data)
    __lcnum_c_thousands                      0x08003aaa   Data           0  lc_numeric_c.o(locale$$data)
    __lcnum_c_grouping                       0x08003aab   Data           0  lc_numeric_c.o(locale$$data)
    locale$$data                             0x08003aac   Section      272  lc_ctype_c.o(locale$$data)
    __lcnum_c_end                            0x08003aac   Data           0  lc_numeric_c.o(locale$$data)
    __lcctype_c_name                         0x08003ab0   Data           2  lc_ctype_c.o(locale$$data)
    __lcctype_c_start                        0x08003ab8   Data           0  lc_ctype_c.o(locale$$data)
    __lcctype_c_end                          0x08003bbc   Data           0  lc_ctype_c.o(locale$$data)
    .data                                    0x20000000   Section       20  stm32f10x_rcc.o(.data)
    APBAHBPrescTable                         0x20000000   Data          16  stm32f10x_rcc.o(.data)
    ADCPrescTable                            0x20000010   Data           4  stm32f10x_rcc.o(.data)
    .data                                    0x20000014   Section       20  control.o(.data)
    .data                                    0x20000028   Section       16  rc.o(.data)
    .data                                    0x20000038   Section       16  timer.o(.data)
    .data                                    0x20000048   Section        6  usart.o(.data)
    .bss                                     0x20000050   Section       10  timer.o(.bss)
    .bss                                     0x2000005c   Section       96  libspace.o(.bss)
    HEAP                                     0x200000c0   Section      512  startup_stm32f10x_md.o(HEAP)
    Heap_Mem                                 0x200000c0   Data         512  startup_stm32f10x_md.o(HEAP)
    STACK                                    0x200002c0   Section     1024  startup_stm32f10x_md.o(STACK)
    Stack_Mem                                0x200002c0   Data        1024  startup_stm32f10x_md.o(STACK)
    __initial_sp                             0x200006c0   Data           0  startup_stm32f10x_md.o(STACK)

    Global Symbols

    Symbol Name                              Value     Ov Type        Size  Object(Section)

    BuildAttributes$$THM_ISAv4$P$D$K$B$S$PE$A:L22UL41UL21$X:L11$S22US41US21$IEEE1$IW$USESV6$~STKCKD$USESV7$~SHL$OTIME$ROPI$IEEEJ$EBA8$UX$STANDARDLIB$REQ8$PRES8$EABIv2 0x00000000   Number         0  anon$$obj.o ABSOLUTE
    __ARM_use_no_argv                        0x00000000   Number         0  main.o ABSOLUTE
    _printf_flags                            0x00000000   Number         0  printf_stubs.o ABSOLUTE
    _printf_return_value                     0x00000000   Number         0  printf_stubs.o ABSOLUTE
    _printf_sizespec                         0x00000000   Number         0  printf_stubs.o ABSOLUTE
    _printf_widthprec                        0x00000000   Number         0  printf_stubs.o ABSOLUTE
    __ARM_exceptions_init                     - Undefined Weak Reference
    __alloca_initialize                       - Undefined Weak Reference
    __arm_preinit_                            - Undefined Weak Reference
    __cpp_initialize__aeabi_                  - Undefined Weak Reference
    __cxa_finalize                            - Undefined Weak Reference
    __sigvec_lookup                           - Undefined Weak Reference
    _atexit_init                              - Undefined Weak Reference
    _call_atexit_fns                          - Undefined Weak Reference
    _clock_init                               - Undefined Weak Reference
    _fp_trap_init                             - Undefined Weak Reference
    _fp_trap_shutdown                         - Undefined Weak Reference
    _get_lc_collate                           - Undefined Weak Reference
    _get_lc_monetary                          - Undefined Weak Reference
    _get_lc_time                              - Undefined Weak Reference
    _getenv_init                              - Undefined Weak Reference
    _handle_redirection                       - Undefined Weak Reference
    _init_alloc                               - Undefined Weak Reference
    _init_user_alloc                          - Undefined Weak Reference
    _initio                                   - Undefined Weak Reference
    _mutex_acquire                            - Undefined Weak Reference
    _mutex_release                            - Undefined Weak Reference
    _printf_mbtowc                            - Undefined Weak Reference
    _printf_wc                                - Undefined Weak Reference
    _rand_init                                - Undefined Weak Reference
    _signal_finish                            - Undefined Weak Reference
    _signal_init                              - Undefined Weak Reference
    _terminate_alloc                          - Undefined Weak Reference
    _terminate_user_alloc                     - Undefined Weak Reference
    _terminateio                              - Undefined Weak Reference
    __Vectors_Size                           0x000000ec   Number         0  startup_stm32f10x_md.o ABSOLUTE
    __Vectors                                0x08000000   Data           4  startup_stm32f10x_md.o(RESET)
    __Vectors_End                            0x080000ec   Data           0  startup_stm32f10x_md.o(RESET)
    __main                                   0x080000ed   Thumb Code     8  __main.o(!!!main)
    __scatterload                            0x080000f5   Thumb Code     0  __scatter.o(!!!scatter)
    __scatterload_rt2                        0x080000f5   Thumb Code    44  __scatter.o(!!!scatter)
    __scatterload_rt2_thumb_only             0x080000f5   Thumb Code     0  __scatter.o(!!!scatter)
    __scatterload_null                       0x08000103   Thumb Code     0  __scatter.o(!!!scatter)
    __scatterload_copy                       0x08000129   Thumb Code    26  __scatter_copy.o(!!handler_copy)
    __scatterload_zeroinit                   0x08000145   Thumb Code    28  __scatter_zi.o(!!handler_zi)
    _printf_n                                0x08000161   Thumb Code     0  _printf_n.o(.ARM.Collect$$_printf_percent$$00000001)
    _printf_percent                          0x08000161   Thumb Code     0  _printf_percent.o(.ARM.Collect$$_printf_percent$$00000000)
    _printf_p                                0x08000167   Thumb Code     0  _printf_p.o(.ARM.Collect$$_printf_percent$$00000002)
    _printf_f                                0x0800016d   Thumb Code     0  _printf_f.o(.ARM.Collect$$_printf_percent$$00000003)
    _printf_e                                0x08000173   Thumb Code     0  _printf_e.o(.ARM.Collect$$_printf_percent$$00000004)
    _printf_g                                0x08000179   Thumb Code     0  _printf_g.o(.ARM.Collect$$_printf_percent$$00000005)
    _printf_a                                0x0800017f   Thumb Code     0  _printf_a.o(.ARM.Collect$$_printf_percent$$00000006)
    _printf_ll                               0x08000185   Thumb Code     0  _printf_ll.o(.ARM.Collect$$_printf_percent$$00000007)
    _printf_i                                0x0800018f   Thumb Code     0  _printf_i.o(.ARM.Collect$$_printf_percent$$00000008)
    _printf_d                                0x08000195   Thumb Code     0  _printf_d.o(.ARM.Collect$$_printf_percent$$00000009)
    _printf_u                                0x0800019b   Thumb Code     0  _printf_u.o(.ARM.Collect$$_printf_percent$$0000000A)
    _printf_o                                0x080001a1   Thumb Code     0  _printf_o.o(.ARM.Collect$$_printf_percent$$0000000B)
    _printf_x                                0x080001a7   Thumb Code     0  _printf_x.o(.ARM.Collect$$_printf_percent$$0000000C)
    _printf_lli                              0x080001ad   Thumb Code     0  _printf_lli.o(.ARM.Collect$$_printf_percent$$0000000D)
    _printf_lld                              0x080001b3   Thumb Code     0  _printf_lld.o(.ARM.Collect$$_printf_percent$$0000000E)
    _printf_llu                              0x080001b9   Thumb Code     0  _printf_llu.o(.ARM.Collect$$_printf_percent$$0000000F)
    _printf_llo                              0x080001bf   Thumb Code     0  _printf_llo.o(.ARM.Collect$$_printf_percent$$00000010)
    _printf_llx                              0x080001c5   Thumb Code     0  _printf_llx.o(.ARM.Collect$$_printf_percent$$00000011)
    _printf_l                                0x080001cb   Thumb Code     0  _printf_l.o(.ARM.Collect$$_printf_percent$$00000012)
    _printf_c                                0x080001d5   Thumb Code     0  _printf_c.o(.ARM.Collect$$_printf_percent$$00000013)
    _printf_s                                0x080001db   Thumb Code     0  _printf_s.o(.ARM.Collect$$_printf_percent$$00000014)
    _printf_lc                               0x080001e1   Thumb Code     0  _printf_lc.o(.ARM.Collect$$_printf_percent$$00000015)
    _printf_ls                               0x080001e7   Thumb Code     0  _printf_ls.o(.ARM.Collect$$_printf_percent$$00000016)
    _printf_percent_end                      0x080001ed   Thumb Code     0  _printf_percent_end.o(.ARM.Collect$$_printf_percent$$00000017)
    __rt_lib_init                            0x080001f1   Thumb Code     0  libinit.o(.ARM.Collect$$libinit$$00000000)
    __rt_lib_init_fp_1                       0x080001f3   Thumb Code     0  libinit2.o(.ARM.Collect$$libinit$$00000002)
    __rt_lib_init_heap_1                     0x080001f3   Thumb Code     0  libinit2.o(.ARM.Collect$$libinit$$0000000A)
    __rt_lib_init_lc_common                  0x080001f3   Thumb Code     0  libinit2.o(.ARM.Collect$$libinit$$0000000F)
    __rt_lib_init_preinit_1                  0x080001f3   Thumb Code     0  libinit2.o(.ARM.Collect$$libinit$$00000004)
    __rt_lib_init_rand_1                     0x080001f3   Thumb Code     0  libinit2.o(.ARM.Collect$$libinit$$0000000E)
    __rt_lib_init_user_alloc_1               0x080001f3   Thumb Code     0  libinit2.o(.ARM.Collect$$libinit$$0000000C)
    __rt_lib_init_lc_collate_1               0x080001f9   Thumb Code     0  libinit2.o(.ARM.Collect$$libinit$$00000011)
    __rt_lib_init_lc_ctype_2                 0x080001f9   Thumb Code     0  libinit2.o(.ARM.Collect$$libinit$$00000012)
    __rt_lib_init_lc_ctype_1                 0x08000205   Thumb Code     0  libinit2.o(.ARM.Collect$$libinit$$00000013)
    __rt_lib_init_lc_monetary_1              0x08000205   Thumb Code     0  libinit2.o(.ARM.Collect$$libinit$$00000015)
    __rt_lib_init_lc_numeric_2               0x08000205   Thumb Code     0  libinit2.o(.ARM.Collect$$libinit$$00000016)
    __rt_lib_init_alloca_1                   0x0800020f   Thumb Code     0  libinit2.o(.ARM.Collect$$libinit$$0000002E)
    __rt_lib_init_argv_1                     0x0800020f   Thumb Code     0  libinit2.o(.ARM.Collect$$libinit$$0000002C)
    __rt_lib_init_atexit_1                   0x0800020f   Thumb Code     0  libinit2.o(.ARM.Collect$$libinit$$0000001B)
    __rt_lib_init_clock_1                    0x0800020f   Thumb Code     0  libinit2.o(.ARM.Collect$$libinit$$00000021)
    __rt_lib_init_cpp_1                      0x0800020f   Thumb Code     0  libinit2.o(.ARM.Collect$$libinit$$00000032)
    __rt_lib_init_exceptions_1               0x0800020f   Thumb Code     0  libinit2.o(.ARM.Collect$$libinit$$00000030)
    __rt_lib_init_fp_trap_1                  0x0800020f   Thumb Code     0  libinit2.o(.ARM.Collect$$libinit$$0000001F)
    __rt_lib_init_getenv_1                   0x0800020f   Thumb Code     0  libinit2.o(.ARM.Collect$$libinit$$00000023)
    __rt_lib_init_lc_numeric_1               0x0800020f   Thumb Code     0  libinit2.o(.ARM.Collect$$libinit$$00000017)
    __rt_lib_init_lc_time_1                  0x0800020f   Thumb Code     0  libinit2.o(.ARM.Collect$$libinit$$00000019)
    __rt_lib_init_return                     0x0800020f   Thumb Code     0  libinit2.o(.ARM.Collect$$libinit$$00000033)
    __rt_lib_init_signal_1                   0x0800020f   Thumb Code     0  libinit2.o(.ARM.Collect$$libinit$$0000001D)
    __rt_lib_init_stdio_1                    0x0800020f   Thumb Code     0  libinit2.o(.ARM.Collect$$libinit$$00000025)
    __rt_lib_shutdown                        0x08000211   Thumb Code     0  libshutdown.o(.ARM.Collect$$libshutdown$$00000000)
    __rt_lib_shutdown_fp_trap_1              0x08000213   Thumb Code     0  libshutdown2.o(.ARM.Collect$$libshutdown$$00000006)
    __rt_lib_shutdown_heap_1                 0x08000213   Thumb Code     0  libshutdown2.o(.ARM.Collect$$libshutdown$$0000000E)
    __rt_lib_shutdown_return                 0x08000213   Thumb Code     0  libshutdown2.o(.ARM.Collect$$libshutdown$$0000000F)
    __rt_lib_shutdown_signal_1               0x08000213   Thumb Code     0  libshutdown2.o(.ARM.Collect$$libshutdown$$00000009)
    __rt_lib_shutdown_stdio_1                0x08000213   Thumb Code     0  libshutdown2.o(.ARM.Collect$$libshutdown$$00000003)
    __rt_lib_shutdown_user_alloc_1           0x08000213   Thumb Code     0  libshutdown2.o(.ARM.Collect$$libshutdown$$0000000B)
    __rt_entry                               0x08000215   Thumb Code     0  __rtentry.o(.ARM.Collect$$rtentry$$00000000)
    __rt_entry_presh_1                       0x08000215   Thumb Code     0  __rtentry2.o(.ARM.Collect$$rtentry$$00000002)
    __rt_entry_sh                            0x08000215   Thumb Code     0  __rtentry4.o(.ARM.Collect$$rtentry$$00000004)
    __rt_entry_li                            0x0800021b   Thumb Code     0  __rtentry2.o(.ARM.Collect$$rtentry$$0000000A)
    __rt_entry_postsh_1                      0x0800021b   Thumb Code     0  __rtentry2.o(.ARM.Collect$$rtentry$$00000009)
    __rt_entry_main                          0x0800021f   Thumb Code     0  __rtentry2.o(.ARM.Collect$$rtentry$$0000000D)
    __rt_entry_postli_1                      0x0800021f   Thumb Code     0  __rtentry2.o(.ARM.Collect$$rtentry$$0000000C)
    __rt_exit                                0x08000227   Thumb Code     0  rtexit.o(.ARM.Collect$$rtexit$$00000000)
    __rt_exit_ls                             0x08000229   Thumb Code     0  rtexit2.o(.ARM.Collect$$rtexit$$00000003)
    __rt_exit_prels_1                        0x08000229   Thumb Code     0  rtexit2.o(.ARM.Collect$$rtexit$$00000002)
    __rt_exit_exit                           0x0800022d   Thumb Code     0  rtexit2.o(.ARM.Collect$$rtexit$$00000004)
    Reset_Handler                            0x08000235   Thumb Code     8  startup_stm32f10x_md.o(.text)
    ADC1_2_IRQHandler                        0x0800024f   Thumb Code     0  startup_stm32f10x_md.o(.text)
    CAN1_RX1_IRQHandler                      0x0800024f   Thumb Code     0  startup_stm32f10x_md.o(.text)
    CAN1_SCE_IRQHandler                      0x0800024f   Thumb Code     0  startup_stm32f10x_md.o(.text)
    DMA1_Channel1_IRQHandler                 0x0800024f   Thumb Code     0  startup_stm32f10x_md.o(.text)
    DMA1_Channel2_IRQHandler                 0x0800024f   Thumb Code     0  startup_stm32f10x_md.o(.text)
    DMA1_Channel3_IRQHandler                 0x0800024f   Thumb Code     0  startup_stm32f10x_md.o(.text)
    DMA1_Channel4_IRQHandler                 0x0800024f   Thumb Code     0  startup_stm32f10x_md.o(.text)
    DMA1_Channel5_IRQHandler                 0x0800024f   Thumb Code     0  startup_stm32f10x_md.o(.text)
    DMA1_Channel6_IRQHandler                 0x0800024f   Thumb Code     0  startup_stm32f10x_md.o(.text)
    DMA1_Channel7_IRQHandler                 0x0800024f   Thumb Code     0  startup_stm32f10x_md.o(.text)
    EXTI0_IRQHandler                         0x0800024f   Thumb Code     0  startup_stm32f10x_md.o(.text)
    EXTI15_10_IRQHandler                     0x0800024f   Thumb Code     0  startup_stm32f10x_md.o(.text)
    EXTI1_IRQHandler                         0x0800024f   Thumb Code     0  startup_stm32f10x_md.o(.text)
    EXTI2_IRQHandler                         0x0800024f   Thumb Code     0  startup_stm32f10x_md.o(.text)
    EXTI3_IRQHandler                         0x0800024f   Thumb Code     0  startup_stm32f10x_md.o(.text)
    EXTI4_IRQHandler                         0x0800024f   Thumb Code     0  startup_stm32f10x_md.o(.text)
    EXTI9_5_IRQHandler                       0x0800024f   Thumb Code     0  startup_stm32f10x_md.o(.text)
    FLASH_IRQHandler                         0x0800024f   Thumb Code     0  startup_stm32f10x_md.o(.text)
    I2C1_ER_IRQHandler                       0x0800024f   Thumb Code     0  startup_stm32f10x_md.o(.text)
    I2C1_EV_IRQHandler                       0x0800024f   Thumb Code     0  startup_stm32f10x_md.o(.text)
    I2C2_ER_IRQHandler                       0x0800024f   Thumb Code     0  startup_stm32f10x_md.o(.text)
    I2C2_EV_IRQHandler                       0x0800024f   Thumb Code     0  startup_stm32f10x_md.o(.text)
    PVD_IRQHandler                           0x0800024f   Thumb Code     0  startup_stm32f10x_md.o(.text)
    RCC_IRQHandler                           0x0800024f   Thumb Code     0  startup_stm32f10x_md.o(.text)
    RTCAlarm_IRQHandler                      0x0800024f   Thumb Code     0  startup_stm32f10x_md.o(.text)
    RTC_IRQHandler                           0x0800024f   Thumb Code     0  startup_stm32f10x_md.o(.text)
    SPI1_IRQHandler                          0x0800024f   Thumb Code     0  startup_stm32f10x_md.o(.text)
    SPI2_IRQHandler                          0x0800024f   Thumb Code     0  startup_stm32f10x_md.o(.text)
    TAMPER_IRQHandler                        0x0800024f   Thumb Code     0  startup_stm32f10x_md.o(.text)
    TIM1_BRK_IRQHandler                      0x0800024f   Thumb Code     0  startup_stm32f10x_md.o(.text)
    TIM1_CC_IRQHandler                       0x0800024f   Thumb Code     0  startup_stm32f10x_md.o(.text)
    TIM1_TRG_COM_IRQHandler                  0x0800024f   Thumb Code     0  startup_stm32f10x_md.o(.text)
    TIM1_UP_IRQHandler                       0x0800024f   Thumb Code     0  startup_stm32f10x_md.o(.text)
    TIM3_IRQHandler                          0x0800024f   Thumb Code     0  startup_stm32f10x_md.o(.text)
    TIM4_IRQHandler                          0x0800024f   Thumb Code     0  startup_stm32f10x_md.o(.text)
    USART2_IRQHandler                        0x0800024f   Thumb Code     0  startup_stm32f10x_md.o(.text)
    USART3_IRQHandler                        0x0800024f   Thumb Code     0  startup_stm32f10x_md.o(.text)
    USBWakeUp_IRQHandler                     0x0800024f   Thumb Code     0  startup_stm32f10x_md.o(.text)
    USB_HP_CAN1_TX_IRQHandler                0x0800024f   Thumb Code     0  startup_stm32f10x_md.o(.text)
    USB_LP_CAN1_RX0_IRQHandler               0x0800024f   Thumb Code     0  startup_stm32f10x_md.o(.text)
    WWDG_IRQHandler                          0x0800024f   Thumb Code     0  startup_stm32f10x_md.o(.text)
    __user_initial_stackheap                 0x08000251   Thumb Code     0  startup_stm32f10x_md.o(.text)
    __use_no_semihosting                     0x08000275   Thumb Code     2  use_no_semi_2.o(.text)
    vsnprintf                                0x08000279   Thumb Code    48  vsnprintf.o(.text)
    __2printf                                0x080002ad   Thumb Code    20  __2printf.o(.text)
    _printf_str                              0x080002c5   Thumb Code    82  _printf_str.o(.text)
    __printf                                 0x08000319   Thumb Code   388  __printf_flags_ss_wp.o(.text)
    strlen                                   0x080004a1   Thumb Code    62  strlen.o(.text)
    __use_two_region_memory                  0x080004df   Thumb Code     2  heapauxi.o(.text)
    __rt_heap_escrow$2region                 0x080004e1   Thumb Code     2  heapauxi.o(.text)
    __rt_heap_expand$2region                 0x080004e3   Thumb Code     2  heapauxi.o(.text)
    __I$use$semihosting                      0x080004e5   Thumb Code     0  use_no_semi.o(.text)
    __use_no_semihosting_swi                 0x080004e5   Thumb Code     2  use_no_semi.o(.text)
    _printf_pre_padding                      0x080004e7   Thumb Code    44  _printf_pad.o(.text)
    _printf_post_padding                     0x08000513   Thumb Code    34  _printf_pad.o(.text)
    _printf_truncate_signed                  0x08000535   Thumb Code    18  _printf_truncate.o(.text)
    _printf_truncate_unsigned                0x08000547   Thumb Code    18  _printf_truncate.o(.text)
    _printf_int_dec                          0x08000559   Thumb Code   104  _printf_dec.o(.text)
    _printf_charcount                        0x080005d1   Thumb Code    40  _printf_charcount.o(.text)
    _printf_char_common                      0x08000603   Thumb Code    32  _printf_char_common.o(.text)
    _sputc                                   0x08000629   Thumb Code    10  _sputc.o(.text)
    _snputc                                  0x08000633   Thumb Code    16  _snputc.o(.text)
    _printf_cs_common                        0x08000643   Thumb Code    20  _printf_char.o(.text)
    _printf_char                             0x08000657   Thumb Code    16  _printf_char.o(.text)
    _printf_string                           0x08000667   Thumb Code     8  _printf_char.o(.text)
    _printf_char_file                        0x08000671   Thumb Code    32  _printf_char_file.o(.text)
    _printf_wctomb                           0x08000695   Thumb Code   182  _printf_wctomb.o(.text)
    _printf_longlong_dec                     0x08000751   Thumb Code   108  _printf_longlong_dec.o(.text)
    _printf_longlong_oct                     0x080007cd   Thumb Code    68  _printf_oct_int_ll.o(.text)
    _printf_int_oct                          0x08000811   Thumb Code    24  _printf_oct_int_ll.o(.text)
    _printf_ll_oct                           0x08000829   Thumb Code    12  _printf_oct_int_ll.o(.text)
    _printf_longlong_hex                     0x0800083d   Thumb Code    86  _printf_hex_int_ll_ptr.o(.text)
    _printf_int_hex                          0x08000893   Thumb Code    28  _printf_hex_int_ll_ptr.o(.text)
    _printf_ll_hex                           0x080008af   Thumb Code    12  _printf_hex_int_ll_ptr.o(.text)
    _printf_hex_ptr                          0x080008bb   Thumb Code    18  _printf_hex_int_ll_ptr.o(.text)
    _ll_udiv10                               0x080008d1   Thumb Code   138  lludiv10.o(.text)
    _printf_int_common                       0x0800095b   Thumb Code   178  _printf_intcommon.o(.text)
    __lib_sel_fp_printf                      0x08000a0d   Thumb Code     2  _printf_fp_dec.o(.text)
    _printf_fp_dec_real                      0x08000bbb   Thumb Code   620  _printf_fp_dec.o(.text)
    _printf_fp_hex_real                      0x08000e29   Thumb Code   754  _printf_fp_hex.o(.text)
    _printf_lcs_common                       0x08001125   Thumb Code    20  _printf_wchar.o(.text)
    _printf_wchar                            0x08001139   Thumb Code    16  _printf_wchar.o(.text)
    _printf_wstring                          0x08001149   Thumb Code     8  _printf_wchar.o(.text)
    ferror                                   0x08001151   Thumb Code     8  ferror.o(.text)
    _wcrtomb                                 0x08001159   Thumb Code    64  _wcrtomb.o(.text)
    __user_setup_stackheap                   0x08001199   Thumb Code    74  sys_stackheap_outer.o(.text)
    __rt_ctype_table                         0x080011e5   Thumb Code    16  rt_ctype_table.o(.text)
    __rt_locale                              0x080011f5   Thumb Code     8  rt_locale_intlibspace.o(.text)
    _printf_fp_infnan                        0x080011fd   Thumb Code   112  _printf_fp_infnan.o(.text)
    _btod_etento                             0x0800127d   Thumb Code   216  bigflt0.o(.text)
    exit                                     0x08001359   Thumb Code    12  exit.o(.text)
    __user_libspace                          0x08001365   Thumb Code     8  libspace.o(.text)
    __user_perproc_libspace                  0x08001365   Thumb Code     0  libspace.o(.text)
    __user_perthread_libspace                0x08001365   Thumb Code     0  libspace.o(.text)
    strcmp                                   0x0800136d   Thumb Code   128  strcmpv7m.o(.text)
    _btod_d2e                                0x080013ed   Thumb Code    62  btod.o(CL$$btod_d2e)
    _d2e_denorm_low                          0x0800142b   Thumb Code    70  btod.o(CL$$btod_d2e_denorm_low)
    _d2e_norm_op1                            0x08001471   Thumb Code    96  btod.o(CL$$btod_d2e_norm_op1)
    __btod_div_common                        0x080014d1   Thumb Code   696  btod.o(CL$$btod_div_common)
    _e2e                                     0x08001809   Thumb Code   198  btod.o(CL$$btod_e2e)
    _btod_ediv                               0x080018cf   Thumb Code    40  btod.o(CL$$btod_ediv)
    _btod_emul                               0x080018f7   Thumb Code    40  btod.o(CL$$btod_emul)
    __btod_mult_common                       0x0800191f   Thumb Code   580  btod.o(CL$$btod_mult_common)
    BSP_Init                                 0x08001b63   Thumb Code    52  tasks.o(i.BSP_Init)
    BusFault_Handler                         0x08001b97   Thumb Code     4  stm32f10x_it.o(i.BusFault_Handler)
    DebugMon_Handler                         0x08001b9b   Thumb Code     2  stm32f10x_it.o(i.DebugMon_Handler)
    FLASH_PrefetchBufferCmd                  0x08001b9d   Thumb Code    22  stm32f10x_flash.o(i.FLASH_PrefetchBufferCmd)
    FLASH_SetLatency                         0x08001bb9   Thumb Code    18  stm32f10x_flash.o(i.FLASH_SetLatency)
    GPIO_Funtion_Init                        0x08001bd1   Thumb Code    38  gpio.o(i.GPIO_Funtion_Init)
    GPIO_Init                                0x08001bfd   Thumb Code   278  stm32f10x_gpio.o(i.GPIO_Init)
    GPIO_ResetBits                           0x08001d13   Thumb Code     4  stm32f10x_gpio.o(i.GPIO_ResetBits)
    HardFault_Handler                        0x08001d17   Thumb Code     4  stm32f10x_it.o(i.HardFault_Handler)
    I2C_MPU6050_Init                         0x08001d1d   Thumb Code    74  mpu6050.o(i.I2C_MPU6050_Init)
    MPU6050_Init                             0x08001fdd   Thumb Code   118  mpu6050.o(i.MPU6050_Init)
    Manual_Fly_Mode                          0x080020b5   Thumb Code   406  control.o(i.Manual_Fly_Mode)
    MemManage_Handler                        0x080022b5   Thumb Code     4  stm32f10x_it.o(i.MemManage_Handler)
    NMI_Handler                              0x080022b9   Thumb Code     2  stm32f10x_it.o(i.NMI_Handler)
    NVIC_Init                                0x080022bd   Thumb Code   100  misc.o(i.NVIC_Init)
    NVIC_PriorityGroupConfig                 0x0800232d   Thumb Code    10  misc.o(i.NVIC_PriorityGroupConfig)
    PendSV_Handler                           0x08002341   Thumb Code     2  stm32f10x_it.o(i.PendSV_Handler)
    RCC_APB1PeriphClockCmd                   0x08002345   Thumb Code    26  stm32f10x_rcc.o(i.RCC_APB1PeriphClockCmd)
    RCC_APB2PeriphClockCmd                   0x08002365   Thumb Code    26  stm32f10x_rcc.o(i.RCC_APB2PeriphClockCmd)
    RCC_Configuration                        0x08002385   Thumb Code   100  sys.o(i.RCC_Configuration)
    RCC_DeInit                               0x080023e9   Thumb Code    64  stm32f10x_rcc.o(i.RCC_DeInit)
    RCC_GetClocksFreq                        0x08002435   Thumb Code   192  stm32f10x_rcc.o(i.RCC_GetClocksFreq)
    RCC_GetFlagStatus                        0x08002509   Thumb Code    56  stm32f10x_rcc.o(i.RCC_GetFlagStatus)
    RCC_GetSYSCLKSource                      0x08002545   Thumb Code    10  stm32f10x_rcc.o(i.RCC_GetSYSCLKSource)
    RCC_HCLKConfig                           0x08002555   Thumb Code    18  stm32f10x_rcc.o(i.RCC_HCLKConfig)
    RCC_HSEConfig                            0x0800256d   Thumb Code    70  stm32f10x_rcc.o(i.RCC_HSEConfig)
    RCC_PCLK1Config                          0x080025b9   Thumb Code    18  stm32f10x_rcc.o(i.RCC_PCLK1Config)
    RCC_PCLK2Config                          0x080025d1   Thumb Code    20  stm32f10x_rcc.o(i.RCC_PCLK2Config)
    RCC_PLLCmd                               0x080025e9   Thumb Code     6  stm32f10x_rcc.o(i.RCC_PLLCmd)
    RCC_PLLConfig                            0x080025f5   Thumb Code    24  stm32f10x_rcc.o(i.RCC_PLLConfig)
    RCC_SYSCLKConfig                         0x08002611   Thumb Code    18  stm32f10x_rcc.o(i.RCC_SYSCLKConfig)
    RCC_WaitForHSEStartUp                    0x08002629   Thumb Code    56  stm32f10x_rcc.o(i.RCC_WaitForHSEStartUp)
    Rc_Recive                                0x08002661   Thumb Code   202  rc.o(i.Rc_Recive)
    SVC_Handler                              0x0800275d   Thumb Code     2  stm32f10x_it.o(i.SVC_Handler)
    SysTick_Handler                          0x080028d5   Thumb Code     2  stm32f10x_it.o(i.SysTick_Handler)
    SystemInit                               0x080028d9   Thumb Code    78  system_stm32f10x.o(i.SystemInit)
    TIM2_Cap_Init                            0x08002b79   Thumb Code   280  timer.o(i.TIM2_Cap_Init)
    TIM2_IRQHandler                          0x08002c99   Thumb Code   724  timer.o(i.TIM2_IRQHandler)
    TIM4_PWM_Init                            0x08002f8d   Thumb Code   234  pwm.o(i.TIM4_PWM_Init)
    TIM_ClearITPendingBit                    0x08003081   Thumb Code     6  stm32f10x_tim.o(i.TIM_ClearITPendingBit)
    TIM_Cmd                                  0x08003087   Thumb Code    24  stm32f10x_tim.o(i.TIM_Cmd)
    TIM_GetCapture1                          0x0800309f   Thumb Code     6  stm32f10x_tim.o(i.TIM_GetCapture1)
    TIM_GetCapture2                          0x080030a5   Thumb Code     6  stm32f10x_tim.o(i.TIM_GetCapture2)
    TIM_GetCapture3                          0x080030ab   Thumb Code     6  stm32f10x_tim.o(i.TIM_GetCapture3)
    TIM_GetCapture4                          0x080030b1   Thumb Code     8  stm32f10x_tim.o(i.TIM_GetCapture4)
    TIM_GetITStatus                          0x080030b9   Thumb Code    34  stm32f10x_tim.o(i.TIM_GetITStatus)
    TIM_ICInit                               0x080030dd   Thumb Code   150  stm32f10x_tim.o(i.TIM_ICInit)
    TIM_ITConfig                             0x08003189   Thumb Code    18  stm32f10x_tim.o(i.TIM_ITConfig)
    TIM_OC1Init                              0x0800319d   Thumb Code   132  stm32f10x_tim.o(i.TIM_OC1Init)
    TIM_OC1PolarityConfig                    0x08003235   Thumb Code    18  stm32f10x_tim.o(i.TIM_OC1PolarityConfig)
    TIM_OC1PreloadConfig                     0x08003247   Thumb Code    18  stm32f10x_tim.o(i.TIM_OC1PreloadConfig)
    TIM_OC2Init                              0x08003259   Thumb Code   154  stm32f10x_tim.o(i.TIM_OC2Init)
    TIM_OC2PolarityConfig                    0x080032fd   Thumb Code    26  stm32f10x_tim.o(i.TIM_OC2PolarityConfig)
    TIM_OC2PreloadConfig                     0x08003317   Thumb Code    26  stm32f10x_tim.o(i.TIM_OC2PreloadConfig)
    TIM_OC3Init                              0x08003331   Thumb Code   150  stm32f10x_tim.o(i.TIM_OC3Init)
    TIM_OC3PolarityConfig                    0x080033d1   Thumb Code    26  stm32f10x_tim.o(i.TIM_OC3PolarityConfig)
    TIM_OC3PreloadConfig                     0x080033eb   Thumb Code    18  stm32f10x_tim.o(i.TIM_OC3PreloadConfig)
    TIM_OC4Init                              0x080033fd   Thumb Code   114  stm32f10x_tim.o(i.TIM_OC4Init)
    TIM_OC4PolarityConfig                    0x08003479   Thumb Code    26  stm32f10x_tim.o(i.TIM_OC4PolarityConfig)
    TIM_OC4PreloadConfig                     0x08003493   Thumb Code    26  stm32f10x_tim.o(i.TIM_OC4PreloadConfig)
    TIM_SetCompare1                          0x080034ad   Thumb Code     4  stm32f10x_tim.o(i.TIM_SetCompare1)
    TIM_SetCompare2                          0x080034b1   Thumb Code     4  stm32f10x_tim.o(i.TIM_SetCompare2)
    TIM_SetCompare3                          0x080034b5   Thumb Code     4  stm32f10x_tim.o(i.TIM_SetCompare3)
    TIM_SetCompare4                          0x080034b9   Thumb Code     6  stm32f10x_tim.o(i.TIM_SetCompare4)
    TIM_SetCounter                           0x080034bf   Thumb Code     4  stm32f10x_tim.o(i.TIM_SetCounter)
    TIM_SetIC1Prescaler                      0x080034c3   Thumb Code    18  stm32f10x_tim.o(i.TIM_SetIC1Prescaler)
    TIM_SetIC2Prescaler                      0x080034d5   Thumb Code    26  stm32f10x_tim.o(i.TIM_SetIC2Prescaler)
    TIM_SetIC3Prescaler                      0x080034ef   Thumb Code    18  stm32f10x_tim.o(i.TIM_SetIC3Prescaler)
    TIM_SetIC4Prescaler                      0x08003501   Thumb Code    26  stm32f10x_tim.o(i.TIM_SetIC4Prescaler)
    TIM_TimeBaseInit                         0x0800351d   Thumb Code   122  stm32f10x_tim.o(i.TIM_TimeBaseInit)
    Task_Loop                                0x080035c1   Thumb Code    12  tasks.o(i.Task_Loop)
    USART1_IRQHandler                        0x080035cd   Thumb Code    32  usart.o(i.USART1_IRQHandler)
    USART1_Init                              0x080035f5   Thumb Code   152  usart.o(i.USART1_Init)
    USART1_printf                            0x08003695   Thumb Code    82  usart.o(i.USART1_printf)
    USART_Cmd                                0x080036ed   Thumb Code    24  stm32f10x_usart.o(i.USART_Cmd)
    USART_GetFlagStatus                      0x08003705   Thumb Code    26  stm32f10x_usart.o(i.USART_GetFlagStatus)
    USART_GetITStatus                        0x0800371f   Thumb Code    84  stm32f10x_usart.o(i.USART_GetITStatus)
    USART_ITConfig                           0x08003773   Thumb Code    74  stm32f10x_usart.o(i.USART_ITConfig)
    USART_Init                               0x080037bd   Thumb Code   210  stm32f10x_usart.o(i.USART_Init)
    USART_ReceiveData                        0x08003895   Thumb Code    10  stm32f10x_usart.o(i.USART_ReceiveData)
    USART_SendData                           0x0800389f   Thumb Code     8  stm32f10x_usart.o(i.USART_SendData)
    UsageFault_Handler                       0x080038a7   Thumb Code     4  stm32f10x_it.o(i.UsageFault_Handler)
    __ARM_fpclassify                         0x080038ab   Thumb Code    40  fpclassify.o(i.__ARM_fpclassify)
    _is_digit                                0x080038d3   Thumb Code    14  __printf_wp.o(i._is_digit)
    _sys_exit                                0x080038e1   Thumb Code     4  usart.o(i._sys_exit)
    fputc                                    0x080038e5   Thumb Code    24  usart.o(i.fputc)
    main                                     0x08003901   Thumb Code    16  main.o(i.main)
    _get_lc_numeric                          0x08003911   Thumb Code    44  lc_numeric_c.o(locale$$code)
    _get_lc_ctype                            0x0800393d   Thumb Code    44  lc_ctype_c.o(locale$$code)
    _printf_fp_dec                           0x08003969   Thumb Code     4  printf1.o(x$fpl$printf1)
    _printf_fp_hex                           0x0800396d   Thumb Code     4  printf2.o(x$fpl$printf2)
    __I$use$fp                               0x08003970   Number         0  usenofp.o(x$fpl$usenofp)
    Region$$Table$$Base                      0x08003a70   Number         0  anon$$obj.o(Region$$Table)
    Region$$Table$$Limit                     0x08003a90   Number         0  anon$$obj.o(Region$$Table)
    __ctype                                  0x08003ab9   Data           0  lc_ctype_c.o(locale$$data)
    M1_Output                                0x20000014   Data           4  control.o(.data)
    M2_Output                                0x20000018   Data           4  control.o(.data)
    M3_Output                                0x2000001c   Data           4  control.o(.data)
    M4_Output                                0x20000020   Data           4  control.o(.data)
    k                                        0x20000024   Data           4  control.o(.data)
    CH1                                      0x20000028   Data           4  rc.o(.data)
    CH2                                      0x2000002c   Data           4  rc.o(.data)
    CH3                                      0x20000030   Data           4  rc.o(.data)
    CH4                                      0x20000034   Data           4  rc.o(.data)
    TIM2CH1_CAPTURE_STA                      0x20000038   Data           1  timer.o(.data)
    TIM2CH1_CAPTURE_VAL                      0x2000003a   Data           2  timer.o(.data)
    TIM2CH2_CAPTURE_STA                      0x2000003c   Data           1  timer.o(.data)
    TIM2CH2_CAPTURE_VAL                      0x2000003e   Data           2  timer.o(.data)
    TIM2CH3_CAPTURE_STA                      0x20000040   Data           1  timer.o(.data)
    TIM2CH3_CAPTURE_VAL                      0x20000042   Data           2  timer.o(.data)
    TIM2CH4_CAPTURE_STA                      0x20000044   Data           1  timer.o(.data)
    TIM2CH4_CAPTURE_VAL                      0x20000046   Data           2  timer.o(.data)
    __stdout                                 0x20000048   Data           4  usart.o(.data)
    USART1_RX_STA                            0x2000004c   Data           2  usart.o(.data)
    TIM2_ICInitStructure                     0x20000050   Data          10  timer.o(.bss)
    __libspace_start                         0x2000005c   Data          96  libspace.o(.bss)
    __temporary_stack_top$libspace           0x200000bc   Data           0  libspace.o(.bss)



==============================================================================

Memory Map of the image

  Image Entry point : 0x080000ed

  Load Region LR_IROM1 (Base: 0x08000000, Size: 0x00003c0c, Max: 0x00010000, ABSOLUTE)

    Execution Region ER_IROM1 (Exec base: 0x08000000, Load base: 0x08000000, Size: 0x00003bbc, Max: 0x00010000, ABSOLUTE)

    Exec Addr    Load Addr    Size         Type   Attr      Idx    E Section Name        Object

    0x08000000   0x08000000   0x000000ec   Data   RO            3    RESET               startup_stm32f10x_md.o
    0x080000ec   0x080000ec   0x00000008   Code   RO         2321  * !!!main             c_w.l(__main.o)
    0x080000f4   0x080000f4   0x00000034   Code   RO         2621    !!!scatter          c_w.l(__scatter.o)
    0x08000128   0x08000128   0x0000001a   Code   RO         2623    !!handler_copy      c_w.l(__scatter_copy.o)
    0x08000142   0x08000142   0x00000002   PAD
    0x08000144   0x08000144   0x0000001c   Code   RO         2625    !!handler_zi        c_w.l(__scatter_zi.o)
    0x08000160   0x08000160   0x00000000   Code   RO         2316    .ARM.Collect$$_printf_percent$$00000000  c_w.l(_printf_percent.o)
    0x08000160   0x08000160   0x00000006   Code   RO         2377    .ARM.Collect$$_printf_percent$$00000001  c_w.l(_printf_n.o)
    0x08000166   0x08000166   0x00000006   Code   RO         2379    .ARM.Collect$$_printf_percent$$00000002  c_w.l(_printf_p.o)
    0x0800016c   0x0800016c   0x00000006   Code   RO         2384    .ARM.Collect$$_printf_percent$$00000003  c_w.l(_printf_f.o)
    0x08000172   0x08000172   0x00000006   Code   RO         2385    .ARM.Collect$$_printf_percent$$00000004  c_w.l(_printf_e.o)
    0x08000178   0x08000178   0x00000006   Code   RO         2386    .ARM.Collect$$_printf_percent$$00000005  c_w.l(_printf_g.o)
    0x0800017e   0x0800017e   0x00000006   Code   RO         2387    .ARM.Collect$$_printf_percent$$00000006  c_w.l(_printf_a.o)
    0x08000184   0x08000184   0x0000000a   Code   RO         2392    .ARM.Collect$$_printf_percent$$00000007  c_w.l(_printf_ll.o)
    0x0800018e   0x0800018e   0x00000006   Code   RO         2381    .ARM.Collect$$_printf_percent$$00000008  c_w.l(_printf_i.o)
    0x08000194   0x08000194   0x00000006   Code   RO         2382    .ARM.Collect$$_printf_percent$$00000009  c_w.l(_printf_d.o)
    0x0800019a   0x0800019a   0x00000006   Code   RO         2383    .ARM.Collect$$_printf_percent$$0000000A  c_w.l(_printf_u.o)
    0x080001a0   0x080001a0   0x00000006   Code   RO         2380    .ARM.Collect$$_printf_percent$$0000000B  c_w.l(_printf_o.o)
    0x080001a6   0x080001a6   0x00000006   Code   RO         2378    .ARM.Collect$$_printf_percent$$0000000C  c_w.l(_printf_x.o)
    0x080001ac   0x080001ac   0x00000006   Code   RO         2389    .ARM.Collect$$_printf_percent$$0000000D  c_w.l(_printf_lli.o)
    0x080001b2   0x080001b2   0x00000006   Code   RO         2390    .ARM.Collect$$_printf_percent$$0000000E  c_w.l(_printf_lld.o)
    0x080001b8   0x080001b8   0x00000006   Code   RO         2391    .ARM.Collect$$_printf_percent$$0000000F  c_w.l(_printf_llu.o)
    0x080001be   0x080001be   0x00000006   Code   RO         2396    .ARM.Collect$$_printf_percent$$00000010  c_w.l(_printf_llo.o)
    0x080001c4   0x080001c4   0x00000006   Code   RO         2397    .ARM.Collect$$_printf_percent$$00000011  c_w.l(_printf_llx.o)
    0x080001ca   0x080001ca   0x0000000a   Code   RO         2393    .ARM.Collect$$_printf_percent$$00000012  c_w.l(_printf_l.o)
    0x080001d4   0x080001d4   0x00000006   Code   RO         2315    .ARM.Collect$$_printf_percent$$00000013  c_w.l(_printf_c.o)
    0x080001da   0x080001da   0x00000006   Code   RO         2376    .ARM.Collect$$_printf_percent$$00000014  c_w.l(_printf_s.o)
    0x080001e0   0x080001e0   0x00000006   Code   RO         2394    .ARM.Collect$$_printf_percent$$00000015  c_w.l(_printf_lc.o)
    0x080001e6   0x080001e6   0x00000006   Code   RO         2395    .ARM.Collect$$_printf_percent$$00000016  c_w.l(_printf_ls.o)
    0x080001ec   0x080001ec   0x00000004   Code   RO         2388    .ARM.Collect$$_printf_percent$$00000017  c_w.l(_printf_percent_end.o)
    0x080001f0   0x080001f0   0x00000002   Code   RO         2486    .ARM.Collect$$libinit$$00000000  c_w.l(libinit.o)
    0x080001f2   0x080001f2   0x00000000   Code   RO         2503    .ARM.Collect$$libinit$$00000002  c_w.l(libinit2.o)
    0x080001f2   0x080001f2   0x00000000   Code   RO         2505    .ARM.Collect$$libinit$$00000004  c_w.l(libinit2.o)
    0x080001f2   0x080001f2   0x00000000   Code   RO         2508    .ARM.Collect$$libinit$$0000000A  c_w.l(libinit2.o)
    0x080001f2   0x080001f2   0x00000000   Code   RO         2510    .ARM.Collect$$libinit$$0000000C  c_w.l(libinit2.o)
    0x080001f2   0x080001f2   0x00000000   Code   RO         2512    .ARM.Collect$$libinit$$0000000E  c_w.l(libinit2.o)
    0x080001f2   0x080001f2   0x00000006   Code   RO         2513    .ARM.Collect$$libinit$$0000000F  c_w.l(libinit2.o)
    0x080001f8   0x080001f8   0x00000000   Code   RO         2515    .ARM.Collect$$libinit$$00000011  c_w.l(libinit2.o)
    0x080001f8   0x080001f8   0x0000000c   Code   RO         2516    .ARM.Collect$$libinit$$00000012  c_w.l(libinit2.o)
    0x08000204   0x08000204   0x00000000   Code   RO         2517    .ARM.Collect$$libinit$$00000013  c_w.l(libinit2.o)
    0x08000204   0x08000204   0x00000000   Code   RO         2519    .ARM.Collect$$libinit$$00000015  c_w.l(libinit2.o)
    0x08000204   0x08000204   0x0000000a   Code   RO         2520    .ARM.Collect$$libinit$$00000016  c_w.l(libinit2.o)
    0x0800020e   0x0800020e   0x00000000   Code   RO         2521    .ARM.Collect$$libinit$$00000017  c_w.l(libinit2.o)
    0x0800020e   0x0800020e   0x00000000   Code   RO         2523    .ARM.Collect$$libinit$$00000019  c_w.l(libinit2.o)
    0x0800020e   0x0800020e   0x00000000   Code   RO         2525    .ARM.Collect$$libinit$$0000001B  c_w.l(libinit2.o)
    0x0800020e   0x0800020e   0x00000000   Code   RO         2527    .ARM.Collect$$libinit$$0000001D  c_w.l(libinit2.o)
    0x0800020e   0x0800020e   0x00000000   Code   RO         2529    .ARM.Collect$$libinit$$0000001F  c_w.l(libinit2.o)
    0x0800020e   0x0800020e   0x00000000   Code   RO         2531    .ARM.Collect$$libinit$$00000021  c_w.l(libinit2.o)
    0x0800020e   0x0800020e   0x00000000   Code   RO         2533    .ARM.Collect$$libinit$$00000023  c_w.l(libinit2.o)
    0x0800020e   0x0800020e   0x00000000   Code   RO         2535    .ARM.Collect$$libinit$$00000025  c_w.l(libinit2.o)
    0x0800020e   0x0800020e   0x00000000   Code   RO         2539    .ARM.Collect$$libinit$$0000002C  c_w.l(libinit2.o)
    0x0800020e   0x0800020e   0x00000000   Code   RO         2541    .ARM.Collect$$libinit$$0000002E  c_w.l(libinit2.o)
    0x0800020e   0x0800020e   0x00000000   Code   RO         2543    .ARM.Collect$$libinit$$00000030  c_w.l(libinit2.o)
    0x0800020e   0x0800020e   0x00000000   Code   RO         2545    .ARM.Collect$$libinit$$00000032  c_w.l(libinit2.o)
    0x0800020e   0x0800020e   0x00000002   Code   RO         2546    .ARM.Collect$$libinit$$00000033  c_w.l(libinit2.o)
    0x08000210   0x08000210   0x00000002   Code   RO         2564    .ARM.Collect$$libshutdown$$00000000  c_w.l(libshutdown.o)
    0x08000212   0x08000212   0x00000000   Code   RO         2575    .ARM.Collect$$libshutdown$$00000003  c_w.l(libshutdown2.o)
    0x08000212   0x08000212   0x00000000   Code   RO         2578    .ARM.Collect$$libshutdown$$00000006  c_w.l(libshutdown2.o)
    0x08000212   0x08000212   0x00000000   Code   RO         2581    .ARM.Collect$$libshutdown$$00000009  c_w.l(libshutdown2.o)
    0x08000212   0x08000212   0x00000000   Code   RO         2583    .ARM.Collect$$libshutdown$$0000000B  c_w.l(libshutdown2.o)
    0x08000212   0x08000212   0x00000000   Code   RO         2586    .ARM.Collect$$libshutdown$$0000000E  c_w.l(libshutdown2.o)
    0x08000212   0x08000212   0x00000002   Code   RO         2587    .ARM.Collect$$libshutdown$$0000000F  c_w.l(libshutdown2.o)
    0x08000214   0x08000214   0x00000000   Code   RO         2325    .ARM.Collect$$rtentry$$00000000  c_w.l(__rtentry.o)
    0x08000214   0x08000214   0x00000000   Code   RO         2407    .ARM.Collect$$rtentry$$00000002  c_w.l(__rtentry2.o)
    0x08000214   0x08000214   0x00000006   Code   RO         2419    .ARM.Collect$$rtentry$$00000004  c_w.l(__rtentry4.o)
    0x0800021a   0x0800021a   0x00000000   Code   RO         2409    .ARM.Collect$$rtentry$$00000009  c_w.l(__rtentry2.o)
    0x0800021a   0x0800021a   0x00000004   Code   RO         2410    .ARM.Collect$$rtentry$$0000000A  c_w.l(__rtentry2.o)
    0x0800021e   0x0800021e   0x00000000   Code   RO         2412    .ARM.Collect$$rtentry$$0000000C  c_w.l(__rtentry2.o)
    0x0800021e   0x0800021e   0x00000008   Code   RO         2413    .ARM.Collect$$rtentry$$0000000D  c_w.l(__rtentry2.o)
    0x08000226   0x08000226   0x00000002   Code   RO         2495    .ARM.Collect$$rtexit$$00000000  c_w.l(rtexit.o)
    0x08000228   0x08000228   0x00000000   Code   RO         2548    .ARM.Collect$$rtexit$$00000002  c_w.l(rtexit2.o)
    0x08000228   0x08000228   0x00000004   Code   RO         2549    .ARM.Collect$$rtexit$$00000003  c_w.l(rtexit2.o)
    0x0800022c   0x0800022c   0x00000006   Code   RO         2550    .ARM.Collect$$rtexit$$00000004  c_w.l(rtexit2.o)
    0x08000232   0x08000232   0x00000002   PAD
    0x08000234   0x08000234   0x00000040   Code   RO            4    .text               startup_stm32f10x_md.o
    0x08000274   0x08000274   0x00000002   Code   RO         2283    .text               c_w.l(use_no_semi_2.o)
    0x08000276   0x08000276   0x00000002   PAD
    0x08000278   0x08000278   0x00000034   Code   RO         2285    .text               c_w.l(vsnprintf.o)
    0x080002ac   0x080002ac   0x00000018   Code   RO         2287    .text               c_w.l(__2printf.o)
    0x080002c4   0x080002c4   0x00000052   Code   RO         2293    .text               c_w.l(_printf_str.o)
    0x08000316   0x08000316   0x00000002   PAD
    0x08000318   0x08000318   0x00000188   Code   RO         2312    .text               c_w.l(__printf_flags_ss_wp.o)
    0x080004a0   0x080004a0   0x0000003e   Code   RO         2317    .text               c_w.l(strlen.o)
    0x080004de   0x080004de   0x00000006   Code   RO         2319    .text               c_w.l(heapauxi.o)
    0x080004e4   0x080004e4   0x00000002   Code   RO         2323    .text               c_w.l(use_no_semi.o)
    0x080004e6   0x080004e6   0x0000004e   Code   RO         2326    .text               c_w.l(_printf_pad.o)
    0x08000534   0x08000534   0x00000024   Code   RO         2328    .text               c_w.l(_printf_truncate.o)
    0x08000558   0x08000558   0x00000078   Code   RO         2330    .text               c_w.l(_printf_dec.o)
    0x080005d0   0x080005d0   0x00000028   Code   RO         2332    .text               c_w.l(_printf_charcount.o)
    0x080005f8   0x080005f8   0x00000030   Code   RO         2334    .text               c_w.l(_printf_char_common.o)
    0x08000628   0x08000628   0x0000000a   Code   RO         2336    .text               c_w.l(_sputc.o)
    0x08000632   0x08000632   0x00000010   Code   RO         2338    .text               c_w.l(_snputc.o)
    0x08000642   0x08000642   0x0000002c   Code   RO         2340    .text               c_w.l(_printf_char.o)
    0x0800066e   0x0800066e   0x00000002   PAD
    0x08000670   0x08000670   0x00000024   Code   RO         2342    .text               c_w.l(_printf_char_file.o)
    0x08000694   0x08000694   0x000000bc   Code   RO         2344    .text               c_w.l(_printf_wctomb.o)
    0x08000750   0x08000750   0x0000007c   Code   RO         2347    .text               c_w.l(_printf_longlong_dec.o)
    0x080007cc   0x080007cc   0x00000070   Code   RO         2353    .text               c_w.l(_printf_oct_int_ll.o)
    0x0800083c   0x0800083c   0x00000094   Code   RO         2373    .text               c_w.l(_printf_hex_int_ll_ptr.o)
    0x080008d0   0x080008d0   0x0000008a   Code   RO         2421    .text               c_w.l(lludiv10.o)
    0x0800095a   0x0800095a   0x000000b2   Code   RO         2423    .text               c_w.l(_printf_intcommon.o)
    0x08000a0c   0x08000a0c   0x0000041a   Code   RO         2425    .text               c_w.l(_printf_fp_dec.o)
    0x08000e26   0x08000e26   0x00000002   PAD
    0x08000e28   0x08000e28   0x000002fc   Code   RO         2427    .text               c_w.l(_printf_fp_hex.o)
    0x08001124   0x08001124   0x0000002c   Code   RO         2432    .text               c_w.l(_printf_wchar.o)
    0x08001150   0x08001150   0x00000008   Code   RO         2434    .text               c_w.l(ferror.o)
    0x08001158   0x08001158   0x00000040   Code   RO         2438    .text               c_w.l(_wcrtomb.o)
    0x08001198   0x08001198   0x0000004a   Code   RO         2440    .text               c_w.l(sys_stackheap_outer.o)
    0x080011e2   0x080011e2   0x00000002   PAD
    0x080011e4   0x080011e4   0x00000010   Code   RO         2442    .text               c_w.l(rt_ctype_table.o)
    0x080011f4   0x080011f4   0x00000008   Code   RO         2447    .text               c_w.l(rt_locale_intlibspace.o)
    0x080011fc   0x080011fc   0x00000080   Code   RO         2449    .text               c_w.l(_printf_fp_infnan.o)
    0x0800127c   0x0800127c   0x000000dc   Code   RO         2451    .text               c_w.l(bigflt0.o)
    0x08001358   0x08001358   0x0000000c   Code   RO         2479    .text               c_w.l(exit.o)
    0x08001364   0x08001364   0x00000008   Code   RO         2492    .text               c_w.l(libspace.o)
    0x0800136c   0x0800136c   0x00000080   Code   RO         2500    .text               c_w.l(strcmpv7m.o)
    0x080013ec   0x080013ec   0x0000003e   Code   RO         2454    CL$$btod_d2e        c_w.l(btod.o)
    0x0800142a   0x0800142a   0x00000046   Code   RO         2456    CL$$btod_d2e_denorm_low  c_w.l(btod.o)
    0x08001470   0x08001470   0x00000060   Code   RO         2455    CL$$btod_d2e_norm_op1  c_w.l(btod.o)
    0x080014d0   0x080014d0   0x00000338   Code   RO         2464    CL$$btod_div_common  c_w.l(btod.o)
    0x08001808   0x08001808   0x000000c6   Code   RO         2461    CL$$btod_e2e        c_w.l(btod.o)
    0x080018ce   0x080018ce   0x00000028   Code   RO         2458    CL$$btod_ediv       c_w.l(btod.o)
    0x080018f6   0x080018f6   0x00000028   Code   RO         2457    CL$$btod_emul       c_w.l(btod.o)
    0x0800191e   0x0800191e   0x00000244   Code   RO         2463    CL$$btod_mult_common  c_w.l(btod.o)
    0x08001b62   0x08001b62   0x00000034   Code   RO         1949    i.BSP_Init          tasks.o
    0x08001b96   0x08001b96   0x00000004   Code   RO         1852    i.BusFault_Handler  stm32f10x_it.o
    0x08001b9a   0x08001b9a   0x00000002   Code   RO         1853    i.DebugMon_Handler  stm32f10x_it.o
    0x08001b9c   0x08001b9c   0x0000001c   Code   RO         1634    i.FLASH_PrefetchBufferCmd  stm32f10x_flash.o
    0x08001bb8   0x08001bb8   0x00000018   Code   RO         1639    i.FLASH_SetLatency  stm32f10x_flash.o
    0x08001bd0   0x08001bd0   0x0000002c   Code   RO         2269    i.GPIO_Funtion_Init  gpio.o
    0x08001bfc   0x08001bfc   0x00000116   Code   RO          149    i.GPIO_Init         stm32f10x_gpio.o
    0x08001d12   0x08001d12   0x00000004   Code   RO          156    i.GPIO_ResetBits    stm32f10x_gpio.o
    0x08001d16   0x08001d16   0x00000004   Code   RO         1854    i.HardFault_Handler  stm32f10x_it.o
    0x08001d1a   0x08001d1a   0x00000002   PAD
    0x08001d1c   0x08001d1c   0x00000070   Code   RO         2161    i.I2C_MPU6050_Init  mpu6050.o
    0x08001d8c   0x08001d8c   0x00000044   Code   RO         2162    i.I2C_NACK          mpu6050.o
    0x08001dd0   0x08001dd0   0x0000006c   Code   RO         2163    i.I2C_ReadByte      mpu6050.o
    0x08001e3c   0x08001e3c   0x0000007c   Code   RO         2164    i.I2C_Start         mpu6050.o
    0x08001eb8   0x08001eb8   0x00000044   Code   RO         2165    i.I2C_Stop          mpu6050.o
    0x08001efc   0x08001efc   0x00000064   Code   RO         2166    i.I2C_WaitAck       mpu6050.o
    0x08001f60   0x08001f60   0x00000070   Code   RO         2167    i.I2C_WriteByte     mpu6050.o
    0x08001fd0   0x08001fd0   0x0000000a   Code   RO         2168    i.I2C_delay         mpu6050.o
    0x08001fda   0x08001fda   0x00000002   PAD
    0x08001fdc   0x08001fdc   0x000000d8   Code   RO         2170    i.MPU6050_Init      mpu6050.o
    0x080020b4   0x080020b4   0x00000200   Code   RO         1979    i.Manual_Fly_Mode   control.o
    0x080022b4   0x080022b4   0x00000004   Code   RO         1855    i.MemManage_Handler  stm32f10x_it.o
    0x080022b8   0x080022b8   0x00000002   Code   RO         1856    i.NMI_Handler       stm32f10x_it.o
    0x080022ba   0x080022ba   0x00000002   PAD
    0x080022bc   0x080022bc   0x00000070   Code   RO           24    i.NVIC_Init         misc.o
    0x0800232c   0x0800232c   0x00000014   Code   RO           25    i.NVIC_PriorityGroupConfig  misc.o
    0x08002340   0x08002340   0x00000002   Code   RO         1857    i.PendSV_Handler    stm32f10x_it.o
    0x08002342   0x08002342   0x00000002   PAD
    0x08002344   0x08002344   0x00000020   Code   RO          259    i.RCC_APB1PeriphClockCmd  stm32f10x_rcc.o
    0x08002364   0x08002364   0x00000020   Code   RO          261    i.RCC_APB2PeriphClockCmd  stm32f10x_rcc.o
    0x08002384   0x08002384   0x00000064   Code   RO         2059    i.RCC_Configuration  sys.o
    0x080023e8   0x080023e8   0x0000004c   Code   RO          268    i.RCC_DeInit        stm32f10x_rcc.o
    0x08002434   0x08002434   0x000000d4   Code   RO          269    i.RCC_GetClocksFreq  stm32f10x_rcc.o
    0x08002508   0x08002508   0x0000003c   Code   RO          270    i.RCC_GetFlagStatus  stm32f10x_rcc.o
    0x08002544   0x08002544   0x00000010   Code   RO          272    i.RCC_GetSYSCLKSource  stm32f10x_rcc.o
    0x08002554   0x08002554   0x00000018   Code   RO          273    i.RCC_HCLKConfig    stm32f10x_rcc.o
    0x0800256c   0x0800256c   0x0000004c   Code   RO          274    i.RCC_HSEConfig     stm32f10x_rcc.o
    0x080025b8   0x080025b8   0x00000018   Code   RO          280    i.RCC_PCLK1Config   stm32f10x_rcc.o
    0x080025d0   0x080025d0   0x00000018   Code   RO          281    i.RCC_PCLK2Config   stm32f10x_rcc.o
    0x080025e8   0x080025e8   0x0000000c   Code   RO          282    i.RCC_PLLCmd        stm32f10x_rcc.o
    0x080025f4   0x080025f4   0x0000001c   Code   RO          283    i.RCC_PLLConfig     stm32f10x_rcc.o
    0x08002610   0x08002610   0x00000018   Code   RO          286    i.RCC_SYSCLKConfig  stm32f10x_rcc.o
    0x08002628   0x08002628   0x00000038   Code   RO          288    i.RCC_WaitForHSEStartUp  stm32f10x_rcc.o
    0x08002660   0x08002660   0x000000fc   Code   RO         2039    i.Rc_Recive         rc.o
    0x0800275c   0x0800275c   0x00000002   Code   RO         1858    i.SVC_Handler       stm32f10x_it.o
    0x0800275e   0x0800275e   0x00000008   Code   RO         1915    i.SetSysClock       system_stm32f10x.o
    0x08002766   0x08002766   0x00000002   PAD
    0x08002768   0x08002768   0x000000e0   Code   RO         1916    i.SetSysClockTo72   system_stm32f10x.o
    0x08002848   0x08002848   0x0000004c   Code   RO         2174    i.Single_ReadI2C    mpu6050.o
    0x08002894   0x08002894   0x00000040   Code   RO         2175    i.Single_WriteI2C   mpu6050.o
    0x080028d4   0x080028d4   0x00000002   Code   RO         1859    i.SysTick_Handler   stm32f10x_it.o
    0x080028d6   0x080028d6   0x00000002   PAD
    0x080028d8   0x080028d8   0x00000060   Code   RO         1918    i.SystemInit        system_stm32f10x.o
    0x08002938   0x08002938   0x00000080   Code   RO          865    i.TI1_Config        stm32f10x_tim.o
    0x080029b8   0x080029b8   0x00000098   Code   RO          866    i.TI2_Config        stm32f10x_tim.o
    0x08002a50   0x08002a50   0x00000090   Code   RO          867    i.TI3_Config        stm32f10x_tim.o
    0x08002ae0   0x08002ae0   0x00000098   Code   RO          868    i.TI4_Config        stm32f10x_tim.o
    0x08002b78   0x08002b78   0x00000120   Code   RO         2076    i.TIM2_Cap_Init     timer.o
    0x08002c98   0x08002c98   0x000002f4   Code   RO         2077    i.TIM2_IRQHandler   timer.o
    0x08002f8c   0x08002f8c   0x000000f4   Code   RO         2024    i.TIM4_PWM_Init     pwm.o
    0x08003080   0x08003080   0x00000006   Code   RO          876    i.TIM_ClearITPendingBit  stm32f10x_tim.o
    0x08003086   0x08003086   0x00000018   Code   RO          881    i.TIM_Cmd           stm32f10x_tim.o
    0x0800309e   0x0800309e   0x00000006   Code   RO          896    i.TIM_GetCapture1   stm32f10x_tim.o
    0x080030a4   0x080030a4   0x00000006   Code   RO          897    i.TIM_GetCapture2   stm32f10x_tim.o
    0x080030aa   0x080030aa   0x00000006   Code   RO          898    i.TIM_GetCapture3   stm32f10x_tim.o
    0x080030b0   0x080030b0   0x00000008   Code   RO          899    i.TIM_GetCapture4   stm32f10x_tim.o
    0x080030b8   0x080030b8   0x00000022   Code   RO          902    i.TIM_GetITStatus   stm32f10x_tim.o
    0x080030da   0x080030da   0x00000002   PAD
    0x080030dc   0x080030dc   0x000000ac   Code   RO          904    i.TIM_ICInit        stm32f10x_tim.o
    0x08003188   0x08003188   0x00000012   Code   RO          906    i.TIM_ITConfig      stm32f10x_tim.o
    0x0800319a   0x0800319a   0x00000002   PAD
    0x0800319c   0x0800319c   0x00000098   Code   RO          910    i.TIM_OC1Init       stm32f10x_tim.o
    0x08003234   0x08003234   0x00000012   Code   RO          912    i.TIM_OC1PolarityConfig  stm32f10x_tim.o
    0x08003246   0x08003246   0x00000012   Code   RO          913    i.TIM_OC1PreloadConfig  stm32f10x_tim.o
    0x08003258   0x08003258   0x000000a4   Code   RO          915    i.TIM_OC2Init       stm32f10x_tim.o
    0x080032fc   0x080032fc   0x0000001a   Code   RO          917    i.TIM_OC2PolarityConfig  stm32f10x_tim.o
    0x08003316   0x08003316   0x0000001a   Code   RO          918    i.TIM_OC2PreloadConfig  stm32f10x_tim.o
    0x08003330   0x08003330   0x000000a0   Code   RO          920    i.TIM_OC3Init       stm32f10x_tim.o
    0x080033d0   0x080033d0   0x0000001a   Code   RO          922    i.TIM_OC3PolarityConfig  stm32f10x_tim.o
    0x080033ea   0x080033ea   0x00000012   Code   RO          923    i.TIM_OC3PreloadConfig  stm32f10x_tim.o
    0x080033fc   0x080033fc   0x0000007c   Code   RO          925    i.TIM_OC4Init       stm32f10x_tim.o
    0x08003478   0x08003478   0x0000001a   Code   RO          926    i.TIM_OC4PolarityConfig  stm32f10x_tim.o
    0x08003492   0x08003492   0x0000001a   Code   RO          927    i.TIM_OC4PreloadConfig  stm32f10x_tim.o
    0x080034ac   0x080034ac   0x00000004   Code   RO          942    i.TIM_SetCompare1   stm32f10x_tim.o
    0x080034b0   0x080034b0   0x00000004   Code   RO          943    i.TIM_SetCompare2   stm32f10x_tim.o
    0x080034b4   0x080034b4   0x00000004   Code   RO          944    i.TIM_SetCompare3   stm32f10x_tim.o
    0x080034b8   0x080034b8   0x00000006   Code   RO          945    i.TIM_SetCompare4   stm32f10x_tim.o
    0x080034be   0x080034be   0x00000004   Code   RO          946    i.TIM_SetCounter    stm32f10x_tim.o
    0x080034c2   0x080034c2   0x00000012   Code   RO          947    i.TIM_SetIC1Prescaler  stm32f10x_tim.o
    0x080034d4   0x080034d4   0x0000001a   Code   RO          948    i.TIM_SetIC2Prescaler  stm32f10x_tim.o
    0x080034ee   0x080034ee   0x00000012   Code   RO          949    i.TIM_SetIC3Prescaler  stm32f10x_tim.o
    0x08003500   0x08003500   0x0000001a   Code   RO          950    i.TIM_SetIC4Prescaler  stm32f10x_tim.o
    0x0800351a   0x0800351a   0x00000002   PAD
    0x0800351c   0x0800351c   0x000000a4   Code   RO          952    i.TIM_TimeBaseInit  stm32f10x_tim.o
    0x080035c0   0x080035c0   0x0000000c   Code   RO         1950    i.Task_Loop         tasks.o
    0x080035cc   0x080035cc   0x00000028   Code   RO         2098    i.USART1_IRQHandler  usart.o
    0x080035f4   0x080035f4   0x000000a0   Code   RO         2099    i.USART1_Init       usart.o
    0x08003694   0x08003694   0x00000058   Code   RO         2100    i.USART1_printf     usart.o
    0x080036ec   0x080036ec   0x00000018   Code   RO          461    i.USART_Cmd         stm32f10x_usart.o
    0x08003704   0x08003704   0x0000001a   Code   RO          464    i.USART_GetFlagStatus  stm32f10x_usart.o
    0x0800371e   0x0800371e   0x00000054   Code   RO          465    i.USART_GetITStatus  stm32f10x_usart.o
    0x08003772   0x08003772   0x0000004a   Code   RO          467    i.USART_ITConfig    stm32f10x_usart.o
    0x080037bc   0x080037bc   0x000000d8   Code   RO          468    i.USART_Init        stm32f10x_usart.o
    0x08003894   0x08003894   0x0000000a   Code   RO          475    i.USART_ReceiveData  stm32f10x_usart.o
    0x0800389e   0x0800389e   0x00000008   Code   RO          478    i.USART_SendData    stm32f10x_usart.o
    0x080038a6   0x080038a6   0x00000004   Code   RO         1860    i.UsageFault_Handler  stm32f10x_it.o
    0x080038aa   0x080038aa   0x00000028   Code   RO         2490    i.__ARM_fpclassify  m_ws.l(fpclassify.o)
    0x080038d2   0x080038d2   0x0000000e   Code   RO         2305    i._is_digit         c_w.l(__printf_wp.o)
    0x080038e0   0x080038e0   0x00000004   Code   RO         2101    i._sys_exit         usart.o
    0x080038e4   0x080038e4   0x0000001c   Code   RO         2102    i.fputc             usart.o
    0x08003900   0x08003900   0x00000010   Code   RO         1791    i.main              main.o
    0x08003910   0x08003910   0x0000002c   Code   RO         2477    locale$$code        c_w.l(lc_numeric_c.o)
    0x0800393c   0x0800393c   0x0000002c   Code   RO         2498    locale$$code        c_w.l(lc_ctype_c.o)
    0x08003968   0x08003968   0x00000004   Code   RO         2398    x$fpl$printf1       fz_ws.l(printf1.o)
    0x0800396c   0x0800396c   0x00000004   Code   RO         2400    x$fpl$printf2       fz_ws.l(printf2.o)
    0x08003970   0x08003970   0x00000000   Code   RO         2489    x$fpl$usenofp       fz_ws.l(usenofp.o)
    0x08003970   0x08003970   0x00000011   Data   RO         2313    .constdata          c_w.l(__printf_flags_ss_wp.o)
    0x08003981   0x08003981   0x00000003   PAD
    0x08003984   0x08003984   0x00000008   Data   RO         2345    .constdata          c_w.l(_printf_wctomb.o)
    0x0800398c   0x0800398c   0x00000028   Data   RO         2374    .constdata          c_w.l(_printf_hex_int_ll_ptr.o)
    0x080039b4   0x080039b4   0x00000026   Data   RO         2428    .constdata          c_w.l(_printf_fp_hex.o)
    0x080039da   0x080039da   0x00000002   PAD
    0x080039dc   0x080039dc   0x00000094   Data   RO         2452    .constdata          c_w.l(bigflt0.o)
    0x08003a70   0x08003a70   0x00000020   Data   RO         2619    Region$$Table       anon$$obj.o
    0x08003a90   0x08003a90   0x0000001c   Data   RO         2476    locale$$data        c_w.l(lc_numeric_c.o)
    0x08003aac   0x08003aac   0x00000110   Data   RO         2497    locale$$data        c_w.l(lc_ctype_c.o)


    Execution Region RW_IRAM1 (Exec base: 0x20000000, Load base: 0x08003bbc, Size: 0x000006c0, Max: 0x00005000, ABSOLUTE)

    Exec Addr    Load Addr    Size         Type   Attr      Idx    E Section Name        Object

    0x20000000   0x08003bbc   0x00000014   Data   RW          289    .data               stm32f10x_rcc.o
    0x20000014   0x08003bd0   0x00000014   Data   RW         1980    .data               control.o
    0x20000028   0x08003be4   0x00000010   Data   RW         2040    .data               rc.o
    0x20000038   0x08003bf4   0x00000010   Data   RW         2079    .data               timer.o
    0x20000048   0x08003c04   0x00000006   Data   RW         2104    .data               usart.o
    0x2000004e   0x08003c0a   0x00000002   PAD
    0x20000050        -       0x0000000a   Zero   RW         2078    .bss                timer.o
    0x2000005a   0x08003c0a   0x00000002   PAD
    0x2000005c        -       0x00000060   Zero   RW         2493    .bss                c_w.l(libspace.o)
    0x200000bc   0x08003c0a   0x00000004   PAD
    0x200000c0        -       0x00000200   Zero   RW            2    HEAP                startup_stm32f10x_md.o
    0x200002c0        -       0x00000400   Zero   RW            1    STACK               startup_stm32f10x_md.o


==============================================================================

Image component sizes


      Code (inc. data)   RO Data    RW Data    ZI Data      Debug   Object Name

       512        106          0         20          0        894   control.o
         0          0          0          0          0       4496   core_cm3.o
        44          6          0          0          0        476   gpio.o
        16          0          0          0          0       1051   main.o
       132         22          0          0          0     249035   misc.o
      1058        164          0          0          0       5538   mpu6050.o
       244         10          0          0          0        740   pwm.o
       252         50          0         16          0        762   rc.o
        64         26        236          0       1536        864   startup_stm32f10x_md.o
        52         12          0          0          0       1125   stm32f10x_flash.o
       282          0          0          0          0       2681   stm32f10x_gpio.o
        26          0          0          0          0       3758   stm32f10x_it.o
       696         92          0         20          0      10862   stm32f10x_rcc.o
      1914        200          0          0          0      22476   stm32f10x_tim.o
       442          6          0          0          0       6397   stm32f10x_usart.o
       100          0          0          0          0        540   sys.o
       328         28          0          0          0       2141   system_stm32f10x.o
        64          0          0          0          0        859   tasks.o
      1044         40          0         16         10       2321   timer.o
       320         26          0          6          0       4580   usart.o

    ----------------------------------------------------------------------
      7608        788        268         80       1548     321596   Object Totals
         0          0         32          0          0          0   (incl. Generated)
        18          0          0          2          2          0   (incl. Padding)

    ----------------------------------------------------------------------

      Code (inc. data)   RO Data    RW Data    ZI Data      Debug   Library Member Name

        24          4          0          0          0         84   __2printf.o
         8          0          0          0          0         68   __main.o
       392          4         17          0          0         92   __printf_flags_ss_wp.o
        14          0          0          0          0         68   __printf_wp.o
         0          0          0          0          0          0   __rtentry.o
        12          0          0          0          0          0   __rtentry2.o
         6          0          0          0          0          0   __rtentry4.o
        52          8          0          0          0          0   __scatter.o
        26          0          0          0          0          0   __scatter_copy.o
        28          0          0          0          0          0   __scatter_zi.o
         6          0          0          0          0          0   _printf_a.o
         6          0          0          0          0          0   _printf_c.o
        44          0          0          0          0        108   _printf_char.o
        48          6          0          0          0         96   _printf_char_common.o
        36          4          0          0          0         80   _printf_char_file.o
        40          0          0          0          0         68   _printf_charcount.o
         6          0          0          0          0          0   _printf_d.o
       120         16          0          0          0         92   _printf_dec.o
         6          0          0          0          0          0   _printf_e.o
         6          0          0          0          0          0   _printf_f.o
      1050          0          0          0          0        216   _printf_fp_dec.o
       764         10         38          0          0        100   _printf_fp_hex.o
       128         16          0          0          0         84   _printf_fp_infnan.o
         6          0          0          0          0          0   _printf_g.o
       148          4         40          0          0        160   _printf_hex_int_ll_ptr.o
         6          0          0          0          0          0   _printf_i.o
       178          0          0          0          0         88   _printf_intcommon.o
        10          0          0          0          0          0   _printf_l.o
         6          0          0          0          0          0   _printf_lc.o
        10          0          0          0          0          0   _printf_ll.o
         6          0          0          0          0          0   _printf_lld.o
         6          0          0          0          0          0   _printf_lli.o
         6          0          0          0          0          0   _printf_llo.o
         6          0          0          0          0          0   _printf_llu.o
         6          0          0          0          0          0   _printf_llx.o
       124         16          0          0          0         92   _printf_longlong_dec.o
         6          0          0          0          0          0   _printf_ls.o
         6          0          0          0          0          0   _printf_n.o
         6          0          0          0          0          0   _printf_o.o
       112          8          0          0          0        124   _printf_oct_int_ll.o
         6          0          0          0          0          0   _printf_p.o
        78          0          0          0          0        108   _printf_pad.o
         0          0          0          0          0          0   _printf_percent.o
         4          0          0          0          0          0   _printf_percent_end.o
         6          0          0          0          0          0   _printf_s.o
        82          0          0          0          0         80   _printf_str.o
        36          0          0          0          0         84   _printf_truncate.o
         6          0          0          0          0          0   _printf_u.o
        44          0          0          0          0        108   _printf_wchar.o
       188          6          8          0          0         92   _printf_wctomb.o
         6          0          0          0          0          0   _printf_x.o
        16          0          0          0          0         68   _snputc.o
        10          0          0          0          0         68   _sputc.o
        64          0          0          0          0         92   _wcrtomb.o
       220          4        148          0          0         96   bigflt0.o
      1910        128          0          0          0        672   btod.o
        12          0          0          0          0         72   exit.o
         8          0          0          0          0         68   ferror.o
         6          0          0          0          0        152   heapauxi.o
        44         10        272          0          0         76   lc_ctype_c.o
        44         10         28          0          0         76   lc_numeric_c.o
         2          0          0          0          0          0   libinit.o
        30          0          0          0          0          0   libinit2.o
         2          0          0          0          0          0   libshutdown.o
         2          0          0          0          0          0   libshutdown2.o
         8          4          0          0         96         68   libspace.o
       138          0          0          0          0         80   lludiv10.o
        16          4          0          0          0         76   rt_ctype_table.o
         8          4          0          0          0         68   rt_locale_intlibspace.o
         2          0          0          0          0          0   rtexit.o
        10          0          0          0          0          0   rtexit2.o
       128          0          0          0          0         68   strcmpv7m.o
        62          0          0          0          0         76   strlen.o
        74          0          0          0          0         80   sys_stackheap_outer.o
         2          0          0          0          0         68   use_no_semi.o
         2          0          0          0          0         68   use_no_semi_2.o
        52          4          0          0          0         80   vsnprintf.o
         4          0          0          0          0         68   printf1.o
         4          0          0          0          0         68   printf2.o
         0          0          0          0          0          0   usenofp.o
        40          0          0          0          0         68   fpclassify.o

    ----------------------------------------------------------------------
      6860        270        556          0        100       4468   Library Totals
        14          0          5          0          4          0   (incl. Padding)

    ----------------------------------------------------------------------

      Code (inc. data)   RO Data    RW Data    ZI Data      Debug   Library Name

      6798        270        551          0         96       4264   c_w.l
         8          0          0          0          0        136   fz_ws.l
        40          0          0          0          0         68   m_ws.l

    ----------------------------------------------------------------------
      6860        270        556          0        100       4468   Library Totals

    ----------------------------------------------------------------------

==============================================================================


      Code (inc. data)   RO Data    RW Data    ZI Data      Debug   

     14468       1058        824         80       1648     318624   Grand Totals
     14468       1058        824         80       1648     318624   ELF Image Totals
     14468       1058        824         80          0          0   ROM Totals

==============================================================================

    Total RO  Size (Code + RO Data)                15292 (  14.93kB)
    Total RW  Size (RW Data + ZI Data)              1728 (   1.69kB)
    Total ROM Size (Code + RO Data + RW Data)      15372 (  15.01kB)

==============================================================================

