Component: ARM Compiler 5.05 update 1 (build 106) Tool: armlink [4d0efa]

==============================================================================

Section Cross References

    startup_stm32f10x_md.o(STACK) refers (Special) to heapauxi.o(.text) for __use_two_region_memory
    startup_stm32f10x_md.o(HEAP) refers (Special) to heapauxi.o(.text) for __use_two_region_memory
    startup_stm32f10x_md.o(RESET) refers (Special) to heapauxi.o(.text) for __use_two_region_memory
    startup_stm32f10x_md.o(RESET) refers to startup_stm32f10x_md.o(STACK) for __initial_sp
    startup_stm32f10x_md.o(RESET) refers to startup_stm32f10x_md.o(.text) for Reset_Handler
    startup_stm32f10x_md.o(RESET) refers to stm32f10x_it.o(i.NMI_Handler) for NMI_Handler
    startup_stm32f10x_md.o(RESET) refers to stm32f10x_it.o(i.HardFault_Handler) for HardFault_Handler
    startup_stm32f10x_md.o(RESET) refers to stm32f10x_it.o(i.MemManage_Handler) for MemManage_Handler
    startup_stm32f10x_md.o(RESET) refers to stm32f10x_it.o(i.BusFault_Handler) for BusFault_Handler
    startup_stm32f10x_md.o(RESET) refers to stm32f10x_it.o(i.UsageFault_Handler) for UsageFault_Handler
    startup_stm32f10x_md.o(RESET) refers to stm32f10x_it.o(i.SVC_Handler) for SVC_Handler
    startup_stm32f10x_md.o(RESET) refers to stm32f10x_it.o(i.DebugMon_Handler) for DebugMon_Handler
    startup_stm32f10x_md.o(RESET) refers to stm32f10x_it.o(i.PendSV_Handler) for PendSV_Handler
    startup_stm32f10x_md.o(RESET) refers to stm32f10x_it.o(i.SysTick_Handler) for SysTick_Handler
    startup_stm32f10x_md.o(RESET) refers to timer.o(i.TIM2_IRQHandler) for TIM2_IRQHandler
    startup_stm32f10x_md.o(RESET) refers to stm32f10x_it.o(i.TIM3_IRQHandler) for TIM3_IRQHandler
    startup_stm32f10x_md.o(RESET) refers to usart.o(i.USART1_IRQHandler) for USART1_IRQHandler
    startup_stm32f10x_md.o(.text) refers (Special) to heapauxi.o(.text) for __use_two_region_memory
    startup_stm32f10x_md.o(.text) refers to system_stm32f10x.o(i.SystemInit) for SystemInit
    startup_stm32f10x_md.o(.text) refers to __main.o(!!!main) for __main
    startup_stm32f10x_md.o(.text) refers to startup_stm32f10x_md.o(HEAP) for Heap_Mem
    startup_stm32f10x_md.o(.text) refers to startup_stm32f10x_md.o(STACK) for Stack_Mem
    stm32f10x_gpio.o(i.GPIO_AFIODeInit) refers to stm32f10x_rcc.o(i.RCC_APB2PeriphResetCmd) for RCC_APB2PeriphResetCmd
    stm32f10x_gpio.o(i.GPIO_DeInit) refers to stm32f10x_rcc.o(i.RCC_APB2PeriphResetCmd) for RCC_APB2PeriphResetCmd
    stm32f10x_rcc.o(i.RCC_GetClocksFreq) refers to stm32f10x_rcc.o(.data) for APBAHBPrescTable
    stm32f10x_rcc.o(i.RCC_WaitForHSEStartUp) refers to stm32f10x_rcc.o(i.RCC_GetFlagStatus) for RCC_GetFlagStatus
    stm32f10x_usart.o(i.USART_DeInit) refers to stm32f10x_rcc.o(i.RCC_APB2PeriphResetCmd) for RCC_APB2PeriphResetCmd
    stm32f10x_usart.o(i.USART_DeInit) refers to stm32f10x_rcc.o(i.RCC_APB1PeriphResetCmd) for RCC_APB1PeriphResetCmd
    stm32f10x_usart.o(i.USART_Init) refers to stm32f10x_rcc.o(i.RCC_GetClocksFreq) for RCC_GetClocksFreq
    stm32f10x_bkp.o(i.BKP_DeInit) refers to stm32f10x_rcc.o(i.RCC_BackupResetCmd) for RCC_BackupResetCmd
    stm32f10x_pwr.o(i.PWR_DeInit) refers to stm32f10x_rcc.o(i.RCC_APB1PeriphResetCmd) for RCC_APB1PeriphResetCmd
    stm32f10x_rtc.o(i.RTC_SetAlarm) refers to stm32f10x_rtc.o(i.RTC_EnterConfigMode) for RTC_EnterConfigMode
    stm32f10x_rtc.o(i.RTC_SetAlarm) refers to stm32f10x_rtc.o(i.RTC_ExitConfigMode) for RTC_ExitConfigMode
    stm32f10x_rtc.o(i.RTC_SetCounter) refers to stm32f10x_rtc.o(i.RTC_EnterConfigMode) for RTC_EnterConfigMode
    stm32f10x_rtc.o(i.RTC_SetCounter) refers to stm32f10x_rtc.o(i.RTC_ExitConfigMode) for RTC_ExitConfigMode
    stm32f10x_rtc.o(i.RTC_SetPrescaler) refers to stm32f10x_rtc.o(i.RTC_EnterConfigMode) for RTC_EnterConfigMode
    stm32f10x_rtc.o(i.RTC_SetPrescaler) refers to stm32f10x_rtc.o(i.RTC_ExitConfigMode) for RTC_ExitConfigMode
    stm32f10x_tim.o(i.TIM_DeInit) refers to stm32f10x_rcc.o(i.RCC_APB2PeriphResetCmd) for RCC_APB2PeriphResetCmd
    stm32f10x_tim.o(i.TIM_DeInit) refers to stm32f10x_rcc.o(i.RCC_APB1PeriphResetCmd) for RCC_APB1PeriphResetCmd
    stm32f10x_tim.o(i.TIM_ETRClockMode1Config) refers to stm32f10x_tim.o(i.TIM_ETRConfig) for TIM_ETRConfig
    stm32f10x_tim.o(i.TIM_ETRClockMode2Config) refers to stm32f10x_tim.o(i.TIM_ETRConfig) for TIM_ETRConfig
    stm32f10x_tim.o(i.TIM_ICInit) refers to stm32f10x_tim.o(i.TI1_Config) for TI1_Config
    stm32f10x_tim.o(i.TIM_ICInit) refers to stm32f10x_tim.o(i.TIM_SetIC1Prescaler) for TIM_SetIC1Prescaler
    stm32f10x_tim.o(i.TIM_ICInit) refers to stm32f10x_tim.o(i.TI2_Config) for TI2_Config
    stm32f10x_tim.o(i.TIM_ICInit) refers to stm32f10x_tim.o(i.TIM_SetIC2Prescaler) for TIM_SetIC2Prescaler
    stm32f10x_tim.o(i.TIM_ICInit) refers to stm32f10x_tim.o(i.TI3_Config) for TI3_Config
    stm32f10x_tim.o(i.TIM_ICInit) refers to stm32f10x_tim.o(i.TIM_SetIC3Prescaler) for TIM_SetIC3Prescaler
[...]
    _printf_g                                0x08000179   Thumb Code     0  _printf_g.o(.ARM.Collect$$_printf_percent$$00000005)
    _printf_a                                0x0800017f   Thumb Code     0  _printf_a.o(.ARM.Collect$$_printf_percent$$00000006)
    _printf_ll                               0x08000185   Thumb Code     0  _printf_ll.o(.ARM.Collect$$_printf_percent$$00000007)
    _printf_i                                0x0800018f   Thumb Code     0  _printf_i.o(.ARM.Collect$$_printf_percent$$00000008)
    _printf_d                                0x08000195   Thumb Code     0  _printf_d.o(.ARM.Collect$$_printf_percent$$00000009)
    _printf_u                                0x0800019b   Thumb Code     0  _printf_u.o(.ARM.Collect$$_printf_percent$$0000000A)
    _printf_o                                0x080001a1   Thumb Code     0  _printf_o.o(.ARM.Collect$$_printf_percent$$0000000B)
    _printf_x                                0x080001a7   Thumb Code     0  _printf_x.o(.ARM.Collect$$_printf_percent$$0000000C)
    _printf_lli                              0x080001ad   Thumb Code     0  _printf_lli.o(.ARM.Collect$$_printf_percent$$0000000D)
    _printf_lld                              0x080001b3   Thumb Code     0  _printf_lld.o(.ARM.Collect$$_printf_percent$$0000000E)
    _printf_llu                              0x080001b9   Thumb Code     0  _printf_llu.o(.ARM.Collect$$_printf_percent$$0000000F)
    _printf_llo                              0x080001bf   Thumb Code     0  _printf_llo.o(.ARM.Collect$$_printf_percent$$00000010)
    _printf_llx                              0x080001c5   Thumb Code     0  _printf_llx.o(.ARM.Collect$$_printf_percent$$00000011)
    _printf_l                                0x080001cb   Thumb Code     0  _printf_l.o(.ARM.Collect$$_printf_percent$$00000012)
    _printf_c                                0x080001d5   Thumb Code     0  _printf_c.o(.ARM.Collect$$_printf_percent$$00000013)
    _printf_s                                0x080001db   Thumb Code     0  _printf_s.o(.ARM.Collect$$_printf_percent$$00000014)
    _printf_lc                               0x080001e1   Thumb Code     0  _printf_lc.o(.ARM.Collect$$_printf_percent$$00000015)
    _printf_ls                               0x080001e7   Thumb Code     0  _printf_ls.o(.ARM.Collect$$_printf_percent$$00000016)
    _printf_percent_end                      0x080001ed   Thumb Code     0  _printf_percent_end.o(.ARM.Collect$$_printf_percent$$00000017)
    __rt_lib_init                            0x080001f1   Thumb Code     0  libinit.o(.ARM.Collect$$libinit$$00000000)
    __rt_lib_init_fp_1                       0x080001f3   Thumb Code     0  libinit2.o(.ARM.Collect$$libinit$$00000002)
    __rt_lib_init_heap_1                     0x080001f3   Thumb Code     0  libinit2.o(.ARM.Collect$$libinit$$0000000A)
    __rt_lib_init_lc_common                  0x080001f3   Thumb Code     0  libinit2.o(.ARM.Collect$$libinit$$0000000F)
    __rt_lib_init_preinit_1                  0x080001f3   Thumb Code     0  libinit2.o(.ARM.Collect$$libinit$$00000004)
    __rt_lib_init_rand_1                     0x080001f3   Thumb Code     0  libinit2.o(.ARM.Collect$$libinit$$0000000E)
    __rt_lib_init_user_alloc_1               0x080001f3   Thumb Code     0  libinit2.o(.ARM.Collect$$libinit$$0000000C)
    __rt_lib_init_lc_collate_1               0x080001f9   Thumb Code     0  libinit2.o(.ARM.Collect$$libinit$$00000011)
    __rt_lib_init_lc_ctype_2                 0x080001f9   Thumb Code     0  libinit2.o(.ARM.Collect$$libinit$$00000012)
    __rt_lib_init_lc_ctype_1                 0x08000205   Thumb Code     0  libinit2.o(.ARM.Collect$$libinit$$00000013)
    __rt_lib_init_lc_monetary_1              0x08000205   Thumb Code     0  libinit2.o(.ARM.Collect$$libinit$$00000015)
    __rt_lib_init_lc_numeric_2               0x08000205   Thumb Code     0  libinit2.o(.ARM.Collect$$libinit$$00000016)
    __rt_lib_init_alloca_1                   0x0800020f   Thumb Code     0  libinit2.o(.ARM.Collect$$libinit$$0000002E)
    __rt_lib_init_argv_1                     0x0800020f   Thumb Code     0  libinit2.o(.ARM.Collect$$libinit$$0000002C)
    __rt_lib_init_atexit_1                   0x0800020f   Thumb Code     0  libinit2.o(.ARM.Collect$$libinit$$0000001B)
    __rt_lib_init_clock_1                    0x0800020f   Thumb Code     0  libinit2.o(.ARM.Collect$$libinit$$00000021)
    __rt_lib_init_cpp_1                      0x0800020f   Thumb Code     0  libinit2.o(.ARM.Collect$$libinit$$00000032)
    __rt_lib_init_exceptions_1               0x0800020f   Thumb Code     0  libinit2.o(.ARM.Collect$$libinit$$00000030)
    __rt_lib_init_fp_trap_1                  0x0800020f   Thumb Code     0  libinit2.o(.ARM.Collect$$libinit$$0000001F)
    __rt_lib_init_getenv_1                   0x0800020f   Thumb Code     0  libinit2.o(.ARM.Collect$$libinit$$00000023)
    __rt_lib_init_lc_numeric_1               0x0800020f   Thumb Code     0  libinit2.o(.ARM.Collect$$libinit$$00000017)
    __rt_lib_init_lc_time_1                  0x0800020f   Thumb Code     0  libinit2.o(.ARM.Collect$$libinit$$00000019)
    __rt_lib_init_return                     0x0800020f   Thumb Code     0  libinit2.o(.ARM.Collect$$libinit$$00000033)
    __rt_lib_init_signal_1                   0x0800020f   Thumb Code     0  libinit2.o(.ARM.Collect$$libinit$$0000001D)
    __rt_lib_init_stdio_1                    0x0800020f   Thumb Code     0  libinit2.o(.ARM.Collect$$libinit$$00000025)
    __rt_lib_shutdown                        0x08000211   Thumb Code     0  libshutdown.o(.ARM.Collect$$libshutdown$$00000000)
    __rt_lib_shutdown_fp_trap_1              0x08000213   Thumb Code     0  libshutdown2.o(.ARM.Collect$$libshutdown$$00000006)
    __rt_lib_shutdown_heap_1                 0x08000213   Thumb Code     0  libshutdown2.o(.ARM.Collect$$libshutdown$$0000000E)
    __rt_lib_shutdown_return                 0x08000213   Thumb Code     0  libshutdown2.o(.ARM.Collect$$libshutdown$$0000000F)
    __rt_lib_shutdown_signal_1               0x08000213   Thumb Code     0  libshutdown2.o(.ARM.Collect$$libshutdown$$00000009)
    __rt_lib_shutdown_stdio_1                0x08000213   Thumb Code     0  libshutdown2.o(.ARM.Collect$$libshutdown$$00000003)
    __rt_lib_shutdown_user_alloc_1           0x08000213   Thumb Code     0  libshutdown2.o(.ARM.Collect$$libshutdown$$0000000B)
    __rt_entry                               0x08000215   Thumb Code     0  __rtentry.o(.ARM.Collect$$rtentry$$00000000)
    __rt_entry_presh_1                       0x08000215   Thumb Code     0  __rtentry2.o(.ARM.Collect$$rtentry$$00000002)
    __rt_entry_sh                            0x08000215   Thumb Code     0  __rtentry4.o(.ARM.Collect$$rtentry$$00000004)
    __rt_entry_li                            0x0800021b   Thumb Code     0  __rtentry2.o(.ARM.Collect$$rtentry$$0000000A)
    __rt_entry_postsh_1                      0x0800021b   Thumb Code     0  __rtentry2.o(.ARM.Collect$$rtentry$$00000009)
    __rt_entry_main                          0x0800021f   Thumb Code     0  __rtentry2.o(.ARM.Collect$$rtentry$$0000000D)
    __rt_entry_postli_1                      0x0800021f   Thumb Code     0  __rtentry2.o(.ARM.Collect$$rtentry$$0000000C)
    __rt_exit                                0x08000227   Thumb Code     0  rtexit.o(.ARM.Collect$$rtexit$$00000000)
    __rt_exit_ls                             0x08000229   Thumb Code     0  rtexit2.o(.ARM.Collect$$rtexit$$00000003)
    __rt_exit_prels_1                        0x08000229   Thumb Code     0  rtexit2.o(.ARM.Collect$$rtexit$$00000002)
    __rt_exit_exit                           0x0800022d   Thumb Code     0  rtexit2.o(.ARM.Collect$$rtexit$$00000004)
    Reset_Handler                            0x08000235   Thumb Code     8  startup_stm32f10x_md.o(.text)
    ADC1_2_IRQHandler                        0x0800024f   Thumb Code     0  startup_stm32f10x_md.o(.text)
    CAN1_RX1_IRQHandler                      0x0800024f   Thumb Code     0  startup_stm32f10x_md.o(.text)
    CAN1_SCE_IRQHandler                      0x0800024f   Thumb Code     0  startup_stm32f10x_md.o(.text)
    DMA1_Channel1_IRQHandler                 0x0800024f   Thumb Code     0  startup_stm32f10x_md.o(.text)
    DMA1_Channel2_IRQHandler                 0x0800024f   Thumb Code     0  startup_stm32f10x_md.o(.text)
    DMA1_Channel3_IRQHandler                 0x0800024f   Thumb Code     0  startup_stm32f10x_md.o(.text)
    DMA1_Channel4_IRQHandler                 0x0800024f   Thumb Code     0  startup_stm32f10x_md.o(.text)
    DMA1_Channel5_IRQHandler                 0x0800024f   Thumb Code     0  startup_stm32f10x_md.o(.text)
    DMA1_Channel6_IRQHandler                 0x0800024f   Thumb Code     0  startup_stm32f10x_md.o(.text)
    DMA1_Channel7_IRQHandler                 0x0800024f   Thumb Code     0  startup_stm32f10x_md.o(.text)
    EXTI0_IRQHandler                         0x0800024f   Thumb Code     0  startup_stm32f10x_md.o(.text)
    EXTI15_10_IRQHandler                     0x0800024f   Thumb Code     0  startup_stm32f10x_md.o(.text)
    EXTI1_IRQHandler                         0x0800024f   Thumb Code     0  startup_stm32f10x_md.o(.text)
    EXTI2_IRQHandler                         0x0800024f   Thumb Code     0  startup_stm32f10x_md.o(.text)
    EXTI3_IRQHandler                         0x0800024f   Thumb Code     0  startup_stm32f10x_md.o(.text)
    EXTI4_IRQHandler                         0x0800024f   Thumb Code     0  startup_stm32f10x_md.o(.text)
    EXTI9_5_IRQHandler                       0x0800024f   Thumb Code     0  startup_stm32f10x_md.o(.text)
    FLASH_IRQHandler                         0x0800024f   Thumb Code     0  startup_stm32f10x_md.o(.text)
    I2C1_ER_IRQHandler                       0x0800024f   Thumb Code     0  startup_stm32f10x_md.o(.text)
    I2C1_EV_IRQHandler                       0x0800024f   Thumb Code     0  startup_stm32f10x_md.o(.text)
    I2C2_ER_IRQHandler                       0x0800024f   Thumb Code     0  startup_stm32f10x_md.o(.text)
    I2C2_EV_IRQHandler                       0x0800024f   Thumb Code     0  startup_stm32f10x_md.o(.text)
    PVD_IRQHandler                           0x0800024f   Thumb Code     0  startup_stm32f10x_md.o(.text)
    RCC_IRQHandler                           0x0800024f   Thumb Code     0  startup_stm32f10x_md.o(.text)
    RTCAlarm_IRQHandler                      0x0800024f   Thumb Code     0  startup_stm32f10x_md.o(.text)
    RTC_IRQHandler                           0x0800024f   Thumb Code     0  startup_stm32f10x_md.o(.text)
    SPI1_IRQHandler                          0x0800024f   Thumb Code     0  startup_stm32f10x_md.o(.text)
    SPI2_IRQHandler                          0x0800024f   Thumb Code     0  startup_stm32f10x_md.o(.text)
    TAMPER_IRQHandler                        0x0800024f   Thumb Code     0  startup_stm32f10x_md.o(.text)
    TIM1_BRK_IRQHandler                      0x0800024f   Thumb Code     0  startup_stm32f10x_md.o(.text)
    TIM1_CC_IRQHandler                       0x0800024f   Thumb Code     0  startup_stm32f10x_md.o(.text)
    TIM1_TRG_COM_IRQHandler                  0x0800024f   Thumb Code     0  startup_stm32f10x_md.o(.text)
    TIM1_UP_IRQHandler                       0x0800024f   Thumb Code     0  startup_stm32f10x_md.o(.text)
    TIM4_IRQHandler                          0x0800024f   Thumb Code     0  startup_stm32f10x_md.o(.text)
    USART2_IRQHandler                        0x0800024f   Thumb Code     0  startup_stm32f10x_md.o(.text)
    USART3_IRQHandler                        0x0800024f   Thumb Code     0  startup_stm32f10x_md.o(.text)
    USBWakeUp_IRQHandler                     0x0800024f   Thumb Code     0  startup_stm32f10x_md.o(.text)
    USB_HP_CAN1_TX_IRQHandler                0x0800024f   Thumb Code     0  startup_stm32f10x_md.o(.text)
    USB_LP_CAN1_RX0_IRQHandler               0x0800024f   Thumb Code     0  startup_stm32f10x_md.o(.text)
    WWDG_IRQHandler                          0x0800024f   Thumb Code     0  startup_stm32f10x_md.o(.text)
    __user_initial_stackheap                 0x08000251   Thumb Code     0  startup_stm32f10x_md.o(.text)
    __use_no_semihosting                     0x08000275   Thumb Code     2  use_no_semi_2.o(.text)
    vsnprintf                                0x08000279   Thumb Code    48  vsnprintf.o(.text)
    __2printf                                0x080002ad   Thumb Code    20  __2printf.o(.text)
    _printf_str                              0x080002c5   Thumb Code    82  _printf_str.o(.text)
    __printf                                 0x08000319   Thumb Code   388  __printf_flags_ss_wp.o(.text)
    strlen                                   0x080004a1   Thumb Code    62  strlen.o(.text)
    __use_two_region_memory                  0x080004df   Thumb Code     2  heapauxi.o(.text)
    __rt_heap_escrow$2region                 0x080004e1   Thumb Code     2  heapauxi.o(.text)
    __rt_heap_expand$2region                 0x080004e3   Thumb Code     2  heapauxi.o(.text)
    __I$use$semihosting                      0x080004e5   Thumb Code     0  use_no_semi.o(.text)
    __use_no_semihosting_swi                 0x080004e5   Thumb Code     2  use_no_semi.o(.text)
    __read_errno                             0x080004e7   Thumb Code    10  _rserrno.o(.text)
    __set_errno                              0x080004f1   Thumb Code    12  _rserrno.o(.text)
    _printf_pre_padding                      0x080004fd   Thumb Code    44  _printf_pad.o(.text)
    _printf_post_padding                     0x08000529   Thumb Code    34  _printf_pad.o(.text)
    _printf_truncate_signed                  0x0800054b   Thumb Code    18  _printf_truncate.o(.text)
    _printf_truncate_unsigned                0x0800055d   Thumb Code    18  _printf_truncate.o(.text)
    _printf_int_dec                          0x08000571   Thumb Code   104  _printf_dec.o(.text)
    _printf_charcount                        0x080005e9   Thumb Code    40  _printf_charcount.o(.text)
    _printf_char_common                      0x0800061b   Thumb Code    32  _printf_char_common.o(.text)
    _sputc                                   0x08000641   Thumb Code    10  _sputc.o(.text)
    _snputc                                  0x0800064b   Thumb Code    16  _snputc.o(.text)
    _printf_cs_common                        0x0800065b   Thumb Code    20  _printf_char.o(.text)
    _printf_char                             0x0800066f   Thumb Code    16  _printf_char.o(.text)
    _printf_string                           0x0800067f   Thumb Code     8  _printf_char.o(.text)
    _printf_char_file                        0x08000689   Thumb Code    32  _printf_char_file.o(.text)
    _printf_wctomb                           0x080006ad   Thumb Code   182  _printf_wctomb.o(.text)
    _printf_longlong_dec                     0x08000769   Thumb Code   108  _printf_longlong_dec.o(.text)
    _printf_longlong_oct                     0x080007e5   Thumb Code    68  _printf_oct_int_ll.o(.text)
    _printf_int_oct                          0x08000829   Thumb Code    24  _printf_oct_int_ll.o(.text)
    _printf_ll_oct                           0x08000841   Thumb Code    12  _printf_oct_int_ll.o(.text)
    _printf_longlong_hex                     0x08000855   Thumb Code    86  _printf_hex_int_ll_ptr.o(.text)
    _printf_int_hex                          0x080008ab   Thumb Code    28  _printf_hex_int_ll_ptr.o(.text)
    _printf_ll_hex                           0x080008c7   Thumb Code    12  _printf_hex_int_ll_ptr.o(.text)
    _printf_hex_ptr                          0x080008d3   Thumb Code    18  _printf_hex_int_ll_ptr.o(.text)
    __aeabi_errno_addr                       0x080008e9   Thumb Code     8  rt_errno_addr_intlibspace.o(.text)
    __errno$intlibspace                      0x080008e9   Thumb Code     0  rt_errno_addr_intlibspace.o(.text)
    __rt_errno_addr$intlibspace              0x080008e9   Thumb Code     0  rt_errno_addr_intlibspace.o(.text)
    _ll_udiv10                               0x080008f1   Thumb Code   138  lludiv10.o(.text)
    _printf_int_common                       0x0800097b   Thumb Code   178  _printf_intcommon.o(.text)
    __lib_sel_fp_printf                      0x08000a2d   Thumb Code     2  _printf_fp_dec.o(.text)
    _printf_fp_dec_real                      0x08000bdb   Thumb Code   620  _printf_fp_dec.o(.text)
    _printf_fp_hex_real                      0x08000e49   Thumb Code   754  _printf_fp_hex.o(.text)
    _printf_lcs_common                       0x08001145   Thumb Code    20  _printf_wchar.o(.text)
    _printf_wchar                            0x08001159   Thumb Code    16  _printf_wchar.o(.text)
    _printf_wstring                          0x08001169   Thumb Code     8  _printf_wchar.o(.text)
    ferror                                   0x08001171   Thumb Code     8  ferror.o(.text)
    _wcrtomb                                 0x08001179   Thumb Code    64  _wcrtomb.o(.text)
    __user_libspace                          0x080011b9   Thumb Code     8  libspace.o(.text)
    __user_perproc_libspace                  0x080011b9   Thumb Code     0  libspace.o(.text)
    __user_perthread_libspace                0x080011b9   Thumb Code     0  libspace.o(.text)
    __user_setup_stackheap                   0x080011c1   Thumb Code    74  sys_stackheap_outer.o(.text)
    __rt_ctype_table                         0x0800120d   Thumb Code    16  rt_ctype_table.o(.text)
    __rt_locale                              0x0800121d   Thumb Code     8  rt_locale_intlibspace.o(.text)
    _printf_fp_infnan                        0x08001225   Thumb Code   112  _printf_fp_infnan.o(.text)
    _btod_etento                             0x080012a5   Thumb Code   216  bigflt0.o(.text)
    exit                                     0x08001381   Thumb Code    12  exit.o(.text)
    strcmp                                   0x0800138d   Thumb Code   128  strcmpv7m.o(.text)
    _btod_d2e                                0x0800140d   Thumb Code    62  btod.o(CL$$btod_d2e)
    _d2e_denorm_low                          0x0800144b   Thumb Code    70  btod.o(CL$$btod_d2e_denorm_low)
    _d2e_norm_op1                            0x08001491   Thumb Code    96  btod.o(CL$$btod_d2e_norm_op1)
    __btod_div_common                        0x080014f1   Thumb Code   696  btod.o(CL$$btod_div_common)
    _e2e                                     0x08001829   Thumb Code   198  btod.o(CL$$btod_e2e)
    _btod_ediv                               0x080018ef   Thumb Code    40  btod.o(CL$$btod_ediv)
    _btod_emul                               0x08001917   Thumb Code    40  btod.o(CL$$btod_emul)
    __btod_mult_common                       0x0800193f   Thumb Code   580  btod.o(CL$$btod_mult_common)
    ACC_IIR_Filter                           0x08001b85   Thumb Code   174  filter.o(i.ACC_IIR_Filter)
    BSP_Init                                 0x08001c39   Thumb Code    98  tasks.o(i.BSP_Init)
    BusFault_Handler                         0x08001cb5   Thumb Code     4  stm32f10x_it.o(i.BusFault_Handler)
    Control_Angle                            0x08001cb9   Thumb Code   570  control.o(i.Control_Angle)
    Control_Gyro                             0x08001f1d   Thumb Code  1196  control.o(i.Control_Gyro)
    DebugMon_Handler                         0x080023d5   Thumb Code     2  stm32f10x_it.o(i.DebugMon_Handler)
    Do_ACC_Offset                            0x080023d9   Thumb Code     8  mpu6050.o(i.Do_ACC_Offset)
    Do_GYRO_Offset                           0x080023e5   Thumb Code     8  mpu6050.o(i.Do_GYRO_Offset)
    EEPROM_INIT                              0x080023f1   Thumb Code    64  struct_all.o(i.EEPROM_INIT)
    EEPROM_READ_ACC_OFFSET                   0x08002439   Thumb Code    60  struct_all.o(i.EEPROM_READ_ACC_OFFSET)
    EEPROM_READ_GYRO_OFFSET                  0x08002489   Thumb Code    60  struct_all.o(i.EEPROM_READ_GYRO_OFFSET)
    EEPROM_READ_PID                          0x080024d9   Thumb Code   290  struct_all.o(i.EEPROM_READ_PID)
    EEPROM_SAVE_PID                          0x08002629   Thumb Code   280  struct_all.o(i.EEPROM_SAVE_PID)
    EE_Init                                  0x080027f9   Thumb Code    16  eeprom.o(i.EE_Init)
    EE_ReadVariable                          0x080028fd   Thumb Code    88  eeprom.o(i.EE_ReadVariable)
    EE_WriteVariable                         0x080029e5   Thumb Code    36  eeprom.o(i.EE_WriteVariable)
    FLASH_ErasePage                          0x08002a09   Thumb Code    72  stm32f10x_flash.o(i.FLASH_ErasePage)
    FLASH_GetBank1Status                     0x08002a55   Thumb Code    48  stm32f10x_flash.o(i.FLASH_GetBank1Status)
    FLASH_PrefetchBufferCmd                  0x08002a89   Thumb Code    22  stm32f10x_flash.o(i.FLASH_PrefetchBufferCmd)
    FLASH_ProgramHalfWord                    0x08002aa5   Thumb Code    60  stm32f10x_flash.o(i.FLASH_ProgramHalfWord)
    FLASH_SetLatency                         0x08002ae5   Thumb Code    18  stm32f10x_flash.o(i.FLASH_SetLatency)
    FLASH_Unlock                             0x08002afd   Thumb Code    12  stm32f10x_flash.o(i.FLASH_Unlock)
    FLASH_WaitForLastOperation               0x08002b15   Thumb Code    38  stm32f10x_flash.o(i.FLASH_WaitForLastOperation)
    GPIO_Init                                0x08002b3b   Thumb Code   278  stm32f10x_gpio.o(i.GPIO_Init)
    GPIO_ResetBits                           0x08002c51   Thumb Code     4  stm32f10x_gpio.o(i.GPIO_ResetBits)
    Get_Eulerian_Angle                       0x08002c55   Thumb Code   260  imu.o(i.Get_Eulerian_Angle)
    Get_Radian                               0x08002d6d   Thumb Code    62  maths.o(i.Get_Radian)
    Gyro_Filter                              0x08002db1   Thumb Code   156  filter.o(i.Gyro_Filter)
    HardFault_Handler                        0x08002e5d   Thumb Code     4  stm32f10x_it.o(i.HardFault_Handler)
    I2C_MPU6050_Init                         0x08002ea9   Thumb Code    68  mpu6050.o(i.I2C_MPU6050_Init)
    IMUupdate                                0x08003141   Thumb Code   978  imu.o(i.IMUupdate)
    InitCurrWrAddress                        0x08003545   Thumb Code    92  eeprom.o(i.InitCurrWrAddress)
    MPU6050_Compose                          0x080035a9   Thumb Code   152  mpu6050.o(i.MPU6050_Compose)
    MPU6050_Init                             0x08003655   Thumb Code   118  mpu6050.o(i.MPU6050_Init)
    MPU6050_Offset                           0x08003721   Thumb Code   372  mpu6050.o(i.MPU6050_Offset)
    MPU6050_SequenceRead                     0x080038cd   Thumb Code   104  mpu6050.o(i.MPU6050_SequenceRead)
    MPU6050_SingleRead                       0x08003939   Thumb Code   124  mpu6050.o(i.MPU6050_SingleRead)
    MemManage_Handler                        0x080039b9   Thumb Code     4  stm32f10x_it.o(i.MemManage_Handler)
    Motor_Out                                0x080039bd   Thumb Code   158  pwm.o(i.Motor_Out)
    NMI_Handler                              0x08003ab1   Thumb Code     2  stm32f10x_it.o(i.NMI_Handler)
    NVIC_Init                                0x08003ab5   Thumb Code   100  misc.o(i.NVIC_Init)
    NVIC_PriorityGroupConfig                 0x08003b25   Thumb Code    10  misc.o(i.NVIC_PriorityGroupConfig)
    Nvic_Init                                0x08003b39   Thumb Code    40  tasks.o(i.Nvic_Init)
    PID_Reset                                0x08003b61   Thumb Code    86  struct_all.o(i.PID_Reset)
    PendSV_Handler                           0x08003bdd   Thumb Code     2  stm32f10x_it.o(i.PendSV_Handler)
    RCC_APB1PeriphClockCmd                   0x08003be1   Thumb Code    26  stm32f10x_rcc.o(i.RCC_APB1PeriphClockCmd)
    RCC_APB1PeriphResetCmd                   0x08003c01   Thumb Code    26  stm32f10x_rcc.o(i.RCC_APB1PeriphResetCmd)
    RCC_APB2PeriphClockCmd                   0x08003c21   Thumb Code    26  stm32f10x_rcc.o(i.RCC_APB2PeriphClockCmd)
    RCC_APB2PeriphResetCmd                   0x08003c41   Thumb Code    26  stm32f10x_rcc.o(i.RCC_APB2PeriphResetCmd)
    RCC_Configuration                        0x08003c61   Thumb Code   100  sys.o(i.RCC_Configuration)
    RCC_DeInit                               0x08003cc5   Thumb Code    64  stm32f10x_rcc.o(i.RCC_DeInit)
    RCC_GetClocksFreq                        0x08003d11   Thumb Code   192  stm32f10x_rcc.o(i.RCC_GetClocksFreq)
    RCC_GetFlagStatus                        0x08003de5   Thumb Code    56  stm32f10x_rcc.o(i.RCC_GetFlagStatus)
    RCC_GetSYSCLKSource                      0x08003e21   Thumb Code    10  stm32f10x_rcc.o(i.RCC_GetSYSCLKSource)
    RCC_HCLKConfig                           0x08003e31   Thumb Code    18  stm32f10x_rcc.o(i.RCC_HCLKConfig)
    RCC_HSEConfig                            0x08003e49   Thumb Code    70  stm32f10x_rcc.o(i.RCC_HSEConfig)
    RCC_PCLK1Config                          0x08003e95   Thumb Code    18  stm32f10x_rcc.o(i.RCC_PCLK1Config)
    RCC_PCLK2Config                          0x08003ead   Thumb Code    20  stm32f10x_rcc.o(i.RCC_PCLK2Config)
    RCC_PLLCmd                               0x08003ec5   Thumb Code     6  stm32f10x_rcc.o(i.RCC_PLLCmd)
    RCC_PLLConfig                            0x08003ed1   Thumb Code    24  stm32f10x_rcc.o(i.RCC_PLLConfig)
    RCC_SYSCLKConfig                         0x08003eed   Thumb Code    18  stm32f10x_rcc.o(i.RCC_SYSCLKConfig)
    RCC_WaitForHSEStartUp                    0x08003f05   Thumb Code    56  stm32f10x_rcc.o(i.RCC_WaitForHSEStartUp)
    Rc_Recive                                0x08003f3d   Thumb Code   234  rc.o(i.Rc_Recive)
    SVC_Handler                              0x0800404d   Thumb Code     2  stm32f10x_it.o(i.SVC_Handler)
    SysTick_Handler                          0x080041c5   Thumb Code     2  stm32f10x_it.o(i.SysTick_Handler)
    SystemInit                               0x080041c9   Thumb Code    78  system_stm32f10x.o(i.SystemInit)
    TIM2_Cap_Init                            0x08004469   Thumb Code   280  timer.o(i.TIM2_Cap_Init)
    TIM2_IRQHandler                          0x08004589   Thumb Code   724  timer.o(i.TIM2_IRQHandler)
    TIM3_IRQHandler                          0x0800487d   Thumb Code    70  stm32f10x_it.o(i.TIM3_IRQHandler)
    TIM4_PWM_Init                            0x080048dd   Thumb Code   180  pwm.o(i.TIM4_PWM_Init)
    TIM_ARRPreloadConfig                     0x08004999   Thumb Code    24  stm32f10x_tim.o(i.TIM_ARRPreloadConfig)
    TIM_ClearFlag                            0x080049b1   Thumb Code     6  stm32f10x_tim.o(i.TIM_ClearFlag)
    TIM_ClearITPendingBit                    0x080049b7   Thumb Code     6  stm32f10x_tim.o(i.TIM_ClearITPendingBit)
    TIM_Cmd                                  0x080049bd   Thumb Code    24  stm32f10x_tim.o(i.TIM_Cmd)
    TIM_DeInit                               0x080049d5   Thumb Code   424  stm32f10x_tim.o(i.TIM_DeInit)
    TIM_GetCapture1                          0x08004bbd   Thumb Code     6  stm32f10x_tim.o(i.TIM_GetCapture1)
    TIM_GetCapture2                          0x08004bc3   Thumb Code     6  stm32f10x_tim.o(i.TIM_GetCapture2)
    TIM_GetCapture3                          0x08004bc9   Thumb Code     6  stm32f10x_tim.o(i.TIM_GetCapture3)
    TIM_GetCapture4                          0x08004bcf   Thumb Code     8  stm32f10x_tim.o(i.TIM_GetCapture4)
    TIM_GetITStatus                          0x08004bd7   Thumb Code    34  stm32f10x_tim.o(i.TIM_GetITStatus)
    TIM_ICInit                               0x08004bf9   Thumb Code   150  stm32f10x_tim.o(i.TIM_ICInit)
    TIM_ITConfig                             0x08004ca5   Thumb Code    18  stm32f10x_tim.o(i.TIM_ITConfig)
    TIM_OC1Init                              0x08004cb9   Thumb Code   132  stm32f10x_tim.o(i.TIM_OC1Init)
    TIM_OC1PolarityConfig                    0x08004d51   Thumb Code    18  stm32f10x_tim.o(i.TIM_OC1PolarityConfig)
    TIM_OC1PreloadConfig                     0x08004d63   Thumb Code    18  stm32f10x_tim.o(i.TIM_OC1PreloadConfig)
    TIM_OC2Init                              0x08004d75   Thumb Code   154  stm32f10x_tim.o(i.TIM_OC2Init)
    TIM_OC2PolarityConfig                    0x08004e19   Thumb Code    26  stm32f10x_tim.o(i.TIM_OC2PolarityConfig)
    TIM_OC2PreloadConfig                     0x08004e33   Thumb Code    26  stm32f10x_tim.o(i.TIM_OC2PreloadConfig)
    TIM_OC3Init                              0x08004e4d   Thumb Code   150  stm32f10x_tim.o(i.TIM_OC3Init)
    TIM_OC3PolarityConfig                    0x08004eed   Thumb Code    26  stm32f10x_tim.o(i.TIM_OC3PolarityConfig)
    TIM_OC3PreloadConfig                     0x08004f07   Thumb Code    18  stm32f10x_tim.o(i.TIM_OC3PreloadConfig)
    TIM_OC4Init                              0x08004f19   Thumb Code   114  stm32f10x_tim.o(i.TIM_OC4Init)
    TIM_OC4PolarityConfig                    0x08004f95   Thumb Code    26  stm32f10x_tim.o(i.TIM_OC4PolarityConfig)
    TIM_OC4PreloadConfig                     0x08004faf   Thumb Code    26  stm32f10x_tim.o(i.TIM_OC4PreloadConfig)
    TIM_SetCounter                           0x08004fc9   Thumb Code     4  stm32f10x_tim.o(i.TIM_SetCounter)
    TIM_SetIC1Prescaler                      0x08004fcd   Thumb Code    18  stm32f10x_tim.o(i.TIM_SetIC1Prescaler)
    TIM_SetIC2Prescaler                      0x08004fdf   Thumb Code    26  stm32f10x_tim.o(i.TIM_SetIC2Prescaler)
    TIM_SetIC3Prescaler                      0x08004ff9   Thumb Code    18  stm32f10x_tim.o(i.TIM_SetIC3Prescaler)
    TIM_SetIC4Prescaler                      0x0800500b   Thumb Code    26  stm32f10x_tim.o(i.TIM_SetIC4Prescaler)
    TIM_TimeBaseInit                         0x08005025   Thumb Code   122  stm32f10x_tim.o(i.TIM_TimeBaseInit)
    Task_1000HZ                              0x080050c9   Thumb Code   110  tasks.o(i.Task_1000HZ)
    Task_250HZ                               0x08005151   Thumb Code    18  tasks.o(i.Task_250HZ)
    Task_500HZ                               0x0800516d   Thumb Code    16  tasks.o(i.Task_500HZ)
    Timer3_Init                              0x08005189   Thumb Code    86  timer.o(i.Timer3_Init)
    USART1_IRQHandler                        0x080051ed   Thumb Code    32  usart.o(i.USART1_IRQHandler)
    USART1_Init                              0x08005215   Thumb Code   152  usart.o(i.USART1_Init)
    USART1_printf                            0x080052b5   Thumb Code    82  usart.o(i.USART1_printf)
    USART_Cmd                                0x0800530d   Thumb Code    24  stm32f10x_usart.o(i.USART_Cmd)
    USART_GetFlagStatus                      0x08005325   Thumb Code    26  stm32f10x_usart.o(i.USART_GetFlagStatus)
    USART_GetITStatus                        0x0800533f   Thumb Code    84  stm32f10x_usart.o(i.USART_GetITStatus)
    USART_ITConfig                           0x08005393   Thumb Code    74  stm32f10x_usart.o(i.USART_ITConfig)
    USART_Init                               0x080053dd   Thumb Code   210  stm32f10x_usart.o(i.USART_Init)
    USART_ReceiveData                        0x080054b5   Thumb Code    10  stm32f10x_usart.o(i.USART_ReceiveData)
    USART_SendData                           0x080054bf   Thumb Code     8  stm32f10x_usart.o(i.USART_SendData)
    UsageFault_Handler                       0x080054c7   Thumb Code     4  stm32f10x_it.o(i.UsageFault_Handler)
    __ARM_fpclassify                         0x080054cb   Thumb Code    40  fpclassify.o(i.__ARM_fpclassify)
    __EE_Init                                0x080054f5   Thumb Code   488  eeprom.o(i.__EE_Init)
    __kernel_poly                            0x080056ed   Thumb Code   170  poly.o(i.__kernel_poly)
    __mathlib_dbl_infnan                     0x08005797   Thumb Code     6  dunder.o(i.__mathlib_dbl_infnan)
    __mathlib_dbl_infnan2                    0x0800579d   Thumb Code     4  dunder.o(i.__mathlib_dbl_infnan2)
    __mathlib_dbl_invalid                    0x080057a1   Thumb Code    12  dunder.o(i.__mathlib_dbl_invalid)
    __mathlib_dbl_underflow                  0x080057ad   Thumb Code    10  dunder.o(i.__mathlib_dbl_underflow)
    _is_digit                                0x080057c3   Thumb Code    14  __printf_wp.o(i._is_digit)
    _sys_exit                                0x080057d1   Thumb Code     4  usart.o(i._sys_exit)
    asin                                     0x080057d5   Thumb Code   572  asin.o(i.asin)
    atan                                     0x08005a45   Thumb Code   474  atan.o(i.atan)
    atan2                                    0x08005c65   Thumb Code   346  atan2.o(i.atan2)
    fputc                                    0x08005de5   Thumb Code    24  usart.o(i.fputc)
    invSqrt                                  0x08005e01   Thumb Code    72  maths.o(i.invSqrt)
    main                                     0x08005e4d   Thumb Code    62  main.o(i.main)
    sqrt                                     0x08005e99   Thumb Code    76  sqrt.o(i.sqrt)
    _get_lc_numeric                          0x08005ee5   Thumb Code    44  lc_numeric_c.o(locale$$code)
    _get_lc_ctype                            0x08005f11   Thumb Code    44  lc_ctype_c.o(locale$$code)
    __aeabi_d2f                              0x08005f3d   Thumb Code     0  d2f.o(x$fpl$d2f)
    _d2f                                     0x08005f3d   Thumb Code    98  d2f.o(x$fpl$d2f)
    __aeabi_dadd                             0x08005fa1   Thumb Code     0  daddsub_clz.o(x$fpl$dadd)
    _dadd                                    0x08005fa1   Thumb Code   332  daddsub_clz.o(x$fpl$dadd)
    __fpl_dcheck_NaN1                        0x080060f1   Thumb Code    10  dcheck1.o(x$fpl$dcheck1)
    __aeabi_ddiv                             0x08006101   Thumb Code     0  ddiv.o(x$fpl$ddiv)
    _ddiv                                    0x08006101   Thumb Code   552  ddiv.o(x$fpl$ddiv)
    __aeabi_dmul                             0x080063b1   Thumb Code     0  dmul.o(x$fpl$dmul)
    _dmul                                    0x080063b1   Thumb Code   332  dmul.o(x$fpl$dmul)
    __fpl_dnaninf                            0x08006505   Thumb Code   156  dnaninf.o(x$fpl$dnaninf)
    __fpl_dretinf                            0x080065a1   Thumb Code    12  dretinf.o(x$fpl$dretinf)
    __aeabi_drsub                            0x080065ad   Thumb Code     0  daddsub_clz.o(x$fpl$drsb)
    _drsb                                    0x080065ad   Thumb Code    22  daddsub_clz.o(x$fpl$drsb)
    _dsqrt                                   0x080065c5   Thumb Code   456  dsqrt_noumaal.o(x$fpl$dsqrt)
    __aeabi_dsub                             0x08006791   Thumb Code     0  daddsub_clz.o(x$fpl$dsub)
    _dsub                                    0x08006791   Thumb Code   464  daddsub_clz.o(x$fpl$dsub)
    __aeabi_f2d                              0x08006965   Thumb Code     0  f2d.o(x$fpl$f2d)
    _f2d                                     0x08006965   Thumb Code    86  f2d.o(x$fpl$f2d)
    __aeabi_fadd                             0x080069bd   Thumb Code     0  faddsub_clz.o(x$fpl$fadd)
    _fadd                                    0x080069bd   Thumb Code   196  faddsub_clz.o(x$fpl$fadd)
    __fpl_fcmp_Inf                           0x08006a81   Thumb Code    24  fcmpi.o(x$fpl$fcmpinf)
    __aeabi_fdiv                             0x08006a99   Thumb Code     0  fdiv.o(x$fpl$fdiv)
    _fdiv                                    0x08006a99   Thumb Code   384  fdiv.o(x$fpl$fdiv)
    __aeabi_f2iz                             0x08006c1d   Thumb Code     0  ffix.o(x$fpl$ffix)
    _ffix                                    0x08006c1d   Thumb Code    54  ffix.o(x$fpl$ffix)
    __aeabi_i2f                              0x08006c55   Thumb Code     0  fflt_clz.o(x$fpl$fflt)
    _fflt                                    0x08006c55   Thumb Code    48  fflt_clz.o(x$fpl$fflt)
    __aeabi_ui2f                             0x08006c85   Thumb Code     0  fflt_clz.o(x$fpl$ffltu)
    _ffltu                                   0x08006c85   Thumb Code    38  fflt_clz.o(x$fpl$ffltu)
    __aeabi_cfcmple                          0x08006cad   Thumb Code     0  fleqf.o(x$fpl$fleqf)
    _fcmple                                  0x08006cad   Thumb Code   104  fleqf.o(x$fpl$fleqf)
    __fpl_fcmple_InfNaN                      0x08006cff   Thumb Code     0  fleqf.o(x$fpl$fleqf)
    __aeabi_fmul                             0x08006d15   Thumb Code     0  fmul.o(x$fpl$fmul)
    _fmul                                    0x08006d15   Thumb Code   258  fmul.o(x$fpl$fmul)
    __fpl_fnaninf                            0x08006e17   Thumb Code   140  fnaninf.o(x$fpl$fnaninf)
    __fpl_fretinf                            0x08006ea3   Thumb Code    10  fretinf.o(x$fpl$fretinf)
    __aeabi_cfrcmple                         0x08006ead   Thumb Code     0  frleqf.o(x$fpl$frleqf)
    _frcmple                                 0x08006ead   Thumb Code    98  frleqf.o(x$fpl$frleqf)
    __aeabi_frsub                            0x08006f0f   Thumb Code     0  faddsub_clz.o(x$fpl$frsb)
    _frsb                                    0x08006f0f   Thumb Code    20  faddsub_clz.o(x$fpl$frsb)
    __aeabi_fsub                             0x08006f25   Thumb Code     0  faddsub_clz.o(x$fpl$fsub)
    _fsub                                    0x08006f25   Thumb Code   234  faddsub_clz.o(x$fpl$fsub)
    _printf_fp_dec                           0x0800700f   Thumb Code     4  printf1.o(x$fpl$printf1)
    _printf_fp_hex                           0x08007013   Thumb Code     4  printf2.o(x$fpl$printf2)
    __fpl_return_NaN                         0x08007017   Thumb Code   100  retnan.o(x$fpl$retnan)
    __ARM_scalbn                             0x0800707b   Thumb Code    92  scalbn.o(x$fpl$scalbn)
    __fpl_cmpreturn                          0x080070d7   Thumb Code    48  trapv.o(x$fpl$trapveneer)
    __I$use$fp                               0x08007106   Number         0  usenofp.o(x$fpl$usenofp)
    __mathlib_zero                           0x08007230   Data           8  qnan.o(.constdata)
    Region$$Table$$Base                      0x080072f4   Number         0  anon$$obj.o(Region$$Table)
    Region$$Table$$Limit                     0x08007314   Number         0  anon$$obj.o(Region$$Table)
    __ctype                                  0x0800733d   Data           0  lc_ctype_c.o(locale$$data)
    Count_1ms                                0x20000014   Data           1  stm32f10x_it.o(.data)
    Count_2ms                                0x20000015   Data           1  stm32f10x_it.o(.data)
    Count_4ms                                0x20000016   Data           1  stm32f10x_it.o(.data)
    Bsp_Int_Ok                               0x20000017   Data           1  tasks.o(.data)
    Rc_Lock                                  0x20000018   Data           1  control.o(.data)
    M1_Output                                0x2000001c   Data           4  control.o(.data)
    M2_Output                                0x20000020   Data           4  control.o(.data)
    M3_Output                                0x20000024   Data           4  control.o(.data)
    M4_Output                                0x20000028   Data           4  control.o(.data)
    q0                                       0x20000040   Data           4  imu.o(.data)
    q1                                       0x20000044   Data           4  imu.o(.data)
    q2                                       0x20000048   Data           4  imu.o(.data)
    q3                                       0x2000004c   Data           4  imu.o(.data)
    exInt                                    0x20000050   Data           4  imu.o(.data)
    eyInt                                    0x20000054   Data           4  imu.o(.data)
    ezInt                                    0x20000058   Data           4  imu.o(.data)
    Timer3_Count                             0x2000005c   Data           4  timer.o(.data)
    Timer3_Frequency                         0x20000060   Data           2  timer.o(.data)
    TIM2CH1_CAPTURE_STA                      0x20000062   Data           1  timer.o(.data)
    TIM2CH1_CAPTURE_VAL                      0x20000064   Data           2  timer.o(.data)
    TIM2CH2_CAPTURE_STA                      0x20000066   Data           1  timer.o(.data)
    TIM2CH2_CAPTURE_VAL                      0x20000068   Data           2  timer.o(.data)
    TIM2CH3_CAPTURE_STA                      0x2000006a   Data           1  timer.o(.data)
    TIM2CH3_CAPTURE_VAL                      0x2000006c   Data           2  timer.o(.data)
    TIM2CH4_CAPTURE_STA                      0x2000006e   Data           1  timer.o(.data)
    TIM2CH4_CAPTURE_VAL                      0x20000070   Data           2  timer.o(.data)
    __stdout                                 0x20000074   Data           4  usart.o(.data)
    USART1_RX_STA                            0x20000078   Data           2  usart.o(.data)
    GYRO_Offset                              0x2000007c   Data           1  mpu6050.o(.data)
    ACC_Offset                               0x2000007d   Data           1  mpu6050.o(.data)
    I2C_Erro                                 0x20000080   Data           4  mpu6050.o(.data)
    acc                                      0x200000a2   Data           6  struct_all.o(.data)
    gyro                                     0x200000a8   Data           6  struct_all.o(.data)
    filter_acc                               0x200000ae   Data           6  struct_all.o(.data)
    filter_gyro                              0x200000b4   Data           6  struct_all.o(.data)
    offset_acc                               0x200000ba   Data           6  struct_all.o(.data)
    offset_gyro                              0x200000c0   Data           6  struct_all.o(.data)
    data_x                                   0x200000c6   Data           2  struct_all.o(.data)
    data_y                                   0x200000c8   Data           2  struct_all.o(.data)
    data_z                                   0x200000ca   Data           2  struct_all.o(.data)
    VirtAddVarTab                            0x200000cc   Data          32  struct_all.o(.data)
    DataVar                                  0x200000ec   Data           2  eeprom.o(.data)
    CurWrAddress                             0x200000f0   Data           4  eeprom.o(.data)
    TIM2_ICInitStructure                     0x20000124   Data          10  timer.o(.bss)
    SI_acc                                   0x2000013c   Data          12  struct_all.o(.bss)
    SI_gyro                                  0x20000148   Data          12  struct_all.o(.bss)
    Rc                                       0x20000154   Data          16  struct_all.o(.bss)
    out_angle                                0x20000164   Data          12  struct_all.o(.bss)
    pitch                                    0x20000170   Data          20  struct_all.o(.bss)
    roll                                     0x20000184   Data          20  struct_all.o(.bss)
    gyro_pitch                               0x20000198   Data          20  struct_all.o(.bss)
    gyro_roll                                0x200001ac   Data          20  struct_all.o(.bss)
    gyro_yaw                                 0x200001c0   Data          20  struct_all.o(.bss)
    __libspace_start                         0x200001d4   Data          96  libspace.o(.bss)
    __temporary_stack_top$libspace           0x20000234   Data           0  libspace.o(.bss)



==============================================================================

Memory Map of the image

  Image Entry point : 0x080000ed

  Load Region LR_IROM1 (Base: 0x08000000, Size: 0x00007534, Max: 0x00010000, ABSOLUTE)

    Execution Region ER_IROM1 (Exec base: 0x08000000, Load base: 0x08000000, Size: 0x00007440, Max: 0x00010000, ABSOLUTE)

    Exec Addr    Load Addr    Size         Type   Attr      Idx    E Section Name        Object

    0x08000000   0x08000000   0x000000ec   Data   RO            3    RESET               startup_stm32f10x_md.o
    0x080000ec   0x080000ec   0x00000008   Code   RO         3872  * !!!main             c_w.l(__main.o)
    0x080000f4   0x080000f4   0x00000034   Code   RO         4298    !!!scatter          c_w.l(__scatter.o)
    0x08000128   0x08000128   0x0000001a   Code   RO         4300    !!handler_copy      c_w.l(__scatter_copy.o)
    0x08000142   0x08000142   0x00000002   PAD
    0x08000144   0x08000144   0x0000001c   Code   RO         4302    !!handler_zi        c_w.l(__scatter_zi.o)
    0x08000160   0x08000160   0x00000000   Code   RO         3867    .ARM.Collect$$_printf_percent$$00000000  c_w.l(_printf_percent.o)
    0x08000160   0x08000160   0x00000006   Code   RO         3980    .ARM.Collect$$_printf_percent$$00000001  c_w.l(_printf_n.o)
    0x08000166   0x08000166   0x00000006   Code   RO         3982    .ARM.Collect$$_printf_percent$$00000002  c_w.l(_printf_p.o)
    0x0800016c   0x0800016c   0x00000006   Code   RO         3987    .ARM.Collect$$_printf_percent$$00000003  c_w.l(_printf_f.o)
    0x08000172   0x08000172   0x00000006   Code   RO         3988    .ARM.Collect$$_printf_percent$$00000004  c_w.l(_printf_e.o)
    0x08000178   0x08000178   0x00000006   Code   RO         3989    .ARM.Collect$$_printf_percent$$00000005  c_w.l(_printf_g.o)
    0x0800017e   0x0800017e   0x00000006   Code   RO         3990    .ARM.Collect$$_printf_percent$$00000006  c_w.l(_printf_a.o)
    0x08000184   0x08000184   0x0000000a   Code   RO         3995    .ARM.Collect$$_printf_percent$$00000007  c_w.l(_printf_ll.o)
    0x0800018e   0x0800018e   0x00000006   Code   RO         3984    .ARM.Collect$$_printf_percent$$00000008  c_w.l(_printf_i.o)
    0x08000194   0x08000194   0x00000006   Code   RO         3985    .ARM.Collect$$_printf_percent$$00000009  c_w.l(_printf_d.o)
    0x0800019a   0x0800019a   0x00000006   Code   RO         3986    .ARM.Collect$$_printf_percent$$0000000A  c_w.l(_printf_u.o)
    0x080001a0   0x080001a0   0x00000006   Code   RO         3983    .ARM.Collect$$_printf_percent$$0000000B  c_w.l(_printf_o.o)
    0x080001a6   0x080001a6   0x00000006   Code   RO         3981    .ARM.Collect$$_printf_percent$$0000000C  c_w.l(_printf_x.o)
    0x080001ac   0x080001ac   0x00000006   Code   RO         3992    .ARM.Collect$$_printf_percent$$0000000D  c_w.l(_printf_lli.o)
    0x080001b2   0x080001b2   0x00000006   Code   RO         3993    .ARM.Collect$$_printf_percent$$0000000E  c_w.l(_printf_lld.o)
    0x080001b8   0x080001b8   0x00000006   Code   RO         3994    .ARM.Collect$$_printf_percent$$0000000F  c_w.l(_printf_llu.o)
    0x080001be   0x080001be   0x00000006   Code   RO         3999    .ARM.Collect$$_printf_percent$$00000010  c_w.l(_printf_llo.o)
    0x080001c4   0x080001c4   0x00000006   Code   RO         4000    .ARM.Collect$$_printf_percent$$00000011  c_w.l(_printf_llx.o)
    0x080001ca   0x080001ca   0x0000000a   Code   RO         3996    .ARM.Collect$$_printf_percent$$00000012  c_w.l(_printf_l.o)
    0x080001d4   0x080001d4   0x00000006   Code   RO         3866    .ARM.Collect$$_printf_percent$$00000013  c_w.l(_printf_c.o)
    0x080001da   0x080001da   0x00000006   Code   RO         3979    .ARM.Collect$$_printf_percent$$00000014  c_w.l(_printf_s.o)
    0x080001e0   0x080001e0   0x00000006   Code   RO         3997    .ARM.Collect$$_printf_percent$$00000015  c_w.l(_printf_lc.o)
    0x080001e6   0x080001e6   0x00000006   Code   RO         3998    .ARM.Collect$$_printf_percent$$00000016  c_w.l(_printf_ls.o)
    0x080001ec   0x080001ec   0x00000004   Code   RO         3991    .ARM.Collect$$_printf_percent$$00000017  c_w.l(_printf_percent_end.o)
    0x080001f0   0x080001f0   0x00000002   Code   RO         4163    .ARM.Collect$$libinit$$00000000  c_w.l(libinit.o)
    0x080001f2   0x080001f2   0x00000000   Code   RO         4178    .ARM.Collect$$libinit$$00000002  c_w.l(libinit2.o)
    0x080001f2   0x080001f2   0x00000000   Code   RO         4180    .ARM.Collect$$libinit$$00000004  c_w.l(libinit2.o)
    0x080001f2   0x080001f2   0x00000000   Code   RO         4183    .ARM.Collect$$libinit$$0000000A  c_w.l(libinit2.o)
    0x080001f2   0x080001f2   0x00000000   Code   RO         4185    .ARM.Collect$$libinit$$0000000C  c_w.l(libinit2.o)
    0x080001f2   0x080001f2   0x00000000   Code   RO         4187    .ARM.Collect$$libinit$$0000000E  c_w.l(libinit2.o)
    0x080001f2   0x080001f2   0x00000006   Code   RO         4188    .ARM.Collect$$libinit$$0000000F  c_w.l(libinit2.o)
    0x080001f8   0x080001f8   0x00000000   Code   RO         4190    .ARM.Collect$$libinit$$00000011  c_w.l(libinit2.o)
    0x080001f8   0x080001f8   0x0000000c   Code   RO         4191    .ARM.Collect$$libinit$$00000012  c_w.l(libinit2.o)
    0x08000204   0x08000204   0x00000000   Code   RO         4192    .ARM.Collect$$libinit$$00000013  c_w.l(libinit2.o)
    0x08000204   0x08000204   0x00000000   Code   RO         4194    .ARM.Collect$$libinit$$00000015  c_w.l(libinit2.o)
    0x08000204   0x08000204   0x0000000a   Code   RO         4195    .ARM.Collect$$libinit$$00000016  c_w.l(libinit2.o)
    0x0800020e   0x0800020e   0x00000000   Code   RO         4196    .ARM.Collect$$libinit$$00000017  c_w.l(libinit2.o)
    0x0800020e   0x0800020e   0x00000000   Code   RO         4198    .ARM.Collect$$libinit$$00000019  c_w.l(libinit2.o)
    0x0800020e   0x0800020e   0x00000000   Code   RO         4200    .ARM.Collect$$libinit$$0000001B  c_w.l(libinit2.o)
    0x0800020e   0x0800020e   0x00000000   Code   RO         4202    .ARM.Collect$$libinit$$0000001D  c_w.l(libinit2.o)
    0x0800020e   0x0800020e   0x00000000   Code   RO         4204    .ARM.Collect$$libinit$$0000001F  c_w.l(libinit2.o)
    0x0800020e   0x0800020e   0x00000000   Code   RO         4206    .ARM.Collect$$libinit$$00000021  c_w.l(libinit2.o)
    0x0800020e   0x0800020e   0x00000000   Code   RO         4208    .ARM.Collect$$libinit$$00000023  c_w.l(libinit2.o)
    0x0800020e   0x0800020e   0x00000000   Code   RO         4210    .ARM.Collect$$libinit$$00000025  c_w.l(libinit2.o)
    0x0800020e   0x0800020e   0x00000000   Code   RO         4214    .ARM.Collect$$libinit$$0000002C  c_w.l(libinit2.o)
    0x0800020e   0x0800020e   0x00000000   Code   RO         4216    .ARM.Collect$$libinit$$0000002E  c_w.l(libinit2.o)
    0x0800020e   0x0800020e   0x00000000   Code   RO         4218    .ARM.Collect$$libinit$$00000030  c_w.l(libinit2.o)
    0x0800020e   0x0800020e   0x00000000   Code   RO         4220    .ARM.Collect$$libinit$$00000032  c_w.l(libinit2.o)
    0x0800020e   0x0800020e   0x00000002   Code   RO         4221    .ARM.Collect$$libinit$$00000033  c_w.l(libinit2.o)
    0x08000210   0x08000210   0x00000002   Code   RO         4241    .ARM.Collect$$libshutdown$$00000000  c_w.l(libshutdown.o)
    0x08000212   0x08000212   0x00000000   Code   RO         4252    .ARM.Collect$$libshutdown$$00000003  c_w.l(libshutdown2.o)
    0x08000212   0x08000212   0x00000000   Code   RO         4255    .ARM.Collect$$libshutdown$$00000006  c_w.l(libshutdown2.o)
    0x08000212   0x08000212   0x00000000   Code   RO         4258    .ARM.Collect$$libshutdown$$00000009  c_w.l(libshutdown2.o)
    0x08000212   0x08000212   0x00000000   Code   RO         4260    .ARM.Collect$$libshutdown$$0000000B  c_w.l(libshutdown2.o)
    0x08000212   0x08000212   0x00000000   Code   RO         4263    .ARM.Collect$$libshutdown$$0000000E  c_w.l(libshutdown2.o)
    0x08000212   0x08000212   0x00000002   Code   RO         4264    .ARM.Collect$$libshutdown$$0000000F  c_w.l(libshutdown2.o)
    0x08000214   0x08000214   0x00000000   Code   RO         3926    .ARM.Collect$$rtentry$$00000000  c_w.l(__rtentry.o)
    0x08000214   0x08000214   0x00000000   Code   RO         4070    .ARM.Collect$$rtentry$$00000002  c_w.l(__rtentry2.o)
    0x08000214   0x08000214   0x00000006   Code   RO         4082    .ARM.Collect$$rtentry$$00000004  c_w.l(__rtentry4.o)
    0x0800021a   0x0800021a   0x00000000   Code   RO         4072    .ARM.Collect$$rtentry$$00000009  c_w.l(__rtentry2.o)
    0x0800021a   0x0800021a   0x00000004   Code   RO         4073    .ARM.Collect$$rtentry$$0000000A  c_w.l(__rtentry2.o)
    0x0800021e   0x0800021e   0x00000000   Code   RO         4075    .ARM.Collect$$rtentry$$0000000C  c_w.l(__rtentry2.o)
    0x0800021e   0x0800021e   0x00000008   Code   RO         4076    .ARM.Collect$$rtentry$$0000000D  c_w.l(__rtentry2.o)
    0x08000226   0x08000226   0x00000002   Code   RO         4170    .ARM.Collect$$rtexit$$00000000  c_w.l(rtexit.o)
    0x08000228   0x08000228   0x00000000   Code   RO         4225    .ARM.Collect$$rtexit$$00000002  c_w.l(rtexit2.o)
    0x08000228   0x08000228   0x00000004   Code   RO         4226    .ARM.Collect$$rtexit$$00000003  c_w.l(rtexit2.o)
    0x0800022c   0x0800022c   0x00000006   Code   RO         4227    .ARM.Collect$$rtexit$$00000004  c_w.l(rtexit2.o)
    0x08000232   0x08000232   0x00000002   PAD
    0x08000234   0x08000234   0x00000040   Code   RO            4    .text               startup_stm32f10x_md.o
    0x08000274   0x08000274   0x00000002   Code   RO         3834    .text               c_w.l(use_no_semi_2.o)
    0x08000276   0x08000276   0x00000002   PAD
    0x08000278   0x08000278   0x00000034   Code   RO         3836    .text               c_w.l(vsnprintf.o)
    0x080002ac   0x080002ac   0x00000018   Code   RO         3838    .text               c_w.l(__2printf.o)
    0x080002c4   0x080002c4   0x00000052   Code   RO         3844    .text               c_w.l(_printf_str.o)
    0x08000316   0x08000316   0x00000002   PAD
    0x08000318   0x08000318   0x00000188   Code   RO         3863    .text               c_w.l(__printf_flags_ss_wp.o)
    0x080004a0   0x080004a0   0x0000003e   Code   RO         3868    .text               c_w.l(strlen.o)
    0x080004de   0x080004de   0x00000006   Code   RO         3870    .text               c_w.l(heapauxi.o)
    0x080004e4   0x080004e4   0x00000002   Code   RO         3924    .text               c_w.l(use_no_semi.o)
    0x080004e6   0x080004e6   0x00000016   Code   RO         3927    .text               c_w.l(_rserrno.o)
    0x080004fc   0x080004fc   0x0000004e   Code   RO         3929    .text               c_w.l(_printf_pad.o)
    0x0800054a   0x0800054a   0x00000024   Code   RO         3931    .text               c_w.l(_printf_truncate.o)
    0x0800056e   0x0800056e   0x00000002   PAD
    0x08000570   0x08000570   0x00000078   Code   RO         3933    .text               c_w.l(_printf_dec.o)
    0x080005e8   0x080005e8   0x00000028   Code   RO         3935    .text               c_w.l(_printf_charcount.o)
    0x08000610   0x08000610   0x00000030   Code   RO         3937    .text               c_w.l(_printf_char_common.o)
    0x08000640   0x08000640   0x0000000a   Code   RO         3939    .text               c_w.l(_sputc.o)
    0x0800064a   0x0800064a   0x00000010   Code   RO         3941    .text               c_w.l(_snputc.o)
    0x0800065a   0x0800065a   0x0000002c   Code   RO         3943    .text               c_w.l(_printf_char.o)
    0x08000686   0x08000686   0x00000002   PAD
    0x08000688   0x08000688   0x00000024   Code   RO         3945    .text               c_w.l(_printf_char_file.o)
    0x080006ac   0x080006ac   0x000000bc   Code   RO         3947    .text               c_w.l(_printf_wctomb.o)
    0x08000768   0x08000768   0x0000007c   Code   RO         3950    .text               c_w.l(_printf_longlong_dec.o)
    0x080007e4   0x080007e4   0x00000070   Code   RO         3956    .text               c_w.l(_printf_oct_int_ll.o)
    0x08000854   0x08000854   0x00000094   Code   RO         3976    .text               c_w.l(_printf_hex_int_ll_ptr.o)
    0x080008e8   0x080008e8   0x00000008   Code   RO         4087    .text               c_w.l(rt_errno_addr_intlibspace.o)
    0x080008f0   0x080008f0   0x0000008a   Code   RO         4089    .text               c_w.l(lludiv10.o)
    0x0800097a   0x0800097a   0x000000b2   Code   RO         4091    .text               c_w.l(_printf_intcommon.o)
    0x08000a2c   0x08000a2c   0x0000041a   Code   RO         4093    .text               c_w.l(_printf_fp_dec.o)
    0x08000e46   0x08000e46   0x00000002   PAD
    0x08000e48   0x08000e48   0x000002fc   Code   RO         4095    .text               c_w.l(_printf_fp_hex.o)
    0x08001144   0x08001144   0x0000002c   Code   RO         4100    .text               c_w.l(_printf_wchar.o)
    0x08001170   0x08001170   0x00000008   Code   RO         4102    .text               c_w.l(ferror.o)
    0x08001178   0x08001178   0x00000040   Code   RO         4106    .text               c_w.l(_wcrtomb.o)
    0x080011b8   0x080011b8   0x00000008   Code   RO         4114    .text               c_w.l(libspace.o)
    0x080011c0   0x080011c0   0x0000004a   Code   RO         4117    .text               c_w.l(sys_stackheap_outer.o)
    0x0800120a   0x0800120a   0x00000002   PAD
    0x0800120c   0x0800120c   0x00000010   Code   RO         4119    .text               c_w.l(rt_ctype_table.o)
    0x0800121c   0x0800121c   0x00000008   Code   RO         4124    .text               c_w.l(rt_locale_intlibspace.o)
    0x08001224   0x08001224   0x00000080   Code   RO         4126    .text               c_w.l(_printf_fp_infnan.o)
    0x080012a4   0x080012a4   0x000000dc   Code   RO         4128    .text               c_w.l(bigflt0.o)
    0x08001380   0x08001380   0x0000000c   Code   RO         4156    .text               c_w.l(exit.o)
    0x0800138c   0x0800138c   0x00000080   Code   RO         4175    .text               c_w.l(strcmpv7m.o)
    0x0800140c   0x0800140c   0x0000003e   Code   RO         4131    CL$$btod_d2e        c_w.l(btod.o)
    0x0800144a   0x0800144a   0x00000046   Code   RO         4133    CL$$btod_d2e_denorm_low  c_w.l(btod.o)
    0x08001490   0x08001490   0x00000060   Code   RO         4132    CL$$btod_d2e_norm_op1  c_w.l(btod.o)
    0x080014f0   0x080014f0   0x00000338   Code   RO         4141    CL$$btod_div_common  c_w.l(btod.o)
    0x08001828   0x08001828   0x000000c6   Code   RO         4138    CL$$btod_e2e        c_w.l(btod.o)
    0x080018ee   0x080018ee   0x00000028   Code   RO         4135    CL$$btod_ediv       c_w.l(btod.o)
    0x08001916   0x08001916   0x00000028   Code   RO         4134    CL$$btod_emul       c_w.l(btod.o)
    0x0800193e   0x0800193e   0x00000244   Code   RO         4140    CL$$btod_mult_common  c_w.l(btod.o)
    0x08001b82   0x08001b82   0x00000002   PAD
    0x08001b84   0x08001b84   0x000000b4   Code   RO         3346    i.ACC_IIR_Filter    filter.o
    0x08001c38   0x08001c38   0x0000007c   Code   RO         3235    i.BSP_Init          tasks.o
    0x08001cb4   0x08001cb4   0x00000004   Code   RO         3125    i.BusFault_Handler  stm32f10x_it.o
    0x08001cb8   0x08001cb8   0x00000264   Code   RO         3300    i.Control_Angle     control.o
    0x08001f1c   0x08001f1c   0x000004b8   Code   RO         3301    i.Control_Gyro      control.o
    0x080023d4   0x080023d4   0x00000002   Code   RO         3126    i.DebugMon_Handler  stm32f10x_it.o
    0x080023d6   0x080023d6   0x00000002   PAD
    0x080023d8   0x080023d8   0x0000000c   Code   RO         3561    i.Do_ACC_Offset     mpu6050.o
    0x080023e4   0x080023e4   0x0000000c   Code   RO         3562    i.Do_GYRO_Offset    mpu6050.o
    0x080023f0   0x080023f0   0x00000048   Code   RO         3678    i.EEPROM_INIT       struct_all.o
    0x08002438   0x08002438   0x00000050   Code   RO         3679    i.EEPROM_READ_ACC_OFFSET  struct_all.o
    0x08002488   0x08002488   0x00000050   Code   RO         3680    i.EEPROM_READ_GYRO_OFFSET  struct_all.o
    0x080024d8   0x080024d8   0x00000150   Code   RO         3681    i.EEPROM_READ_PID   struct_all.o
    0x08002628   0x08002628   0x0000013c   Code   RO         3684    i.EEPROM_SAVE_PID   struct_all.o
    0x08002764   0x08002764   0x00000058   Code   RO         3769    i.EE_FindValidPage  eeprom.o
    0x080027bc   0x080027bc   0x0000003c   Code   RO         3770    i.EE_Format         eeprom.o
    0x080027f8   0x080027f8   0x00000010   Code   RO         3771    i.EE_Init           eeprom.o
    0x08002808   0x08002808   0x000000f4   Code   RO         3772    i.EE_PageTransfer   eeprom.o
    0x080028fc   0x080028fc   0x00000060   Code   RO         3773    i.EE_ReadVariable   eeprom.o
    0x0800295c   0x0800295c   0x00000088   Code   RO         3774    i.EE_VerifyPageFullWriteVariable  eeprom.o
    0x080029e4   0x080029e4   0x00000024   Code   RO         3775    i.EE_WriteVariable  eeprom.o
    0x08002a08   0x08002a08   0x0000004c   Code   RO         1622    i.FLASH_ErasePage   stm32f10x_flash.o
    0x08002a54   0x08002a54   0x00000034   Code   RO         1623    i.FLASH_GetBank1Status  stm32f10x_flash.o
    0x08002a88   0x08002a88   0x0000001c   Code   RO         1634    i.FLASH_PrefetchBufferCmd  stm32f10x_flash.o
    0x08002aa4   0x08002aa4   0x00000040   Code   RO         1635    i.FLASH_ProgramHalfWord  stm32f10x_flash.o
    0x08002ae4   0x08002ae4   0x00000018   Code   RO         1639    i.FLASH_SetLatency  stm32f10x_flash.o
    0x08002afc   0x08002afc   0x00000018   Code   RO         1640    i.FLASH_Unlock      stm32f10x_flash.o
    0x08002b14   0x08002b14   0x00000026   Code   RO         1644    i.FLASH_WaitForLastOperation  stm32f10x_flash.o
    0x08002b3a   0x08002b3a   0x00000116   Code   RO          149    i.GPIO_Init         stm32f10x_gpio.o
    0x08002c50   0x08002c50   0x00000004   Code   RO          156    i.GPIO_ResetBits    stm32f10x_gpio.o
    0x08002c54   0x08002c54   0x00000118   Code   RO         3400    i.Get_Eulerian_Angle  imu.o
    0x08002d6c   0x08002d6c   0x00000044   Code   RO         3377    i.Get_Radian        maths.o
    0x08002db0   0x08002db0   0x000000ac   Code   RO         3348    i.Gyro_Filter       filter.o
    0x08002e5c   0x08002e5c   0x00000004   Code   RO         3127    i.HardFault_Handler  stm32f10x_it.o
    0x08002e60   0x08002e60   0x00000048   Code   RO         3563    i.I2C_ACK           mpu6050.o
    0x08002ea8   0x08002ea8   0x00000048   Code   RO         3564    i.I2C_MPU6050_Init  mpu6050.o
    0x08002ef0   0x08002ef0   0x00000044   Code   RO         3565    i.I2C_NACK          mpu6050.o
    0x08002f34   0x08002f34   0x0000006c   Code   RO         3566    i.I2C_ReadByte      mpu6050.o
    0x08002fa0   0x08002fa0   0x0000007c   Code   RO         3567    i.I2C_Start         mpu6050.o
    0x0800301c   0x0800301c   0x00000044   Code   RO         3568    i.I2C_Stop          mpu6050.o
    0x08003060   0x08003060   0x00000064   Code   RO         3569    i.I2C_WaitAck       mpu6050.o
    0x080030c4   0x080030c4   0x00000070   Code   RO         3570    i.I2C_WriteByte     mpu6050.o
    0x08003134   0x08003134   0x0000000a   Code   RO         3571    i.I2C_delay         mpu6050.o
    0x0800313e   0x0800313e   0x00000002   PAD
    0x08003140   0x08003140   0x00000404   Code   RO         3401    i.IMUupdate         imu.o
    0x08003544   0x08003544   0x00000064   Code   RO         3776    i.InitCurrWrAddress  eeprom.o
    0x080035a8   0x080035a8   0x000000ac   Code   RO         3572    i.MPU6050_Compose   mpu6050.o
    0x08003654   0x08003654   0x000000cc   Code   RO         3573    i.MPU6050_Init      mpu6050.o
    0x08003720   0x08003720   0x000001ac   Code   RO         3574    i.MPU6050_Offset    mpu6050.o
    0x080038cc   0x080038cc   0x0000006c   Code   RO         3576    i.MPU6050_SequenceRead  mpu6050.o
    0x08003938   0x08003938   0x00000080   Code   RO         3577    i.MPU6050_SingleRead  mpu6050.o
    0x080039b8   0x080039b8   0x00000004   Code   RO         3128    i.MemManage_Handler  stm32f10x_it.o
    0x080039bc   0x080039bc   0x000000f4   Code   RO         3445    i.Motor_Out         pwm.o
    0x08003ab0   0x08003ab0   0x00000002   Code   RO         3129    i.NMI_Handler       stm32f10x_it.o
    0x08003ab2   0x08003ab2   0x00000002   PAD
    0x08003ab4   0x08003ab4   0x00000070   Code   RO           24    i.NVIC_Init         misc.o
    0x08003b24   0x08003b24   0x00000014   Code   RO           25    i.NVIC_PriorityGroupConfig  misc.o
    0x08003b38   0x08003b38   0x00000028   Code   RO         3236    i.Nvic_Init         tasks.o
    0x08003b60   0x08003b60   0x0000007c   Code   RO         3685    i.PID_Reset         struct_all.o
    0x08003bdc   0x08003bdc   0x00000002   Code   RO         3130    i.PendSV_Handler    stm32f10x_it.o
    0x08003bde   0x08003bde   0x00000002   PAD
    0x08003be0   0x08003be0   0x00000020   Code   RO          259    i.RCC_APB1PeriphClockCmd  stm32f10x_rcc.o
    0x08003c00   0x08003c00   0x00000020   Code   RO          260    i.RCC_APB1PeriphResetCmd  stm32f10x_rcc.o
    0x08003c20   0x08003c20   0x00000020   Code   RO          261    i.RCC_APB2PeriphClockCmd  stm32f10x_rcc.o
    0x08003c40   0x08003c40   0x00000020   Code   RO          262    i.RCC_APB2PeriphResetCmd  stm32f10x_rcc.o
    0x08003c60   0x08003c60   0x00000064   Code   RO         3752    i.RCC_Configuration  sys.o
    0x08003cc4   0x08003cc4   0x0000004c   Code   RO          268    i.RCC_DeInit        stm32f10x_rcc.o
    0x08003d10   0x08003d10   0x000000d4   Code   RO          269    i.RCC_GetClocksFreq  stm32f10x_rcc.o
    0x08003de4   0x08003de4   0x0000003c   Code   RO          270    i.RCC_GetFlagStatus  stm32f10x_rcc.o
    0x08003e20   0x08003e20   0x00000010   Code   RO          272    i.RCC_GetSYSCLKSource  stm32f10x_rcc.o
    0x08003e30   0x08003e30   0x00000018   Code   RO          273    i.RCC_HCLKConfig    stm32f10x_rcc.o
    0x08003e48   0x08003e48   0x0000004c   Code   RO          274    i.RCC_HSEConfig     stm32f10x_rcc.o
    0x08003e94   0x08003e94   0x00000018   Code   RO          280    i.RCC_PCLK1Config   stm32f10x_rcc.o
    0x08003eac   0x08003eac   0x00000018   Code   RO          281    i.RCC_PCLK2Config   stm32f10x_rcc.o
    0x08003ec4   0x08003ec4   0x0000000c   Code   RO          282    i.RCC_PLLCmd        stm32f10x_rcc.o
    0x08003ed0   0x08003ed0   0x0000001c   Code   RO          283    i.RCC_PLLConfig     stm32f10x_rcc.o
    0x08003eec   0x08003eec   0x00000018   Code   RO          286    i.RCC_SYSCLKConfig  stm32f10x_rcc.o
    0x08003f04   0x08003f04   0x00000038   Code   RO          288    i.RCC_WaitForHSEStartUp  stm32f10x_rcc.o
    0x08003f3c   0x08003f3c   0x00000110   Code   RO         3463    i.Rc_Recive         rc.o
    0x0800404c   0x0800404c   0x00000002   Code   RO         3131    i.SVC_Handler       stm32f10x_it.o
    0x0800404e   0x0800404e   0x00000008   Code   RO         3201    i.SetSysClock       system_stm32f10x.o
    0x08004056   0x08004056   0x00000002   PAD
    0x08004058   0x08004058   0x000000e0   Code   RO         3202    i.SetSysClockTo72   system_stm32f10x.o
    0x08004138   0x08004138   0x0000004c   Code   RO         3578    i.Single_ReadI2C    mpu6050.o
    0x08004184   0x08004184   0x00000040   Code   RO         3579    i.Single_WriteI2C   mpu6050.o
    0x080041c4   0x080041c4   0x00000002   Code   RO         3132    i.SysTick_Handler   stm32f10x_it.o
    0x080041c6   0x080041c6   0x00000002   PAD
    0x080041c8   0x080041c8   0x00000060   Code   RO         3204    i.SystemInit        system_stm32f10x.o
    0x08004228   0x08004228   0x00000080   Code   RO          865    i.TI1_Config        stm32f10x_tim.o
    0x080042a8   0x080042a8   0x00000098   Code   RO          866    i.TI2_Config        stm32f10x_tim.o
    0x08004340   0x08004340   0x00000090   Code   RO          867    i.TI3_Config        stm32f10x_tim.o
    0x080043d0   0x080043d0   0x00000098   Code   RO          868    i.TI4_Config        stm32f10x_tim.o
    0x08004468   0x08004468   0x00000120   Code   RO         3482    i.TIM2_Cap_Init     timer.o
    0x08004588   0x08004588   0x000002f4   Code   RO         3483    i.TIM2_IRQHandler   timer.o
    0x0800487c   0x0800487c   0x00000060   Code   RO         3133    i.TIM3_IRQHandler   stm32f10x_it.o
    0x080048dc   0x080048dc   0x000000bc   Code   RO         3446    i.TIM4_PWM_Init     pwm.o
    0x08004998   0x08004998   0x00000018   Code   RO          869    i.TIM_ARRPreloadConfig  stm32f10x_tim.o
    0x080049b0   0x080049b0   0x00000006   Code   RO          875    i.TIM_ClearFlag     stm32f10x_tim.o
    0x080049b6   0x080049b6   0x00000006   Code   RO          876    i.TIM_ClearITPendingBit  stm32f10x_tim.o
    0x080049bc   0x080049bc   0x00000018   Code   RO          881    i.TIM_Cmd           stm32f10x_tim.o
    0x080049d4   0x080049d4   0x000001e8   Code   RO          886    i.TIM_DeInit        stm32f10x_tim.o
    0x08004bbc   0x08004bbc   0x00000006   Code   RO          896    i.TIM_GetCapture1   stm32f10x_tim.o
    0x08004bc2   0x08004bc2   0x00000006   Code   RO          897    i.TIM_GetCapture2   stm32f10x_tim.o
    0x08004bc8   0x08004bc8   0x00000006   Code   RO          898    i.TIM_GetCapture3   stm32f10x_tim.o
    0x08004bce   0x08004bce   0x00000008   Code   RO          899    i.TIM_GetCapture4   stm32f10x_tim.o
    0x08004bd6   0x08004bd6   0x00000022   Code   RO          902    i.TIM_GetITStatus   stm32f10x_tim.o
    0x08004bf8   0x08004bf8   0x000000ac   Code   RO          904    i.TIM_ICInit        stm32f10x_tim.o
    0x08004ca4   0x08004ca4   0x00000012   Code   RO          906    i.TIM_ITConfig      stm32f10x_tim.o
    0x08004cb6   0x08004cb6   0x00000002   PAD
    0x08004cb8   0x08004cb8   0x00000098   Code   RO          910    i.TIM_OC1Init       stm32f10x_tim.o
    0x08004d50   0x08004d50   0x00000012   Code   RO          912    i.TIM_OC1PolarityConfig  stm32f10x_tim.o
    0x08004d62   0x08004d62   0x00000012   Code   RO          913    i.TIM_OC1PreloadConfig  stm32f10x_tim.o
    0x08004d74   0x08004d74   0x000000a4   Code   RO          915    i.TIM_OC2Init       stm32f10x_tim.o
    0x08004e18   0x08004e18   0x0000001a   Code   RO          917    i.TIM_OC2PolarityConfig  stm32f10x_tim.o
    0x08004e32   0x08004e32   0x0000001a   Code   RO          918    i.TIM_OC2PreloadConfig  stm32f10x_tim.o
    0x08004e4c   0x08004e4c   0x000000a0   Code   RO          920    i.TIM_OC3Init       stm32f10x_tim.o
    0x08004eec   0x08004eec   0x0000001a   Code   RO          922    i.TIM_OC3PolarityConfig  stm32f10x_tim.o
    0x08004f06   0x08004f06   0x00000012   Code   RO          923    i.TIM_OC3PreloadConfig  stm32f10x_tim.o
    0x08004f18   0x08004f18   0x0000007c   Code   RO          925    i.TIM_OC4Init       stm32f10x_tim.o
    0x08004f94   0x08004f94   0x0000001a   Code   RO          926    i.TIM_OC4PolarityConfig  stm32f10x_tim.o
    0x08004fae   0x08004fae   0x0000001a   Code   RO          927    i.TIM_OC4PreloadConfig  stm32f10x_tim.o
    0x08004fc8   0x08004fc8   0x00000004   Code   RO          946    i.TIM_SetCounter    stm32f10x_tim.o
    0x08004fcc   0x08004fcc   0x00000012   Code   RO          947    i.TIM_SetIC1Prescaler  stm32f10x_tim.o
    0x08004fde   0x08004fde   0x0000001a   Code   RO          948    i.TIM_SetIC2Prescaler  stm32f10x_tim.o
    0x08004ff8   0x08004ff8   0x00000012   Code   RO          949    i.TIM_SetIC3Prescaler  stm32f10x_tim.o
    0x0800500a   0x0800500a   0x0000001a   Code   RO          950    i.TIM_SetIC4Prescaler  stm32f10x_tim.o
    0x08005024   0x08005024   0x000000a4   Code   RO          952    i.TIM_TimeBaseInit  stm32f10x_tim.o
    0x080050c8   0x080050c8   0x00000088   Code   RO         3237    i.Task_1000HZ       tasks.o
    0x08005150   0x08005150   0x0000001c   Code   RO         3238    i.Task_250HZ        tasks.o
    0x0800516c   0x0800516c   0x0000001c   Code   RO         3239    i.Task_500HZ        tasks.o
    0x08005188   0x08005188   0x00000064   Code   RO         3484    i.Timer3_Init       timer.o
    0x080051ec   0x080051ec   0x00000028   Code   RO         3514    i.USART1_IRQHandler  usart.o
    0x08005214   0x08005214   0x000000a0   Code   RO         3515    i.USART1_Init       usart.o
    0x080052b4   0x080052b4   0x00000058   Code   RO         3516    i.USART1_printf     usart.o
    0x0800530c   0x0800530c   0x00000018   Code   RO          461    i.USART_Cmd         stm32f10x_usart.o
    0x08005324   0x08005324   0x0000001a   Code   RO          464    i.USART_GetFlagStatus  stm32f10x_usart.o
    0x0800533e   0x0800533e   0x00000054   Code   RO          465    i.USART_GetITStatus  stm32f10x_usart.o
    0x08005392   0x08005392   0x0000004a   Code   RO          467    i.USART_ITConfig    stm32f10x_usart.o
    0x080053dc   0x080053dc   0x000000d8   Code   RO          468    i.USART_Init        stm32f10x_usart.o
    0x080054b4   0x080054b4   0x0000000a   Code   RO          475    i.USART_ReceiveData  stm32f10x_usart.o
    0x080054be   0x080054be   0x00000008   Code   RO          478    i.USART_SendData    stm32f10x_usart.o
    0x080054c6   0x080054c6   0x00000004   Code   RO         3134    i.UsageFault_Handler  stm32f10x_it.o
    0x080054ca   0x080054ca   0x00000028   Code   RO         4056    i.__ARM_fpclassify  m_ws.l(fpclassify.o)
    0x080054f2   0x080054f2   0x00000002   PAD
    0x080054f4   0x080054f4   0x000001f8   Code   RO         3777    i.__EE_Init         eeprom.o
    0x080056ec   0x080056ec   0x000000aa   Code   RO         4058    i.__kernel_poly     m_ws.l(poly.o)
    0x08005796   0x08005796   0x00000006   Code   RO         4043    i.__mathlib_dbl_infnan  m_ws.l(dunder.o)
    0x0800579c   0x0800579c   0x00000004   Code   RO         4044    i.__mathlib_dbl_infnan2  m_ws.l(dunder.o)
    0x080057a0   0x080057a0   0x0000000c   Code   RO         4045    i.__mathlib_dbl_invalid  m_ws.l(dunder.o)
    0x080057ac   0x080057ac   0x00000010   Code   RO         4048    i.__mathlib_dbl_underflow  m_ws.l(dunder.o)
    0x080057bc   0x080057bc   0x00000006   Code   RO         3686    i.__set_PRIMASK     struct_all.o
    0x080057c2   0x080057c2   0x0000000e   Code   RO         3856    i._is_digit         c_w.l(__printf_wp.o)
    0x080057d0   0x080057d0   0x00000004   Code   RO         3517    i._sys_exit         usart.o
    0x080057d4   0x080057d4   0x00000270   Code   RO         3907    i.asin              m_ws.l(asin.o)
    0x08005a44   0x08005a44   0x00000220   Code   RO         4033    i.atan              m_ws.l(atan.o)
    0x08005c64   0x08005c64   0x00000180   Code   RO         3917    i.atan2             m_ws.l(atan2.o)
    0x08005de4   0x08005de4   0x0000001c   Code   RO         3518    i.fputc             usart.o
    0x08005e00   0x08005e00   0x0000004c   Code   RO         3378    i.invSqrt           maths.o
    0x08005e4c   0x08005e4c   0x0000004c   Code   RO         3074    i.main              main.o
    0x08005e98   0x08005e98   0x0000004c   Code   RO         4062    i.sqrt              m_ws.l(sqrt.o)
    0x08005ee4   0x08005ee4   0x0000002c   Code   RO         4154    locale$$code        c_w.l(lc_numeric_c.o)
    0x08005f10   0x08005f10   0x0000002c   Code   RO         4173    locale$$code        c_w.l(lc_ctype_c.o)
    0x08005f3c   0x08005f3c   0x00000062   Code   RO         3874    x$fpl$d2f           fz_ws.l(d2f.o)
    0x08005f9e   0x08005f9e   0x00000002   PAD
    0x08005fa0   0x08005fa0   0x00000150   Code   RO         4001    x$fpl$dadd          fz_ws.l(daddsub_clz.o)
    0x080060f0   0x080060f0   0x00000010   Code   RO         4108    x$fpl$dcheck1       fz_ws.l(dcheck1.o)
    0x08006100   0x08006100   0x000002b0   Code   RO         4008    x$fpl$ddiv          fz_ws.l(ddiv.o)
    0x080063b0   0x080063b0   0x00000154   Code   RO         3876    x$fpl$dmul          fz_ws.l(dmul.o)
    0x08006504   0x08006504   0x0000009c   Code   RO         4011    x$fpl$dnaninf       fz_ws.l(dnaninf.o)
    0x080065a0   0x080065a0   0x0000000c   Code   RO         4013    x$fpl$dretinf       fz_ws.l(dretinf.o)
    0x080065ac   0x080065ac   0x00000016   Code   RO         4002    x$fpl$drsb          fz_ws.l(daddsub_clz.o)
    0x080065c2   0x080065c2   0x00000002   PAD
    0x080065c4   0x080065c4   0x000001cc   Code   RO         4112    x$fpl$dsqrt         fz_ws.l(dsqrt_noumaal.o)
    0x08006790   0x08006790   0x000001d4   Code   RO         4003    x$fpl$dsub          fz_ws.l(daddsub_clz.o)
    0x08006964   0x08006964   0x00000056   Code   RO         3878    x$fpl$f2d           fz_ws.l(f2d.o)
    0x080069ba   0x080069ba   0x00000002   PAD
    0x080069bc   0x080069bc   0x000000c4   Code   RO         3880    x$fpl$fadd          fz_ws.l(faddsub_clz.o)
    0x08006a80   0x08006a80   0x00000018   Code   RO         4015    x$fpl$fcmpinf       fz_ws.l(fcmpi.o)
    0x08006a98   0x08006a98   0x00000184   Code   RO         3887    x$fpl$fdiv          fz_ws.l(fdiv.o)
    0x08006c1c   0x08006c1c   0x00000036   Code   RO         3890    x$fpl$ffix          fz_ws.l(ffix.o)
    0x08006c52   0x08006c52   0x00000002   PAD
    0x08006c54   0x08006c54   0x00000030   Code   RO         3895    x$fpl$fflt          fz_ws.l(fflt_clz.o)
    0x08006c84   0x08006c84   0x00000026   Code   RO         3894    x$fpl$ffltu         fz_ws.l(fflt_clz.o)
    0x08006caa   0x08006caa   0x00000002   PAD
    0x08006cac   0x08006cac   0x00000068   Code   RO         3900    x$fpl$fleqf         fz_ws.l(fleqf.o)
    0x08006d14   0x08006d14   0x00000102   Code   RO         3902    x$fpl$fmul          fz_ws.l(fmul.o)
    0x08006e16   0x08006e16   0x0000008c   Code   RO         4017    x$fpl$fnaninf       fz_ws.l(fnaninf.o)
    0x08006ea2   0x08006ea2   0x0000000a   Code   RO         4019    x$fpl$fretinf       fz_ws.l(fretinf.o)
    0x08006eac   0x08006eac   0x00000062   Code   RO         3904    x$fpl$frleqf        fz_ws.l(frleqf.o)
    0x08006f0e   0x08006f0e   0x00000014   Code   RO         3881    x$fpl$frsb          fz_ws.l(faddsub_clz.o)
    0x08006f22   0x08006f22   0x00000002   PAD
    0x08006f24   0x08006f24   0x000000ea   Code   RO         3882    x$fpl$fsub          fz_ws.l(faddsub_clz.o)
    0x0800700e   0x0800700e   0x00000004   Code   RO         4021    x$fpl$printf1       fz_ws.l(printf1.o)
    0x08007012   0x08007012   0x00000004   Code   RO         4023    x$fpl$printf2       fz_ws.l(printf2.o)
    0x08007016   0x08007016   0x00000064   Code   RO         4168    x$fpl$retnan        fz_ws.l(retnan.o)
    0x0800707a   0x0800707a   0x0000005c   Code   RO         4029    x$fpl$scalbn        fz_ws.l(scalbn.o)
    0x080070d6   0x080070d6   0x00000030   Code   RO         4222    x$fpl$trapveneer    fz_ws.l(trapv.o)
    0x08007106   0x08007106   0x00000000   Code   RO         4031    x$fpl$usenofp       fz_ws.l(usenofp.o)
    0x08007106   0x08007106   0x00000011   Data   RO         3864    .constdata          c_w.l(__printf_flags_ss_wp.o)
    0x08007117   0x08007117   0x00000001   PAD
    0x08007118   0x08007118   0x00000050   Data   RO         3908    .constdata          m_ws.l(asin.o)
    0x08007168   0x08007168   0x00000008   Data   RO         3948    .constdata          c_w.l(_printf_wctomb.o)
    0x08007170   0x08007170   0x00000028   Data   RO         3977    .constdata          c_w.l(_printf_hex_int_ll_ptr.o)
    0x08007198   0x08007198   0x00000098   Data   RO         4034    .constdata          m_ws.l(atan.o)
    0x08007230   0x08007230   0x00000008   Data   RO         4060    .constdata          m_ws.l(qnan.o)
    0x08007238   0x08007238   0x00000026   Data   RO         4096    .constdata          c_w.l(_printf_fp_hex.o)
    0x0800725e   0x0800725e   0x00000002   PAD
    0x08007260   0x08007260   0x00000094   Data   RO         4129    .constdata          c_w.l(bigflt0.o)
    0x080072f4   0x080072f4   0x00000020   Data   RO         4296    Region$$Table       anon$$obj.o
    0x08007314   0x08007314   0x0000001c   Data   RO         4153    locale$$data        c_w.l(lc_numeric_c.o)
    0x08007330   0x08007330   0x00000110   Data   RO         4172    locale$$data        c_w.l(lc_ctype_c.o)


    Execution Region RW_IRAM1 (Exec base: 0x20000000, Load base: 0x08007440, Size: 0x00000838, Max: 0x00005000, ABSOLUTE)

    Exec Addr    Load Addr    Size         Type   Attr      Idx    E Section Name        Object

    0x20000000   0x08007440   0x00000014   Data   RW          289    .data               stm32f10x_rcc.o
    0x20000014   0x08007454   0x00000003   Data   RW         3135    .data               stm32f10x_it.o
    0x20000017   0x08007457   0x00000001   Data   RW         3240    .data               tasks.o
    0x20000018   0x08007458   0x00000014   Data   RW         3306    .data               control.o
    0x2000002c   0x0800746c   0x00000011   Data   RW         3349    .data               filter.o
    0x2000003d   0x0800747d   0x00000003   PAD
    0x20000040   0x08007480   0x0000001c   Data   RW         3402    .data               imu.o
    0x2000005c   0x0800749c   0x00000016   Data   RW         3486    .data               timer.o
    0x20000072   0x080074b2   0x00000002   PAD
    0x20000074   0x080074b4   0x00000006   Data   RW         3520    .data               usart.o
    0x2000007a   0x080074ba   0x00000002   PAD
    0x2000007c   0x080074bc   0x00000025   Data   RW         3581    .data               mpu6050.o
    0x200000a1   0x080074e1   0x00000001   PAD
    0x200000a2   0x080074e2   0x0000004a   Data   RW         3688    .data               struct_all.o
    0x200000ec   0x0800752c   0x00000008   Data   RW         3778    .data               eeprom.o
    0x200000f4        -       0x00000030   Zero   RW         3305    .bss                control.o
    0x20000124        -       0x0000000a   Zero   RW         3485    .bss                timer.o
    0x2000012e        -       0x0000000e   Zero   RW         3580    .bss                mpu6050.o
    0x2000013c        -       0x00000098   Zero   RW         3687    .bss                struct_all.o
    0x200001d4        -       0x00000060   Zero   RW         4115    .bss                c_w.l(libspace.o)
    0x20000234   0x08007534   0x00000004   PAD
    0x20000238        -       0x00000200   Zero   RW            2    HEAP                startup_stm32f10x_md.o
    0x20000438        -       0x00000400   Zero   RW            1    STACK               startup_stm32f10x_md.o


==============================================================================

Image component sizes


      Code (inc. data)   RO Data    RW Data    ZI Data      Debug   Object Name

      1820        104          0         20         48       2701   control.o
         0          0          0          0          0       4496   core_cm3.o
      1280         80          0          8          0       7490   eeprom.o
       352         22          0         17          0       2055   filter.o
      1308         70          0         28          0       2257   imu.o
        76         14          0          0          0       2317   main.o
       144         10          0          0          0       1467   maths.o
       132         22          0          0          0     255451   misc.o
      1938        214          0         37         14      10052   mpu6050.o
       432         94          0          0          0       1392   pwm.o
       272         38          0          0          0        496   rc.o
        64         26        236          0       1536        864   startup_stm32f10x_md.o
       306         36          0          0          0       4146   stm32f10x_flash.o
       282          0          0          0          0       2681   stm32f10x_gpio.o
       122         26          0          3          0       4504   stm32f10x_it.o
       760        104          0         20          0      12040   stm32f10x_rcc.o
      2414        264          0          0          0      22184   stm32f10x_tim.o
       442          6          0          0          0       6397   stm32f10x_usart.o
      1014        168          0         74        152      20829   struct_all.o
       100          0          0          0          0        540   sys.o
       328         28          0          0          0       2141   system_stm32f10x.o
       356         74          0          1          0       2464   tasks.o
      1144         54          0         22         10       2965   timer.o
       320         26          0          6          0       4580   usart.o

    ----------------------------------------------------------------------
     15420       1480        268        244       1760     376509   Object Totals
         0          0         32          0          0          0   (incl. Generated)
        14          0          0          8          0          0   (incl. Padding)

    ----------------------------------------------------------------------

      Code (inc. data)   RO Data    RW Data    ZI Data      Debug   Library Member Name

        24          4          0          0          0         84   __2printf.o
         8          0          0          0          0         68   __main.o
       392          4         17          0          0         92   __printf_flags_ss_wp.o
        14          0          0          0          0         68   __printf_wp.o
         0          0          0          0          0          0   __rtentry.o
        12          0          0          0          0          0   __rtentry2.o
         6          0          0          0          0          0   __rtentry4.o
        52          8          0          0          0          0   __scatter.o
        26          0          0          0          0          0   __scatter_copy.o
        28          0          0          0          0          0   __scatter_zi.o
         6          0          0          0          0          0   _printf_a.o
         6          0          0          0          0          0   _printf_c.o
        44          0          0          0          0        108   _printf_char.o
        48          6          0          0          0         96   _printf_char_common.o
        36          4          0          0          0         80   _printf_char_file.o
        40          0          0          0          0         68   _printf_charcount.o
         6          0          0          0          0          0   _printf_d.o
       120         16          0          0          0         92   _printf_dec.o
         6          0          0          0          0          0   _printf_e.o
         6          0          0          0          0          0   _printf_f.o
      1050          0          0          0          0        216   _printf_fp_dec.o
       764         10         38          0          0        100   _printf_fp_hex.o
       128         16          0          0          0         84   _printf_fp_infnan.o
         6          0          0          0          0          0   _printf_g.o
       148          4         40          0          0        160   _printf_hex_int_ll_ptr.o
         6          0          0          0          0          0   _printf_i.o
       178          0          0          0          0         88   _printf_intcommon.o
        10          0          0          0          0          0   _printf_l.o
         6          0          0          0          0          0   _printf_lc.o
        10          0          0          0          0          0   _printf_ll.o
         6          0          0          0          0          0   _printf_lld.o
         6          0          0          0          0          0   _printf_lli.o
         6          0          0          0          0          0   _printf_llo.o
         6          0          0          0          0          0   _printf_llu.o
         6          0          0          0          0          0   _printf_llx.o
       124         16          0          0          0         92   _printf_longlong_dec.o
         6          0          0          0          0          0   _printf_ls.o
         6          0          0          0          0          0   _printf_n.o
         6          0          0          0          0          0   _printf_o.o
       112          8          0          0          0        124   _printf_oct_int_ll.o
         6          0          0          0          0          0   _printf_p.o
        78          0          0          0          0        108   _printf_pad.o
         0          0          0          0          0          0   _printf_percent.o
         4          0          0          0          0          0   _printf_percent_end.o
         6          0          0          0          0          0   _printf_s.o
        82          0          0          0          0         80   _printf_str.o
        36          0          0          0          0         84   _printf_truncate.o
         6          0          0          0          0          0   _printf_u.o
        44          0          0          0          0        108   _printf_wchar.o
       188          6          8          0          0         92   _printf_wctomb.o
         6          0          0          0          0          0   _printf_x.o
        22          0          0          0          0        100   _rserrno.o
        16          0          0          0          0         68   _snputc.o
        10          0          0          0          0         68   _sputc.o
        64          0          0          0          0         92   _wcrtomb.o
       220          4        148          0          0         96   bigflt0.o
      1910        128          0          0          0        672   btod.o
        12          0          0          0          0         72   exit.o
         8          0          0          0          0         68   ferror.o
         6          0          0          0          0        152   heapauxi.o
        44         10        272          0          0         76   lc_ctype_c.o
        44         10         28          0          0         76   lc_numeric_c.o
         2          0          0          0          0          0   libinit.o
        30          0          0          0          0          0   libinit2.o
         2          0          0          0          0          0   libshutdown.o
         2          0          0          0          0          0   libshutdown2.o
         8          4          0          0         96         68   libspace.o
       138          0          0          0          0         80   lludiv10.o
        16          4          0          0          0         76   rt_ctype_table.o
         8          4          0          0          0         68   rt_errno_addr_intlibspace.o
         8          4          0          0          0         68   rt_locale_intlibspace.o
         2          0          0          0          0          0   rtexit.o
        10          0          0          0          0          0   rtexit2.o
       128          0          0          0          0         68   strcmpv7m.o
        62          0          0          0          0         76   strlen.o
        74          0          0          0          0         80   sys_stackheap_outer.o
         2          0          0          0          0         68   use_no_semi.o
         2          0          0          0          0         68   use_no_semi_2.o
        52          4          0          0          0         80   vsnprintf.o
        98          4          0          0          0         92   d2f.o
       826         16          0          0          0        348   daddsub_clz.o
        16          4          0          0          0         68   dcheck1.o
       688        140          0          0          0        208   ddiv.o
       340         12          0          0          0        104   dmul.o
       156          4          0          0          0         92   dnaninf.o
        12          0          0          0          0         68   dretinf.o
       460         56          0          0          0        120   dsqrt_noumaal.o
        86          4          0          0          0         84   f2d.o
       450          8          0          0          0        236   faddsub_clz.o
        24          0          0          0          0         68   fcmpi.o
       388         76          0          0          0         96   fdiv.o
        54          4          0          0          0         84   ffix.o
        86          0          0          0          0        136   fflt_clz.o
       104          4          0          0          0         84   fleqf.o
       258          4          0          0          0         84   fmul.o
       140          4          0          0          0         84   fnaninf.o
        10          0          0          0          0         68   fretinf.o
        98          0          0          0          0         68   frleqf.o
         4          0          0          0          0         68   printf1.o
         4          0          0          0          0         68   printf2.o
       100          0          0          0          0         68   retnan.o
        92          0          0          0          0         68   scalbn.o
        48          0          0          0          0         68   trapv.o
         0          0          0          0          0          0   usenofp.o
       624         52         80          0          0        168   asin.o
       544         70        152          0          0        124   atan.o
       384         38          0          0          0        144   atan2.o
        38          6          0          0          0        272   dunder.o
        40          0          0          0          0         68   fpclassify.o
       170          0          0          0          0         96   poly.o
         0          0          8          0          0          0   qnan.o
        76          0          0          0          0         84   sqrt.o

    ----------------------------------------------------------------------
     13278        780        794          0        100       7920   Library Totals
        32          0          3          0          4          0   (incl. Padding)

    ----------------------------------------------------------------------

      Code (inc. data)   RO Data    RW Data    ZI Data      Debug   Library Name

      6828        274        551          0         96       4432   c_w.l
      4542        340          0          0          0       2532   fz_ws.l
      1876        166        240          0          0        956   m_ws.l

    ----------------------------------------------------------------------
     13278        780        794          0        100       7920   Library Totals

    ----------------------------------------------------------------------

==============================================================================


      Code (inc. data)   RO Data    RW Data    ZI Data      Debug   

     28698       2260       1062        244       1860     372881   Grand Totals
     28698       2260       1062        244       1860     372881   ELF Image Totals
     28698       2260       1062        244          0          0   ROM Totals

==============================================================================

    Total RO  Size (Code + RO Data)                29760 (  29.06kB)
    Total RW  Size (RW Data + ZI Data)              2104 (   2.05kB)
    Total ROM Size (Code + RO Data + RW Data)      30004 (  29.30kB)

==============================================================================

